[0.009s] Invoking command in '/home/yuha/V2X-ball-bot/build/v2x_ball_bot_bringup': CMAKE_PREFIX_PATH=${CMAKE_PREFIX_PATH}:/opt/ros/humble /usr/bin/cmake /home/yuha/V2X-ball-bot/v2x_ball_bot_bringup -DAMENT_CMAKE_SYMLINK_INSTALL=1 -DCMAKE_INSTALL_PREFIX=/home/yuha/V2X-ball-bot/install/v2x_ball_bot_bringup
[0.111s] -- The C compiler identification is GNU 11.4.0
[0.378s] -- The CXX compiler identification is GNU 11.4.0
[0.536s] -- Detecting C compiler ABI info
[0.622s] -- Detecting C compiler ABI info - done
[0.627s] -- Check for working C compiler: /usr/bin/cc - skipped
[0.628s] -- Detecting C compile features
[0.628s] -- Detecting C compile features - done
[0.630s] -- Detecting CXX compiler ABI info
[0.744s] -- Detecting CXX compiler ABI info - done
[0.749s] -- Check for working CXX compiler: /usr/bin/c++ - skipped
[0.749s] -- Detecting CXX compile features
[0.749s] -- Detecting CXX compile features - done
[0.752s] -- Found ament_cmake: 1.3.11 (/opt/ros/humble/share/ament_cmake/cmake)
[0.858s] -- Found Python3: /usr/bin/python3 (found version "3.10.12") found components: Interpreter 
[0.901s] -- Override CMake install command with custom implementation using symlinks instead of copying resources
[0.972s] -- Configuring done
[0.975s] -- Generating done
[0.977s] -- Build files have been written to: /home/yuha/V2X-ball-bot/build/v2x_ball_bot_bringup
[0.981s] Invoked command in '/home/yuha/V2X-ball-bot/build/v2x_ball_bot_bringup' returned '0': CMAKE_PREFIX_PATH=${CMAKE_PREFIX_PATH}:/opt/ros/humble /usr/bin/cmake /home/yuha/V2X-ball-bot/v2x_ball_bot_bringup -DAMENT_CMAKE_SYMLINK_INSTALL=1 -DCMAKE_INSTALL_PREFIX=/home/yuha/V2X-ball-bot/install/v2x_ball_bot_bringup
[0.982s] Invoking command in '/home/yuha/V2X-ball-bot/build/v2x_ball_bot_bringup': CMAKE_PREFIX_PATH=${CMAKE_PREFIX_PATH}:/opt/ros/humble /usr/bin/cmake --build /home/yuha/V2X-ball-bot/build/v2x_ball_bot_bringup -- -j22 -l22
[1.011s] Invoked command in '/home/yuha/V2X-ball-bot/build/v2x_ball_bot_bringup' returned '0': CMAKE_PREFIX_PATH=${CMAKE_PREFIX_PATH}:/opt/ros/humble /usr/bin/cmake --build /home/yuha/V2X-ball-bot/build/v2x_ball_bot_bringup -- -j22 -l22
[1.019s] Invoking command in '/home/yuha/V2X-ball-bot/build/v2x_ball_bot_bringup': CMAKE_PREFIX_PATH=${CMAKE_PREFIX_PATH}:/opt/ros/humble /usr/bin/cmake --install /home/yuha/V2X-ball-bot/build/v2x_ball_bot_bringup
[1.024s] -- Install configuration: ""
[1.024s] -- Execute custom install script
[1.025s] [33mCMake Warning (dev) at ament_cmake_symlink_install/ament_cmake_symlink_install.cmake:62 (file):
[1.025s]   Policy CMP0009 is not set: FILE GLOB_RECURSE calls should not follow
[1.025s]   symlinks by default.  Run "cmake --help-policy CMP0009" for policy details.
[1.025s]   Use the cmake_policy command to set the policy and suppress this warning.
[1.025s] Call Stack (most recent call first):
[1.025s]   ament_cmake_symlink_install/ament_cmake_symlink_install.cmake:314 (ament_cmake_symlink_install_directory)
[1.025s]   cmake_install.cmake:46 (include)
[1.025s] This warning is for project developers.  Use -Wno-dev to suppress it.
[1.025s] [0m
[1.025s] -- Symlinking: /home/yuha/V2X-ball-bot/install/v2x_ball_bot_bringup/share/v2x_ball_bot_bringup/launch/ball_perception.launch.py
[1.031s] -- Symlinking: /home/yuha/V2X-ball-bot/install/v2x_ball_bot_bringup/share/v2x_ball_bot_bringup/launch/bringup_min.launch.py
[1.037s] -- Symlinking: /home/yuha/V2X-ball-bot/install/v2x_ball_bot_bringup/share/v2x_ball_bot_bringup/launch/build/.built_by
[1.046s] -- Symlinking: /home/yuha/V2X-ball-bot/install/v2x_ball_bot_bringup/share/v2x_ball_bot_bringup/launch/build/COLCON_IGNORE
[1.052s] -- Symlinking: /home/yuha/V2X-ball-bot/install/v2x_ball_bot_bringup/share/v2x_ball_bot_bringup/launch/display.launch.py
[1.058s] -- Symlinking: /home/yuha/V2X-ball-bot/install/v2x_ball_bot_bringup/share/v2x_ball_bot_bringup/launch/display_map.launch.py
[1.064s] -- Symlinking: /home/yuha/V2X-ball-bot/install/v2x_ball_bot_bringup/share/v2x_ball_bot_bringup/launch/display_ros2.launch.py
[1.069s] -- Symlinking: /home/yuha/V2X-ball-bot/install/v2x_ball_bot_bringup/share/v2x_ball_bot_bringup/launch/gz_sim.launch.py
[1.077s] -- Symlinking: /home/yuha/V2X-ball-bot/install/v2x_ball_bot_bringup/share/v2x_ball_bot_bringup/launch/install/.colcon_install_layout
[1.083s] -- Symlinking: /home/yuha/V2X-ball-bot/install/v2x_ball_bot_bringup/share/v2x_ball_bot_bringup/launch/install/COLCON_IGNORE
[1.089s] -- Symlinking: /home/yuha/V2X-ball-bot/install/v2x_ball_bot_bringup/share/v2x_ball_bot_bringup/launch/log/COLCON_IGNORE
[1.095s] -- Symlinking: /home/yuha/V2X-ball-bot/install/v2x_ball_bot_bringup/share/v2x_ball_bot_bringup/launch/log/build_2025-09-22_13-05-30/logger_all.log
[1.101s] -- Symlinking: /home/yuha/V2X-ball-bot/install/v2x_ball_bot_bringup/share/v2x_ball_bot_bringup/launch/log/latest/logger_all.log
[1.108s] -- Symlinking: /home/yuha/V2X-ball-bot/install/v2x_ball_bot_bringup/share/v2x_ball_bot_bringup/launch/log/latest_build/logger_all.log
[1.115s] -- Symlinking: /home/yuha/V2X-ball-bot/install/v2x_ball_bot_bringup/share/v2x_ball_bot_bringup/launch/nav_launch.py
[1.121s] -- Symlinking: /home/yuha/V2X-ball-bot/install/v2x_ball_bot_bringup/share/v2x_ball_bot_bringup/launch/orbbec_camera.launch.py
[1.128s] -- Symlinking: /home/yuha/V2X-ball-bot/install/v2x_ball_bot_bringup/share/v2x_ball_bot_bringup/launch/servo_mux_with_driver.launch.py
[1.133s] -- Symlinking: /home/yuha/V2X-ball-bot/install/v2x_ball_bot_bringup/share/v2x_ball_bot_bringup/launch/v2x_ball_bot_launch.py
[1.142s] -- Symlinking: /home/yuha/V2X-ball-bot/install/v2x_ball_bot_bringup/share/v2x_ball_bot_bringup/config/ball_perception.rviz
[1.148s] -- Symlinking: /home/yuha/V2X-ball-bot/install/v2x_ball_bot_bringup/share/v2x_ball_bot_bringup/config/mapper_params_online_async.yaml
[1.153s] -- Symlinking: /home/yuha/V2X-ball-bot/install/v2x_ball_bot_bringup/share/v2x_ball_bot_bringup/config/nav2_params.yaml
[1.160s] -- Symlinking: /home/yuha/V2X-ball-bot/install/v2x_ball_bot_bringup/share/v2x_ball_bot_bringup/config/twist_mux.yaml
[1.167s] -- Symlinking: /home/yuha/V2X-ball-bot/install/v2x_ball_bot_bringup/share/v2x_ball_bot_bringup/worlds/empty_gz.world.sdf
[1.174s] -- Symlinking: /home/yuha/V2X-ball-bot/install/v2x_ball_bot_bringup/share/v2x_ball_bot_bringup/worlds/gz_resource_path.dsv.in
[1.180s] -- Symlinking: /home/yuha/V2X-ball-bot/install/v2x_ball_bot_bringup/share/v2x_ball_bot_bringup/ament_cmake_environment_hooks/gz_resource_path.dsv
[1.186s] -- Symlinking: /home/yuha/V2X-ball-bot/install/v2x_ball_bot_bringup/share/ament_index/resource_index/package_run_dependencies/v2x_ball_bot_bringup
[1.192s] -- Symlinking: /home/yuha/V2X-ball-bot/install/v2x_ball_bot_bringup/share/ament_index/resource_index/parent_prefix_path/v2x_ball_bot_bringup
[1.199s] -- Symlinking: /home/yuha/V2X-ball-bot/install/v2x_ball_bot_bringup/share/v2x_ball_bot_bringup/environment/ament_prefix_path.sh
[1.205s] -- Symlinking: /home/yuha/V2X-ball-bot/install/v2x_ball_bot_bringup/share/v2x_ball_bot_bringup/environment/ament_prefix_path.dsv
[1.211s] -- Symlinking: /home/yuha/V2X-ball-bot/install/v2x_ball_bot_bringup/share/v2x_ball_bot_bringup/environment/path.sh
[1.217s] -- Symlinking: /home/yuha/V2X-ball-bot/install/v2x_ball_bot_bringup/share/v2x_ball_bot_bringup/environment/path.dsv
[1.223s] -- Symlinking: /home/yuha/V2X-ball-bot/install/v2x_ball_bot_bringup/share/v2x_ball_bot_bringup/local_setup.bash
[1.230s] -- Symlinking: /home/yuha/V2X-ball-bot/install/v2x_ball_bot_bringup/share/v2x_ball_bot_bringup/local_setup.sh
[1.237s] -- Symlinking: /home/yuha/V2X-ball-bot/install/v2x_ball_bot_bringup/share/v2x_ball_bot_bringup/local_setup.zsh
[1.243s] -- Symlinking: /home/yuha/V2X-ball-bot/install/v2x_ball_bot_bringup/share/v2x_ball_bot_bringup/local_setup.dsv
[1.249s] -- Symlinking: /home/yuha/V2X-ball-bot/install/v2x_ball_bot_bringup/share/v2x_ball_bot_bringup/package.dsv
[1.255s] -- Symlinking: /home/yuha/V2X-ball-bot/install/v2x_ball_bot_bringup/share/ament_index/resource_index/packages/v2x_ball_bot_bringup
[1.261s] -- Symlinking: /home/yuha/V2X-ball-bot/install/v2x_ball_bot_bringup/share/v2x_ball_bot_bringup/cmake/v2x_ball_bot_bringupConfig.cmake
[1.268s] -- Symlinking: /home/yuha/V2X-ball-bot/install/v2x_ball_bot_bringup/share/v2x_ball_bot_bringup/cmake/v2x_ball_bot_bringupConfig-version.cmake
[1.275s] -- Symlinking: /home/yuha/V2X-ball-bot/install/v2x_ball_bot_bringup/share/v2x_ball_bot_bringup/package.xml
[1.283s] Invoked command in '/home/yuha/V2X-ball-bot/build/v2x_ball_bot_bringup' returned '0': CMAKE_PREFIX_PATH=${CMAKE_PREFIX_PATH}:/opt/ros/humble /usr/bin/cmake --install /home/yuha/V2X-ball-bot/build/v2x_ball_bot_bringup
