Built target ament_cmake_python_symlink_v2x_ball_bot_control
running egg_info
writing v2x_ball_bot_control.egg-info/PKG-INFO
writing dependency_links to v2x_ball_bot_control.egg-info/dependency_links.txt
writing top-level names to v2x_ball_bot_control.egg-info/top_level.txt
reading manifest file 'v2x_ball_bot_control.egg-info/SOURCES.txt'
writing manifest file 'v2x_ball_bot_control.egg-info/SOURCES.txt'
Built target ament_cmake_python_build_v2x_ball_bot_control_egg
-- Install configuration: ""
-- Execute custom install script
-- Up-to-date symlink: /home/yuha/V2X-ball-bot/install/v2x_ball_bot_control/share/v2x_ball_bot_control/environment/pythonpath.sh
-- Up-to-date symlink: /home/yuha/V2X-ball-bot/install/v2x_ball_bot_control/share/v2x_ball_bot_control/environment/pythonpath.dsv
-- Up-to-date symlink: /home/yuha/V2X-ball-bot/install/v2x_ball_bot_control/local/lib/python3.10/dist-packages/v2x_ball_bot_control-0.0.0-py3.10.egg-info/PKG-INFO
-- Up-to-date symlink: /home/yuha/V2X-ball-bot/install/v2x_ball_bot_control/local/lib/python3.10/dist-packages/v2x_ball_bot_control-0.0.0-py3.10.egg-info/SOURCES.txt
-- Up-to-date symlink: /home/yuha/V2X-ball-bot/install/v2x_ball_bot_control/local/lib/python3.10/dist-packages/v2x_ball_bot_control-0.0.0-py3.10.egg-info/dependency_links.txt
-- Up-to-date symlink: /home/yuha/V2X-ball-bot/install/v2x_ball_bot_control/local/lib/python3.10/dist-packages/v2x_ball_bot_control-0.0.0-py3.10.egg-info/top_level.txt
-- Up-to-date symlink: /home/yuha/V2X-ball-bot/install/v2x_ball_bot_control/local/lib/python3.10/dist-packages/v2x_ball_bot_control/.DS_Store
-- Up-to-date symlink: /home/yuha/V2X-ball-bot/install/v2x_ball_bot_control/local/lib/python3.10/dist-packages/v2x_ball_bot_control/__init__.py
-- Up-to-date symlink: /home/yuha/V2X-ball-bot/install/v2x_ball_bot_control/local/lib/python3.10/dist-packages/v2x_ball_bot_control/ball_follower_node.py
-- Up-to-date symlink: /home/yuha/V2X-ball-bot/install/v2x_ball_bot_control/local/lib/python3.10/dist-packages/v2x_ball_bot_control/ball_perception/__init__.py
-- Up-to-date symlink: /home/yuha/V2X-ball-bot/install/v2x_ball_bot_control/local/lib/python3.10/dist-packages/v2x_ball_bot_control/ball_perception/debug_visualizer.py
-- Up-to-date symlink: /home/yuha/V2X-ball-bot/install/v2x_ball_bot_control/local/lib/python3.10/dist-packages/v2x_ball_bot_control/ball_perception/depth_mapper.py
-- Up-to-date symlink: /home/yuha/V2X-ball-bot/install/v2x_ball_bot_control/local/lib/python3.10/dist-packages/v2x_ball_bot_control/ball_perception/detector.py
-- Up-to-date symlink: /home/yuha/V2X-ball-bot/install/v2x_ball_bot_control/local/lib/python3.10/dist-packages/v2x_ball_bot_control/ball_perception/marker_utils.py
-- Up-to-date symlink: /home/yuha/V2X-ball-bot/install/v2x_ball_bot_control/local/lib/python3.10/dist-packages/v2x_ball_bot_control/ball_perception/selector.py
-- Up-to-date symlink: /home/yuha/V2X-ball-bot/install/v2x_ball_bot_control/local/lib/python3.10/dist-packages/v2x_ball_bot_control/ball_perception/tracker.py
-- Up-to-date symlink: /home/yuha/V2X-ball-bot/install/v2x_ball_bot_control/local/lib/python3.10/dist-packages/v2x_ball_bot_control/ball_perception_node.py
-- Up-to-date symlink: /home/yuha/V2X-ball-bot/install/v2x_ball_bot_control/local/lib/python3.10/dist-packages/v2x_ball_bot_control/ball_pickup_node.py
-- Up-to-date symlink: /home/yuha/V2X-ball-bot/install/v2x_ball_bot_control/local/lib/python3.10/dist-packages/v2x_ball_bot_control/court_manager.py
-- Up-to-date symlink: /home/yuha/V2X-ball-bot/install/v2x_ball_bot_control/local/lib/python3.10/dist-packages/v2x_ball_bot_control/map_transform_node.py
-- Up-to-date symlink: /home/yuha/V2X-ball-bot/install/v2x_ball_bot_control/local/lib/python3.10/dist-packages/v2x_ball_bot_control/motor_driver_node.py
-- Up-to-date symlink: /home/yuha/V2X-ball-bot/install/v2x_ball_bot_control/local/lib/python3.10/dist-packages/v2x_ball_bot_control/new_ball_detector.pt
-- Up-to-date symlink: /home/yuha/V2X-ball-bot/install/v2x_ball_bot_control/local/lib/python3.10/dist-packages/v2x_ball_bot_control/obstacle_detection_node.py
-- Up-to-date symlink: /home/yuha/V2X-ball-bot/install/v2x_ball_bot_control/local/lib/python3.10/dist-packages/v2x_ball_bot_control/odom_tf_pub.py
-- Up-to-date symlink: /home/yuha/V2X-ball-bot/install/v2x_ball_bot_control/local/lib/python3.10/dist-packages/v2x_ball_bot_control/rosmaster.py
-- Up-to-date symlink: /home/yuha/V2X-ball-bot/install/v2x_ball_bot_control/local/lib/python3.10/dist-packages/v2x_ball_bot_control/scan_manager.py
-- Up-to-date symlink: /home/yuha/V2X-ball-bot/install/v2x_ball_bot_control/local/lib/python3.10/dist-packages/v2x_ball_bot_control/visual_servoing_node.py
-- Up-to-date symlink: /home/yuha/V2X-ball-bot/install/v2x_ball_bot_control/lib/v2x_ball_bot_control/new_ball_detector.pt
-- Up-to-date symlink: /home/yuha/V2X-ball-bot/install/v2x_ball_bot_control/share/ament_index/resource_index/package_run_dependencies/v2x_ball_bot_control
-- Up-to-date symlink: /home/yuha/V2X-ball-bot/install/v2x_ball_bot_control/share/ament_index/resource_index/parent_prefix_path/v2x_ball_bot_control
-- Up-to-date symlink: /home/yuha/V2X-ball-bot/install/v2x_ball_bot_control/share/v2x_ball_bot_control/environment/ament_prefix_path.sh
-- Up-to-date symlink: /home/yuha/V2X-ball-bot/install/v2x_ball_bot_control/share/v2x_ball_bot_control/environment/ament_prefix_path.dsv
-- Up-to-date symlink: /home/yuha/V2X-ball-bot/install/v2x_ball_bot_control/share/v2x_ball_bot_control/environment/path.sh
-- Up-to-date symlink: /home/yuha/V2X-ball-bot/install/v2x_ball_bot_control/share/v2x_ball_bot_control/environment/path.dsv
-- Up-to-date symlink: /home/yuha/V2X-ball-bot/install/v2x_ball_bot_control/share/v2x_ball_bot_control/local_setup.bash
-- Up-to-date symlink: /home/yuha/V2X-ball-bot/install/v2x_ball_bot_control/share/v2x_ball_bot_control/local_setup.sh
-- Up-to-date symlink: /home/yuha/V2X-ball-bot/install/v2x_ball_bot_control/share/v2x_ball_bot_control/local_setup.zsh
-- Up-to-date symlink: /home/yuha/V2X-ball-bot/install/v2x_ball_bot_control/share/v2x_ball_bot_control/local_setup.dsv
-- Symlinking: /home/yuha/V2X-ball-bot/install/v2x_ball_bot_control/share/v2x_ball_bot_control/package.dsv
-- Up-to-date symlink: /home/yuha/V2X-ball-bot/install/v2x_ball_bot_control/share/ament_index/resource_index/packages/v2x_ball_bot_control
-- Up-to-date symlink: /home/yuha/V2X-ball-bot/install/v2x_ball_bot_control/share/v2x_ball_bot_control/cmake/v2x_ball_bot_controlConfig.cmake
-- Up-to-date symlink: /home/yuha/V2X-ball-bot/install/v2x_ball_bot_control/share/v2x_ball_bot_control/cmake/v2x_ball_bot_controlConfig-version.cmake
-- Up-to-date symlink: /home/yuha/V2X-ball-bot/install/v2x_ball_bot_control/share/v2x_ball_bot_control/package.xml
Listing '/home/yuha/V2X-ball-bot/install/v2x_ball_bot_control/local/lib/python3.10/dist-packages/v2x_ball_bot_control'...
Listing '/home/yuha/V2X-ball-bot/install/v2x_ball_bot_control/local/lib/python3.10/dist-packages/v2x_ball_bot_control/ball_perception'...
-- Up-to-date: /home/yuha/V2X-ball-bot/install/v2x_ball_bot_control/lib/v2x_ball_bot_control/ball_perception_node
-- Up-to-date: /home/yuha/V2X-ball-bot/install/v2x_ball_bot_control/lib/v2x_ball_bot_control/ball_follower_node
-- Up-to-date: /home/yuha/V2X-ball-bot/install/v2x_ball_bot_control/lib/v2x_ball_bot_control/ball_pickup_node
-- Up-to-date: /home/yuha/V2X-ball-bot/install/v2x_ball_bot_control/lib/v2x_ball_bot_control/obstacle_detection_node
-- Up-to-date: /home/yuha/V2X-ball-bot/install/v2x_ball_bot_control/lib/v2x_ball_bot_control/odom_tf_pub.py
-- Up-to-date: /home/yuha/V2X-ball-bot/install/v2x_ball_bot_control/lib/v2x_ball_bot_control/map_transform_node
-- Up-to-date: /home/yuha/V2X-ball-bot/install/v2x_ball_bot_control/lib/v2x_ball_bot_control/court_manager
