[35m[1mConsolidate compiler generated dependencies of target v2x_ball_bot_msgs__rosidl_generator_c[0m
[  1%] Built target v2x_ball_bot_msgs__cpp
[  1%] Built target ament_cmake_python_symlink_v2x_ball_bot_msgs
[ 12%] Built target v2x_ball_bot_msgs__rosidl_generator_c
[35m[1mConsolidate compiler generated dependencies of target v2x_ball_bot_msgs__rosidl_typesupport_introspection_cpp[0m
[35m[1mConsolidate compiler generated dependencies of target v2x_ball_bot_msgs__rosidl_typesupport_fastrtps_cpp[0m
[35m[1mConsolidate compiler generated dependencies of target v2x_ball_bot_msgs__rosidl_typesupport_cpp[0m
[35m[1mConsolidate compiler generated dependencies of target v2x_ball_bot_msgs__rosidl_typesupport_introspection_c[0m
[35m[1mConsolidate compiler generated dependencies of target v2x_ball_bot_msgs__rosidl_typesupport_fastrtps_c[0m
[35m[1mConsolidate compiler generated dependencies of target v2x_ball_bot_msgs__rosidl_typesupport_c[0m
[ 23%] Built target v2x_ball_bot_msgs__rosidl_typesupport_introspection_cpp
[ 34%] Built target v2x_ball_bot_msgs__rosidl_typesupport_fastrtps_cpp
[ 45%] Built target v2x_ball_bot_msgs__rosidl_typesupport_introspection_c
[ 56%] Built target v2x_ball_bot_msgs__rosidl_typesupport_c
[ 67%] Built target v2x_ball_bot_msgs__rosidl_typesupport_fastrtps_c
[ 78%] Built target v2x_ball_bot_msgs__rosidl_typesupport_cpp
[ 78%] Built target v2x_ball_bot_msgs
[ 80%] Built target v2x_ball_bot_msgs__py
[35m[1mConsolidate compiler generated dependencies of target v2x_ball_bot_msgs__rosidl_generator_py[0m
[ 89%] Built target v2x_ball_bot_msgs__rosidl_generator_py
[35m[1mConsolidate compiler generated dependencies of target v2x_ball_bot_msgs__rosidl_typesupport_introspection_c__pyext[0m
[35m[1mConsolidate compiler generated dependencies of target v2x_ball_bot_msgs__rosidl_typesupport_fastrtps_c__pyext[0m
[35m[1mConsolidate compiler generated dependencies of target v2x_ball_bot_msgs__rosidl_typesupport_c__pyext[0m
[ 92%] Built target v2x_ball_bot_msgs__rosidl_typesupport_introspection_c__pyext
[ 96%] Built target v2x_ball_bot_msgs__rosidl_typesupport_c__pyext
[100%] Built target v2x_ball_bot_msgs__rosidl_typesupport_fastrtps_c__pyext
running egg_info
writing v2x_ball_bot_msgs.egg-info/PKG-INFO
writing dependency_links to v2x_ball_bot_msgs.egg-info/dependency_links.txt
writing top-level names to v2x_ball_bot_msgs.egg-info/top_level.txt
reading manifest file 'v2x_ball_bot_msgs.egg-info/SOURCES.txt'
writing manifest file 'v2x_ball_bot_msgs.egg-info/SOURCES.txt'
[100%] Built target ament_cmake_python_build_v2x_ball_bot_msgs_egg
-- Install configuration: ""
-- Execute custom install script
-- Up-to-date symlink: /home/yuha/V2X-ball-bot/install/v2x_ball_bot_msgs/share/ament_index/resource_index/rosidl_interfaces/v2x_ball_bot_msgs
-- Up-to-date symlink: /home/yuha/V2X-ball-bot/install/v2x_ball_bot_msgs/include/v2x_ball_bot_msgs/v2x_ball_bot_msgs/msg/ball.h
-- Up-to-date symlink: /home/yuha/V2X-ball-bot/install/v2x_ball_bot_msgs/include/v2x_ball_bot_msgs/v2x_ball_bot_msgs/msg/ball_array.h
-- Up-to-date symlink: /home/yuha/V2X-ball-bot/install/v2x_ball_bot_msgs/include/v2x_ball_bot_msgs/v2x_ball_bot_msgs/msg/ball_pixel.h
-- Up-to-date symlink: /home/yuha/V2X-ball-bot/install/v2x_ball_bot_msgs/include/v2x_ball_bot_msgs/v2x_ball_bot_msgs/msg/ball_position.h
-- Up-to-date symlink: /home/yuha/V2X-ball-bot/install/v2x_ball_bot_msgs/include/v2x_ball_bot_msgs/v2x_ball_bot_msgs/msg/detail/ball__functions.h
-- Up-to-date symlink: /home/yuha/V2X-ball-bot/install/v2x_ball_bot_msgs/include/v2x_ball_bot_msgs/v2x_ball_bot_msgs/msg/detail/ball__struct.h
-- Up-to-date symlink: /home/yuha/V2X-ball-bot/install/v2x_ball_bot_msgs/include/v2x_ball_bot_msgs/v2x_ball_bot_msgs/msg/detail/ball__type_support.h
-- Up-to-date symlink: /home/yuha/V2X-ball-bot/install/v2x_ball_bot_msgs/include/v2x_ball_bot_msgs/v2x_ball_bot_msgs/msg/detail/ball_array__functions.h
-- Up-to-date symlink: /home/yuha/V2X-ball-bot/install/v2x_ball_bot_msgs/include/v2x_ball_bot_msgs/v2x_ball_bot_msgs/msg/detail/ball_array__struct.h
-- Up-to-date symlink: /home/yuha/V2X-ball-bot/install/v2x_ball_bot_msgs/include/v2x_ball_bot_msgs/v2x_ball_bot_msgs/msg/detail/ball_array__type_support.h
-- Up-to-date symlink: /home/yuha/V2X-ball-bot/install/v2x_ball_bot_msgs/include/v2x_ball_bot_msgs/v2x_ball_bot_msgs/msg/detail/ball_pixel__functions.h
-- Up-to-date symlink: /home/yuha/V2X-ball-bot/install/v2x_ball_bot_msgs/include/v2x_ball_bot_msgs/v2x_ball_bot_msgs/msg/detail/ball_pixel__struct.h
-- Up-to-date symlink: /home/yuha/V2X-ball-bot/install/v2x_ball_bot_msgs/include/v2x_ball_bot_msgs/v2x_ball_bot_msgs/msg/detail/ball_pixel__type_support.h
-- Up-to-date symlink: /home/yuha/V2X-ball-bot/install/v2x_ball_bot_msgs/include/v2x_ball_bot_msgs/v2x_ball_bot_msgs/msg/detail/ball_position__functions.h
-- Up-to-date symlink: /home/yuha/V2X-ball-bot/install/v2x_ball_bot_msgs/include/v2x_ball_bot_msgs/v2x_ball_bot_msgs/msg/detail/ball_position__struct.h
-- Up-to-date symlink: /home/yuha/V2X-ball-bot/install/v2x_ball_bot_msgs/include/v2x_ball_bot_msgs/v2x_ball_bot_msgs/msg/detail/ball_position__type_support.h
-- Up-to-date symlink: /home/yuha/V2X-ball-bot/install/v2x_ball_bot_msgs/include/v2x_ball_bot_msgs/v2x_ball_bot_msgs/msg/rosidl_generator_c__visibility_control.h
-- Up-to-date symlink: /home/yuha/V2X-ball-bot/install/v2x_ball_bot_msgs/share/v2x_ball_bot_msgs/environment/library_path.sh
-- Up-to-date symlink: /home/yuha/V2X-ball-bot/install/v2x_ball_bot_msgs/share/v2x_ball_bot_msgs/environment/library_path.dsv
-- Up-to-date symlink: /home/yuha/V2X-ball-bot/install/v2x_ball_bot_msgs/include/v2x_ball_bot_msgs/v2x_ball_bot_msgs/msg/detail/ball__rosidl_typesupport_fastrtps_c.h
-- Up-to-date symlink: /home/yuha/V2X-ball-bot/install/v2x_ball_bot_msgs/include/v2x_ball_bot_msgs/v2x_ball_bot_msgs/msg/detail/ball_array__rosidl_typesupport_fastrtps_c.h
-- Up-to-date symlink: /home/yuha/V2X-ball-bot/install/v2x_ball_bot_msgs/include/v2x_ball_bot_msgs/v2x_ball_bot_msgs/msg/detail/ball_pixel__rosidl_typesupport_fastrtps_c.h
-- Up-to-date symlink: /home/yuha/V2X-ball-bot/install/v2x_ball_bot_msgs/include/v2x_ball_bot_msgs/v2x_ball_bot_msgs/msg/detail/ball_position__rosidl_typesupport_fastrtps_c.h
-- Up-to-date symlink: /home/yuha/V2X-ball-bot/install/v2x_ball_bot_msgs/include/v2x_ball_bot_msgs/v2x_ball_bot_msgs/msg/rosidl_typesupport_fastrtps_c__visibility_control.h
-- Up-to-date symlink: /home/yuha/V2X-ball-bot/install/v2x_ball_bot_msgs/include/v2x_ball_bot_msgs/v2x_ball_bot_msgs/msg/detail/ball__rosidl_typesupport_introspection_c.h
-- Up-to-date symlink: /home/yuha/V2X-ball-bot/install/v2x_ball_bot_msgs/include/v2x_ball_bot_msgs/v2x_ball_bot_msgs/msg/detail/ball_array__rosidl_typesupport_introspection_c.h
-- Up-to-date symlink: /home/yuha/V2X-ball-bot/install/v2x_ball_bot_msgs/include/v2x_ball_bot_msgs/v2x_ball_bot_msgs/msg/detail/ball_pixel__rosidl_typesupport_introspection_c.h
-- Up-to-date symlink: /home/yuha/V2X-ball-bot/install/v2x_ball_bot_msgs/include/v2x_ball_bot_msgs/v2x_ball_bot_msgs/msg/detail/ball_position__rosidl_typesupport_introspection_c.h
-- Up-to-date symlink: /home/yuha/V2X-ball-bot/install/v2x_ball_bot_msgs/include/v2x_ball_bot_msgs/v2x_ball_bot_msgs/msg/rosidl_typesupport_introspection_c__visibility_control.h
-- Up-to-date symlink: /home/yuha/V2X-ball-bot/install/v2x_ball_bot_msgs/include/v2x_ball_bot_msgs/v2x_ball_bot_msgs/msg/ball.hpp
-- Up-to-date symlink: /home/yuha/V2X-ball-bot/install/v2x_ball_bot_msgs/include/v2x_ball_bot_msgs/v2x_ball_bot_msgs/msg/ball_array.hpp
-- Up-to-date symlink: /home/yuha/V2X-ball-bot/install/v2x_ball_bot_msgs/include/v2x_ball_bot_msgs/v2x_ball_bot_msgs/msg/ball_pixel.hpp
-- Up-to-date symlink: /home/yuha/V2X-ball-bot/install/v2x_ball_bot_msgs/include/v2x_ball_bot_msgs/v2x_ball_bot_msgs/msg/ball_position.hpp
-- Up-to-date symlink: /home/yuha/V2X-ball-bot/install/v2x_ball_bot_msgs/include/v2x_ball_bot_msgs/v2x_ball_bot_msgs/msg/detail/ball__builder.hpp
-- Up-to-date symlink: /home/yuha/V2X-ball-bot/install/v2x_ball_bot_msgs/include/v2x_ball_bot_msgs/v2x_ball_bot_msgs/msg/detail/ball__struct.hpp
-- Up-to-date symlink: /home/yuha/V2X-ball-bot/install/v2x_ball_bot_msgs/include/v2x_ball_bot_msgs/v2x_ball_bot_msgs/msg/detail/ball__traits.hpp
-- Up-to-date symlink: /home/yuha/V2X-ball-bot/install/v2x_ball_bot_msgs/include/v2x_ball_bot_msgs/v2x_ball_bot_msgs/msg/detail/ball__type_support.hpp
-- Up-to-date symlink: /home/yuha/V2X-ball-bot/install/v2x_ball_bot_msgs/include/v2x_ball_bot_msgs/v2x_ball_bot_msgs/msg/detail/ball_array__builder.hpp
-- Up-to-date symlink: /home/yuha/V2X-ball-bot/install/v2x_ball_bot_msgs/include/v2x_ball_bot_msgs/v2x_ball_bot_msgs/msg/detail/ball_array__struct.hpp
-- Up-to-date symlink: /home/yuha/V2X-ball-bot/install/v2x_ball_bot_msgs/include/v2x_ball_bot_msgs/v2x_ball_bot_msgs/msg/detail/ball_array__traits.hpp
-- Up-to-date symlink: /home/yuha/V2X-ball-bot/install/v2x_ball_bot_msgs/include/v2x_ball_bot_msgs/v2x_ball_bot_msgs/msg/detail/ball_array__type_support.hpp
-- Up-to-date symlink: /home/yuha/V2X-ball-bot/install/v2x_ball_bot_msgs/include/v2x_ball_bot_msgs/v2x_ball_bot_msgs/msg/detail/ball_pixel__builder.hpp
-- Up-to-date symlink: /home/yuha/V2X-ball-bot/install/v2x_ball_bot_msgs/include/v2x_ball_bot_msgs/v2x_ball_bot_msgs/msg/detail/ball_pixel__struct.hpp
-- Up-to-date symlink: /home/yuha/V2X-ball-bot/install/v2x_ball_bot_msgs/include/v2x_ball_bot_msgs/v2x_ball_bot_msgs/msg/detail/ball_pixel__traits.hpp
-- Up-to-date symlink: /home/yuha/V2X-ball-bot/install/v2x_ball_bot_msgs/include/v2x_ball_bot_msgs/v2x_ball_bot_msgs/msg/detail/ball_pixel__type_support.hpp
-- Up-to-date symlink: /home/yuha/V2X-ball-bot/install/v2x_ball_bot_msgs/include/v2x_ball_bot_msgs/v2x_ball_bot_msgs/msg/detail/ball_position__builder.hpp
-- Up-to-date symlink: /home/yuha/V2X-ball-bot/install/v2x_ball_bot_msgs/include/v2x_ball_bot_msgs/v2x_ball_bot_msgs/msg/detail/ball_position__struct.hpp
-- Up-to-date symlink: /home/yuha/V2X-ball-bot/install/v2x_ball_bot_msgs/include/v2x_ball_bot_msgs/v2x_ball_bot_msgs/msg/detail/ball_position__traits.hpp
-- Up-to-date symlink: /home/yuha/V2X-ball-bot/install/v2x_ball_bot_msgs/include/v2x_ball_bot_msgs/v2x_ball_bot_msgs/msg/detail/ball_position__type_support.hpp
-- Up-to-date symlink: /home/yuha/V2X-ball-bot/install/v2x_ball_bot_msgs/include/v2x_ball_bot_msgs/v2x_ball_bot_msgs/msg/rosidl_generator_cpp__visibility_control.hpp
-- Up-to-date symlink: /home/yuha/V2X-ball-bot/install/v2x_ball_bot_msgs/include/v2x_ball_bot_msgs/v2x_ball_bot_msgs/msg/detail/ball__rosidl_typesupport_fastrtps_cpp.hpp
-- Up-to-date symlink: /home/yuha/V2X-ball-bot/install/v2x_ball_bot_msgs/include/v2x_ball_bot_msgs/v2x_ball_bot_msgs/msg/detail/ball_array__rosidl_typesupport_fastrtps_cpp.hpp
-- Up-to-date symlink: /home/yuha/V2X-ball-bot/install/v2x_ball_bot_msgs/include/v2x_ball_bot_msgs/v2x_ball_bot_msgs/msg/detail/ball_pixel__rosidl_typesupport_fastrtps_cpp.hpp
-- Up-to-date symlink: /home/yuha/V2X-ball-bot/install/v2x_ball_bot_msgs/include/v2x_ball_bot_msgs/v2x_ball_bot_msgs/msg/detail/ball_position__rosidl_typesupport_fastrtps_cpp.hpp
-- Up-to-date symlink: /home/yuha/V2X-ball-bot/install/v2x_ball_bot_msgs/include/v2x_ball_bot_msgs/v2x_ball_bot_msgs/msg/rosidl_typesupport_fastrtps_cpp__visibility_control.h
-- Up-to-date symlink: /home/yuha/V2X-ball-bot/install/v2x_ball_bot_msgs/include/v2x_ball_bot_msgs/v2x_ball_bot_msgs/msg/detail/ball__rosidl_typesupport_introspection_cpp.hpp
-- Up-to-date symlink: /home/yuha/V2X-ball-bot/install/v2x_ball_bot_msgs/include/v2x_ball_bot_msgs/v2x_ball_bot_msgs/msg/detail/ball_array__rosidl_typesupport_introspection_cpp.hpp
-- Up-to-date symlink: /home/yuha/V2X-ball-bot/install/v2x_ball_bot_msgs/include/v2x_ball_bot_msgs/v2x_ball_bot_msgs/msg/detail/ball_pixel__rosidl_typesupport_introspection_cpp.hpp
-- Up-to-date symlink: /home/yuha/V2X-ball-bot/install/v2x_ball_bot_msgs/include/v2x_ball_bot_msgs/v2x_ball_bot_msgs/msg/detail/ball_position__rosidl_typesupport_introspection_cpp.hpp
-- Up-to-date symlink: /home/yuha/V2X-ball-bot/install/v2x_ball_bot_msgs/share/v2x_ball_bot_msgs/environment/pythonpath.sh
-- Up-to-date symlink: /home/yuha/V2X-ball-bot/install/v2x_ball_bot_msgs/share/v2x_ball_bot_msgs/environment/pythonpath.dsv
-- Up-to-date symlink: /home/yuha/V2X-ball-bot/install/v2x_ball_bot_msgs/local/lib/python3.10/dist-packages/v2x_ball_bot_msgs-0.0.0-py3.10.egg-info/PKG-INFO
-- Up-to-date symlink: /home/yuha/V2X-ball-bot/install/v2x_ball_bot_msgs/local/lib/python3.10/dist-packages/v2x_ball_bot_msgs-0.0.0-py3.10.egg-info/SOURCES.txt
-- Up-to-date symlink: /home/yuha/V2X-ball-bot/install/v2x_ball_bot_msgs/local/lib/python3.10/dist-packages/v2x_ball_bot_msgs-0.0.0-py3.10.egg-info/dependency_links.txt
-- Up-to-date symlink: /home/yuha/V2X-ball-bot/install/v2x_ball_bot_msgs/local/lib/python3.10/dist-packages/v2x_ball_bot_msgs-0.0.0-py3.10.egg-info/top_level.txt
-- Up-to-date symlink: /home/yuha/V2X-ball-bot/install/v2x_ball_bot_msgs/local/lib/python3.10/dist-packages/v2x_ball_bot_msgs/__init__.py
-- Up-to-date symlink: /home/yuha/V2X-ball-bot/install/v2x_ball_bot_msgs/local/lib/python3.10/dist-packages/v2x_ball_bot_msgs/_v2x_ball_bot_msgs_s.ep.rosidl_typesupport_c.c
-- Up-to-date symlink: /home/yuha/V2X-ball-bot/install/v2x_ball_bot_msgs/local/lib/python3.10/dist-packages/v2x_ball_bot_msgs/_v2x_ball_bot_msgs_s.ep.rosidl_typesupport_fastrtps_c.c
-- Up-to-date symlink: /home/yuha/V2X-ball-bot/install/v2x_ball_bot_msgs/local/lib/python3.10/dist-packages/v2x_ball_bot_msgs/_v2x_ball_bot_msgs_s.ep.rosidl_typesupport_introspection_c.c
-- Up-to-date symlink: /home/yuha/V2X-ball-bot/install/v2x_ball_bot_msgs/local/lib/python3.10/dist-packages/v2x_ball_bot_msgs/libv2x_ball_bot_msgs__rosidl_generator_py.so
-- Up-to-date symlink: /home/yuha/V2X-ball-bot/install/v2x_ball_bot_msgs/local/lib/python3.10/dist-packages/v2x_ball_bot_msgs/msg/__init__.py
-- Up-to-date symlink: /home/yuha/V2X-ball-bot/install/v2x_ball_bot_msgs/local/lib/python3.10/dist-packages/v2x_ball_bot_msgs/msg/_ball.py
-- Up-to-date symlink: /home/yuha/V2X-ball-bot/install/v2x_ball_bot_msgs/local/lib/python3.10/dist-packages/v2x_ball_bot_msgs/msg/_ball_array.py
-- Up-to-date symlink: /home/yuha/V2X-ball-bot/install/v2x_ball_bot_msgs/local/lib/python3.10/dist-packages/v2x_ball_bot_msgs/msg/_ball_array_s.c
-- Up-to-date symlink: /home/yuha/V2X-ball-bot/install/v2x_ball_bot_msgs/local/lib/python3.10/dist-packages/v2x_ball_bot_msgs/msg/_ball_pixel.py
-- Up-to-date symlink: /home/yuha/V2X-ball-bot/install/v2x_ball_bot_msgs/local/lib/python3.10/dist-packages/v2x_ball_bot_msgs/msg/_ball_pixel_s.c
-- Up-to-date symlink: /home/yuha/V2X-ball-bot/install/v2x_ball_bot_msgs/local/lib/python3.10/dist-packages/v2x_ball_bot_msgs/msg/_ball_position.py
-- Up-to-date symlink: /home/yuha/V2X-ball-bot/install/v2x_ball_bot_msgs/local/lib/python3.10/dist-packages/v2x_ball_bot_msgs/msg/_ball_position_s.c
-- Up-to-date symlink: /home/yuha/V2X-ball-bot/install/v2x_ball_bot_msgs/local/lib/python3.10/dist-packages/v2x_ball_bot_msgs/msg/_ball_s.c
-- Up-to-date symlink: /home/yuha/V2X-ball-bot/install/v2x_ball_bot_msgs/local/lib/python3.10/dist-packages/v2x_ball_bot_msgs/v2x_ball_bot_msgs_s__rosidl_typesupport_c.cpython-310-x86_64-linux-gnu.so
-- Up-to-date symlink: /home/yuha/V2X-ball-bot/install/v2x_ball_bot_msgs/local/lib/python3.10/dist-packages/v2x_ball_bot_msgs/v2x_ball_bot_msgs_s__rosidl_typesupport_fastrtps_c.cpython-310-x86_64-linux-gnu.so
-- Up-to-date symlink: /home/yuha/V2X-ball-bot/install/v2x_ball_bot_msgs/local/lib/python3.10/dist-packages/v2x_ball_bot_msgs/v2x_ball_bot_msgs_s__rosidl_typesupport_introspection_c.cpython-310-x86_64-linux-gnu.so
-- Up-to-date symlink: /home/yuha/V2X-ball-bot/install/v2x_ball_bot_msgs/local/lib/python3.10/dist-packages/v2x_ball_bot_msgs/v2x_ball_bot_msgs_s__rosidl_typesupport_fastrtps_c.cpython-310-x86_64-linux-gnu.so
-- Up-to-date symlink: /home/yuha/V2X-ball-bot/install/v2x_ball_bot_msgs/local/lib/python3.10/dist-packages/v2x_ball_bot_msgs/v2x_ball_bot_msgs_s__rosidl_typesupport_introspection_c.cpython-310-x86_64-linux-gnu.so
-- Up-to-date symlink: /home/yuha/V2X-ball-bot/install/v2x_ball_bot_msgs/local/lib/python3.10/dist-packages/v2x_ball_bot_msgs/v2x_ball_bot_msgs_s__rosidl_typesupport_c.cpython-310-x86_64-linux-gnu.so
-- Up-to-date symlink: /home/yuha/V2X-ball-bot/install/v2x_ball_bot_msgs/share/v2x_ball_bot_msgs/msg/BallPixel.idl
-- Up-to-date symlink: /home/yuha/V2X-ball-bot/install/v2x_ball_bot_msgs/share/v2x_ball_bot_msgs/msg/BallPosition.idl
-- Up-to-date symlink: /home/yuha/V2X-ball-bot/install/v2x_ball_bot_msgs/share/v2x_ball_bot_msgs/msg/Ball.idl
-- Up-to-date symlink: /home/yuha/V2X-ball-bot/install/v2x_ball_bot_msgs/share/v2x_ball_bot_msgs/msg/BallArray.idl
-- Up-to-date symlink: /home/yuha/V2X-ball-bot/install/v2x_ball_bot_msgs/share/v2x_ball_bot_msgs/msg/BallPixel.msg
-- Up-to-date symlink: /home/yuha/V2X-ball-bot/install/v2x_ball_bot_msgs/share/v2x_ball_bot_msgs/msg/BallPosition.msg
-- Up-to-date symlink: /home/yuha/V2X-ball-bot/install/v2x_ball_bot_msgs/share/v2x_ball_bot_msgs/msg/Ball.msg
-- Up-to-date symlink: /home/yuha/V2X-ball-bot/install/v2x_ball_bot_msgs/share/v2x_ball_bot_msgs/msg/BallArray.msg
-- Up-to-date symlink: /home/yuha/V2X-ball-bot/install/v2x_ball_bot_msgs/share/ament_index/resource_index/package_run_dependencies/v2x_ball_bot_msgs
-- Up-to-date symlink: /home/yuha/V2X-ball-bot/install/v2x_ball_bot_msgs/share/ament_index/resource_index/parent_prefix_path/v2x_ball_bot_msgs
-- Up-to-date symlink: /home/yuha/V2X-ball-bot/install/v2x_ball_bot_msgs/share/v2x_ball_bot_msgs/environment/ament_prefix_path.sh
-- Up-to-date symlink: /home/yuha/V2X-ball-bot/install/v2x_ball_bot_msgs/share/v2x_ball_bot_msgs/environment/ament_prefix_path.dsv
-- Up-to-date symlink: /home/yuha/V2X-ball-bot/install/v2x_ball_bot_msgs/share/v2x_ball_bot_msgs/environment/path.sh
-- Up-to-date symlink: /home/yuha/V2X-ball-bot/install/v2x_ball_bot_msgs/share/v2x_ball_bot_msgs/environment/path.dsv
-- Up-to-date symlink: /home/yuha/V2X-ball-bot/install/v2x_ball_bot_msgs/share/v2x_ball_bot_msgs/local_setup.bash
-- Up-to-date symlink: /home/yuha/V2X-ball-bot/install/v2x_ball_bot_msgs/share/v2x_ball_bot_msgs/local_setup.sh
-- Up-to-date symlink: /home/yuha/V2X-ball-bot/install/v2x_ball_bot_msgs/share/v2x_ball_bot_msgs/local_setup.zsh
-- Up-to-date symlink: /home/yuha/V2X-ball-bot/install/v2x_ball_bot_msgs/share/v2x_ball_bot_msgs/local_setup.dsv
-- Symlinking: /home/yuha/V2X-ball-bot/install/v2x_ball_bot_msgs/share/v2x_ball_bot_msgs/package.dsv
-- Up-to-date symlink: /home/yuha/V2X-ball-bot/install/v2x_ball_bot_msgs/share/ament_index/resource_index/packages/v2x_ball_bot_msgs
-- Up-to-date symlink: /home/yuha/V2X-ball-bot/install/v2x_ball_bot_msgs/share/v2x_ball_bot_msgs/cmake/rosidl_cmake-extras.cmake
-- Up-to-date symlink: /home/yuha/V2X-ball-bot/install/v2x_ball_bot_msgs/share/v2x_ball_bot_msgs/cmake/ament_cmake_export_dependencies-extras.cmake
-- Up-to-date symlink: /home/yuha/V2X-ball-bot/install/v2x_ball_bot_msgs/share/v2x_ball_bot_msgs/cmake/ament_cmake_export_include_directories-extras.cmake
-- Up-to-date symlink: /home/yuha/V2X-ball-bot/install/v2x_ball_bot_msgs/share/v2x_ball_bot_msgs/cmake/ament_cmake_export_libraries-extras.cmake
-- Up-to-date symlink: /home/yuha/V2X-ball-bot/install/v2x_ball_bot_msgs/share/v2x_ball_bot_msgs/cmake/ament_cmake_export_targets-extras.cmake
-- Up-to-date symlink: /home/yuha/V2X-ball-bot/install/v2x_ball_bot_msgs/share/v2x_ball_bot_msgs/cmake/rosidl_cmake_export_typesupport_targets-extras.cmake
-- Up-to-date symlink: /home/yuha/V2X-ball-bot/install/v2x_ball_bot_msgs/share/v2x_ball_bot_msgs/cmake/rosidl_cmake_export_typesupport_libraries-extras.cmake
-- Up-to-date symlink: /home/yuha/V2X-ball-bot/install/v2x_ball_bot_msgs/share/v2x_ball_bot_msgs/cmake/v2x_ball_bot_msgsConfig.cmake
-- Up-to-date symlink: /home/yuha/V2X-ball-bot/install/v2x_ball_bot_msgs/share/v2x_ball_bot_msgs/cmake/v2x_ball_bot_msgsConfig-version.cmake
-- Up-to-date symlink: /home/yuha/V2X-ball-bot/install/v2x_ball_bot_msgs/share/v2x_ball_bot_msgs/package.xml
-- Up-to-date: /home/yuha/V2X-ball-bot/install/v2x_ball_bot_msgs/lib/libv2x_ball_bot_msgs__rosidl_generator_c.so
-- Up-to-date: /home/yuha/V2X-ball-bot/install/v2x_ball_bot_msgs/lib/libv2x_ball_bot_msgs__rosidl_typesupport_fastrtps_c.so
-- Up-to-date: /home/yuha/V2X-ball-bot/install/v2x_ball_bot_msgs/lib/libv2x_ball_bot_msgs__rosidl_typesupport_introspection_c.so
-- Up-to-date: /home/yuha/V2X-ball-bot/install/v2x_ball_bot_msgs/lib/libv2x_ball_bot_msgs__rosidl_typesupport_c.so
-- Up-to-date: /home/yuha/V2X-ball-bot/install/v2x_ball_bot_msgs/lib/libv2x_ball_bot_msgs__rosidl_typesupport_fastrtps_cpp.so
-- Up-to-date: /home/yuha/V2X-ball-bot/install/v2x_ball_bot_msgs/lib/libv2x_ball_bot_msgs__rosidl_typesupport_introspection_cpp.so
-- Up-to-date: /home/yuha/V2X-ball-bot/install/v2x_ball_bot_msgs/lib/libv2x_ball_bot_msgs__rosidl_typesupport_cpp.so
Listing '/home/yuha/V2X-ball-bot/install/v2x_ball_bot_msgs/local/lib/python3.10/dist-packages/v2x_ball_bot_msgs'...
Listing '/home/yuha/V2X-ball-bot/install/v2x_ball_bot_msgs/local/lib/python3.10/dist-packages/v2x_ball_bot_msgs/msg'...
-- Up-to-date: /home/yuha/V2X-ball-bot/install/v2x_ball_bot_msgs/lib/libv2x_ball_bot_msgs__rosidl_generator_py.so
-- Up-to-date: /home/yuha/V2X-ball-bot/install/v2x_ball_bot_msgs/share/v2x_ball_bot_msgs/cmake/export_v2x_ball_bot_msgs__rosidl_generator_cExport.cmake
-- Up-to-date: /home/yuha/V2X-ball-bot/install/v2x_ball_bot_msgs/share/v2x_ball_bot_msgs/cmake/export_v2x_ball_bot_msgs__rosidl_generator_cExport-noconfig.cmake
-- Up-to-date: /home/yuha/V2X-ball-bot/install/v2x_ball_bot_msgs/share/v2x_ball_bot_msgs/cmake/export_v2x_ball_bot_msgs__rosidl_typesupport_fastrtps_cExport.cmake
-- Up-to-date: /home/yuha/V2X-ball-bot/install/v2x_ball_bot_msgs/share/v2x_ball_bot_msgs/cmake/export_v2x_ball_bot_msgs__rosidl_typesupport_fastrtps_cExport-noconfig.cmake
-- Up-to-date: /home/yuha/V2X-ball-bot/install/v2x_ball_bot_msgs/share/v2x_ball_bot_msgs/cmake/v2x_ball_bot_msgs__rosidl_typesupport_introspection_cExport.cmake
-- Up-to-date: /home/yuha/V2X-ball-bot/install/v2x_ball_bot_msgs/share/v2x_ball_bot_msgs/cmake/v2x_ball_bot_msgs__rosidl_typesupport_introspection_cExport-noconfig.cmake
-- Up-to-date: /home/yuha/V2X-ball-bot/install/v2x_ball_bot_msgs/share/v2x_ball_bot_msgs/cmake/v2x_ball_bot_msgs__rosidl_typesupport_cExport.cmake
-- Up-to-date: /home/yuha/V2X-ball-bot/install/v2x_ball_bot_msgs/share/v2x_ball_bot_msgs/cmake/v2x_ball_bot_msgs__rosidl_typesupport_cExport-noconfig.cmake
-- Up-to-date: /home/yuha/V2X-ball-bot/install/v2x_ball_bot_msgs/share/v2x_ball_bot_msgs/cmake/export_v2x_ball_bot_msgs__rosidl_generator_cppExport.cmake
-- Up-to-date: /home/yuha/V2X-ball-bot/install/v2x_ball_bot_msgs/share/v2x_ball_bot_msgs/cmake/export_v2x_ball_bot_msgs__rosidl_typesupport_fastrtps_cppExport.cmake
-- Up-to-date: /home/yuha/V2X-ball-bot/install/v2x_ball_bot_msgs/share/v2x_ball_bot_msgs/cmake/export_v2x_ball_bot_msgs__rosidl_typesupport_fastrtps_cppExport-noconfig.cmake
-- Up-to-date: /home/yuha/V2X-ball-bot/install/v2x_ball_bot_msgs/share/v2x_ball_bot_msgs/cmake/v2x_ball_bot_msgs__rosidl_typesupport_introspection_cppExport.cmake
-- Up-to-date: /home/yuha/V2X-ball-bot/install/v2x_ball_bot_msgs/share/v2x_ball_bot_msgs/cmake/v2x_ball_bot_msgs__rosidl_typesupport_introspection_cppExport-noconfig.cmake
-- Up-to-date: /home/yuha/V2X-ball-bot/install/v2x_ball_bot_msgs/share/v2x_ball_bot_msgs/cmake/v2x_ball_bot_msgs__rosidl_typesupport_cppExport.cmake
-- Up-to-date: /home/yuha/V2X-ball-bot/install/v2x_ball_bot_msgs/share/v2x_ball_bot_msgs/cmake/v2x_ball_bot_msgs__rosidl_typesupport_cppExport-noconfig.cmake
-- Up-to-date: /home/yuha/V2X-ball-bot/install/v2x_ball_bot_msgs/share/v2x_ball_bot_msgs/cmake/export_v2x_ball_bot_msgs__rosidl_generator_pyExport.cmake
-- Up-to-date: /home/yuha/V2X-ball-bot/install/v2x_ball_bot_msgs/share/v2x_ball_bot_msgs/cmake/export_v2x_ball_bot_msgs__rosidl_generator_pyExport-noconfig.cmake
