[0.016s] Invoking command in '/home/yuha/V2X-ball-bot/build/v2x_ball_bot_bringup': CMAKE_PREFIX_PATH=/opt/ros/humble /usr/bin/cmake /home/yuha/V2X-ball-bot/v2x_ball_bot_bringup -DAMENT_CMAKE_SYMLINK_INSTALL=1 -DCMAKE_INSTALL_PREFIX=/home/yuha/V2X-ball-bot/install/v2x_ball_bot_bringup
[0.201s] -- The C compiler identification is GNU 11.4.0
[0.543s] -- The CXX compiler identification is GNU 11.4.0
[0.755s] -- Detecting C compiler ABI info
[0.881s] -- Detecting C compiler ABI info - done
[0.885s] -- Check for working C compiler: /usr/bin/cc - skipped
[0.886s] -- Detecting C compile features
[0.888s] -- Detecting C compile features - done
[0.891s] -- Detecting CXX compiler ABI info
[1.018s] -- Detecting CXX compiler ABI info - done
[1.022s] -- Check for working CXX compiler: /usr/bin/c++ - skipped
[1.023s] -- Detecting CXX compile features
[1.023s] -- Detecting CXX compile features - done
[1.034s] -- Found ament_cmake: 1.3.11 (/opt/ros/humble/share/ament_cmake/cmake)
[1.143s] -- Found Python3: /usr/bin/python3 (found version "3.10.12") found components: Interpreter 
[1.198s] -- Override CMake install command with custom implementation using symlinks instead of copying resources
[1.279s] -- Configuring done
[1.282s] -- Generating done
[1.284s] -- Build files have been written to: /home/yuha/V2X-ball-bot/build/v2x_ball_bot_bringup
[1.288s] Invoked command in '/home/yuha/V2X-ball-bot/build/v2x_ball_bot_bringup' returned '0': CMAKE_PREFIX_PATH=/opt/ros/humble /usr/bin/cmake /home/yuha/V2X-ball-bot/v2x_ball_bot_bringup -DAMENT_CMAKE_SYMLINK_INSTALL=1 -DCMAKE_INSTALL_PREFIX=/home/yuha/V2X-ball-bot/install/v2x_ball_bot_bringup
[1.289s] Invoking command in '/home/yuha/V2X-ball-bot/build/v2x_ball_bot_bringup': CMAKE_PREFIX_PATH=/opt/ros/humble /usr/bin/cmake --build /home/yuha/V2X-ball-bot/build/v2x_ball_bot_bringup -- -j22 -l22
[1.314s] Invoked command in '/home/yuha/V2X-ball-bot/build/v2x_ball_bot_bringup' returned '0': CMAKE_PREFIX_PATH=/opt/ros/humble /usr/bin/cmake --build /home/yuha/V2X-ball-bot/build/v2x_ball_bot_bringup -- -j22 -l22
[1.325s] Invoking command in '/home/yuha/V2X-ball-bot/build/v2x_ball_bot_bringup': CMAKE_PREFIX_PATH=/opt/ros/humble /usr/bin/cmake --install /home/yuha/V2X-ball-bot/build/v2x_ball_bot_bringup
[1.330s] -- Install configuration: ""
[1.330s] -- Execute custom install script
[1.331s] -- Symlinking: /home/yuha/V2X-ball-bot/install/v2x_ball_bot_bringup/share/v2x_ball_bot_bringup/launch/ball_perception.launch.py
[1.339s] -- Symlinking: /home/yuha/V2X-ball-bot/install/v2x_ball_bot_bringup/share/v2x_ball_bot_bringup/launch/bringup_min.launch.py
[1.345s] -- Symlinking: /home/yuha/V2X-ball-bot/install/v2x_ball_bot_bringup/share/v2x_ball_bot_bringup/launch/display.launch.py
[1.351s] -- Symlinking: /home/yuha/V2X-ball-bot/install/v2x_ball_bot_bringup/share/v2x_ball_bot_bringup/launch/display_map.launch.py
[1.358s] -- Symlinking: /home/yuha/V2X-ball-bot/install/v2x_ball_bot_bringup/share/v2x_ball_bot_bringup/launch/display_ros2.launch.py
[1.364s] -- Symlinking: /home/yuha/V2X-ball-bot/install/v2x_ball_bot_bringup/share/v2x_ball_bot_bringup/launch/gz_sim.launch.py
[1.372s] -- Symlinking: /home/yuha/V2X-ball-bot/install/v2x_ball_bot_bringup/share/v2x_ball_bot_bringup/launch/nav_launch.py
[1.380s] -- Symlinking: /home/yuha/V2X-ball-bot/install/v2x_ball_bot_bringup/share/v2x_ball_bot_bringup/launch/orbbec_camera.launch.py
[1.387s] -- Symlinking: /home/yuha/V2X-ball-bot/install/v2x_ball_bot_bringup/share/v2x_ball_bot_bringup/launch/servo_mux_with_driver.launch.py
[1.394s] -- Symlinking: /home/yuha/V2X-ball-bot/install/v2x_ball_bot_bringup/share/v2x_ball_bot_bringup/launch/v2x_ball_bot_launch.py
[1.402s] -- Symlinking: /home/yuha/V2X-ball-bot/install/v2x_ball_bot_bringup/share/v2x_ball_bot_bringup/config/ball_perception.rviz
[1.410s] -- Symlinking: /home/yuha/V2X-ball-bot/install/v2x_ball_bot_bringup/share/v2x_ball_bot_bringup/config/mapper_params_online_async.yaml
[1.416s] -- Symlinking: /home/yuha/V2X-ball-bot/install/v2x_ball_bot_bringup/share/v2x_ball_bot_bringup/config/nav2_params.yaml
[1.424s] -- Symlinking: /home/yuha/V2X-ball-bot/install/v2x_ball_bot_bringup/share/v2x_ball_bot_bringup/config/twist_mux.yaml
[1.431s] -- Symlinking: /home/yuha/V2X-ball-bot/install/v2x_ball_bot_bringup/share/v2x_ball_bot_bringup/worlds/empty_gz.world.sdf
[1.437s] -- Symlinking: /home/yuha/V2X-ball-bot/install/v2x_ball_bot_bringup/share/v2x_ball_bot_bringup/worlds/gz_resource_path.dsv.in
[1.444s] -- Symlinking: /home/yuha/V2X-ball-bot/install/v2x_ball_bot_bringup/share/v2x_ball_bot_bringup/ament_cmake_environment_hooks/gz_resource_path.dsv
[1.452s] -- Symlinking: /home/yuha/V2X-ball-bot/install/v2x_ball_bot_bringup/share/ament_index/resource_index/package_run_dependencies/v2x_ball_bot_bringup
[1.458s] -- Symlinking: /home/yuha/V2X-ball-bot/install/v2x_ball_bot_bringup/share/ament_index/resource_index/parent_prefix_path/v2x_ball_bot_bringup
[1.466s] -- Symlinking: /home/yuha/V2X-ball-bot/install/v2x_ball_bot_bringup/share/v2x_ball_bot_bringup/environment/ament_prefix_path.sh
[1.473s] -- Symlinking: /home/yuha/V2X-ball-bot/install/v2x_ball_bot_bringup/share/v2x_ball_bot_bringup/environment/ament_prefix_path.dsv
[1.480s] -- Symlinking: /home/yuha/V2X-ball-bot/install/v2x_ball_bot_bringup/share/v2x_ball_bot_bringup/environment/path.sh
[1.487s] -- Symlinking: /home/yuha/V2X-ball-bot/install/v2x_ball_bot_bringup/share/v2x_ball_bot_bringup/environment/path.dsv
[1.495s] -- Symlinking: /home/yuha/V2X-ball-bot/install/v2x_ball_bot_bringup/share/v2x_ball_bot_bringup/local_setup.bash
[1.502s] -- Symlinking: /home/yuha/V2X-ball-bot/install/v2x_ball_bot_bringup/share/v2x_ball_bot_bringup/local_setup.sh
[1.509s] -- Symlinking: /home/yuha/V2X-ball-bot/install/v2x_ball_bot_bringup/share/v2x_ball_bot_bringup/local_setup.zsh
[1.516s] -- Symlinking: /home/yuha/V2X-ball-bot/install/v2x_ball_bot_bringup/share/v2x_ball_bot_bringup/local_setup.dsv
[1.522s] -- Symlinking: /home/yuha/V2X-ball-bot/install/v2x_ball_bot_bringup/share/v2x_ball_bot_bringup/package.dsv
[1.529s] -- Symlinking: /home/yuha/V2X-ball-bot/install/v2x_ball_bot_bringup/share/ament_index/resource_index/packages/v2x_ball_bot_bringup
[1.535s] -- Symlinking: /home/yuha/V2X-ball-bot/install/v2x_ball_bot_bringup/share/v2x_ball_bot_bringup/cmake/v2x_ball_bot_bringupConfig.cmake
[1.541s] -- Symlinking: /home/yuha/V2X-ball-bot/install/v2x_ball_bot_bringup/share/v2x_ball_bot_bringup/cmake/v2x_ball_bot_bringupConfig-version.cmake
[1.547s] -- Symlinking: /home/yuha/V2X-ball-bot/install/v2x_ball_bot_bringup/share/v2x_ball_bot_bringup/package.xml
[1.554s] Invoked command in '/home/yuha/V2X-ball-bot/build/v2x_ball_bot_bringup' returned '0': CMAKE_PREFIX_PATH=/opt/ros/humble /usr/bin/cmake --install /home/yuha/V2X-ball-bot/build/v2x_ball_bot_bringup
