[0.062s] Invoking command in '/home/yuha/V2X-ball-bot/build/v2x_ball_bot_control': AMENT_PREFIX_PATH=/home/yuha/V2X-ball-bot/install/v2x_ball_bot_msgs:${AMENT_PREFIX_PATH} CMAKE_PREFIX_PATH=/home/yuha/V2X-ball-bot/install/v2x_ball_bot_msgs:/opt/ros/humble LD_LIBRARY_PATH=/home/yuha/V2X-ball-bot/install/v2x_ball_bot_msgs/lib:${LD_LIBRARY_PATH} PYTHONPATH=/home/yuha/V2X-ball-bot/install/v2x_ball_bot_msgs/local/lib/python3.10/dist-packages:${PYTHONPATH} /usr/bin/cmake /home/yuha/V2X-ball-bot/v2x_ball_bot_control -DAMENT_CMAKE_SYMLINK_INSTALL=1 -DCMAKE_INSTALL_PREFIX=/home/yuha/V2X-ball-bot/install/v2x_ball_bot_control
[0.155s] -- The C compiler identification is GNU 11.4.0
[0.415s] -- The CXX compiler identification is GNU 11.4.0
[0.554s] -- Detecting C compiler ABI info
[0.645s] -- Detecting C compiler ABI info - done
[0.649s] -- Check for working C compiler: /usr/bin/cc - skipped
[0.649s] -- Detecting C compile features
[0.649s] -- Detecting C compile features - done
[0.651s] -- Detecting CXX compiler ABI info
[0.747s] -- Detecting CXX compiler ABI info - done
[0.751s] -- Check for working CXX compiler: /usr/bin/c++ - skipped
[0.751s] -- Detecting CXX compile features
[0.752s] -- Detecting CXX compile features - done
[0.753s] -- Found ament_cmake: 1.3.11 (/opt/ros/humble/share/ament_cmake/cmake)
[0.851s] -- Found Python3: /usr/bin/python3 (found version "3.10.12") found components: Interpreter 
[0.893s] -- Override CMake install command with custom implementation using symlinks instead of copying resources
[1.006s] -- Configuring done
[1.010s] -- Generating done
[1.011s] -- Build files have been written to: /home/yuha/V2X-ball-bot/build/v2x_ball_bot_control
[1.015s] Invoked command in '/home/yuha/V2X-ball-bot/build/v2x_ball_bot_control' returned '0': AMENT_PREFIX_PATH=/home/yuha/V2X-ball-bot/install/v2x_ball_bot_msgs:${AMENT_PREFIX_PATH} CMAKE_PREFIX_PATH=/home/yuha/V2X-ball-bot/install/v2x_ball_bot_msgs:/opt/ros/humble LD_LIBRARY_PATH=/home/yuha/V2X-ball-bot/install/v2x_ball_bot_msgs/lib:${LD_LIBRARY_PATH} PYTHONPATH=/home/yuha/V2X-ball-bot/install/v2x_ball_bot_msgs/local/lib/python3.10/dist-packages:${PYTHONPATH} /usr/bin/cmake /home/yuha/V2X-ball-bot/v2x_ball_bot_control -DAMENT_CMAKE_SYMLINK_INSTALL=1 -DCMAKE_INSTALL_PREFIX=/home/yuha/V2X-ball-bot/install/v2x_ball_bot_control
[1.016s] Invoking command in '/home/yuha/V2X-ball-bot/build/v2x_ball_bot_control': AMENT_PREFIX_PATH=/home/yuha/V2X-ball-bot/install/v2x_ball_bot_msgs:${AMENT_PREFIX_PATH} CMAKE_PREFIX_PATH=/home/yuha/V2X-ball-bot/install/v2x_ball_bot_msgs:/opt/ros/humble LD_LIBRARY_PATH=/home/yuha/V2X-ball-bot/install/v2x_ball_bot_msgs/lib:${LD_LIBRARY_PATH} PYTHONPATH=/home/yuha/V2X-ball-bot/install/v2x_ball_bot_msgs/local/lib/python3.10/dist-packages:${PYTHONPATH} /usr/bin/cmake --build /home/yuha/V2X-ball-bot/build/v2x_ball_bot_control -- -j22 -l22
[1.051s] Built target ament_cmake_python_symlink_v2x_ball_bot_control
[1.206s] running egg_info
[1.206s] creating v2x_ball_bot_control.egg-info
[1.207s] writing v2x_ball_bot_control.egg-info/PKG-INFO
[1.208s] writing dependency_links to v2x_ball_bot_control.egg-info/dependency_links.txt
[1.208s] writing top-level names to v2x_ball_bot_control.egg-info/top_level.txt
[1.208s] writing manifest file 'v2x_ball_bot_control.egg-info/SOURCES.txt'
[1.209s] reading manifest file 'v2x_ball_bot_control.egg-info/SOURCES.txt'
[1.211s] writing manifest file 'v2x_ball_bot_control.egg-info/SOURCES.txt'
[1.241s] Built target ament_cmake_python_build_v2x_ball_bot_control_egg
[1.251s] Invoked command in '/home/yuha/V2X-ball-bot/build/v2x_ball_bot_control' returned '0': AMENT_PREFIX_PATH=/home/yuha/V2X-ball-bot/install/v2x_ball_bot_msgs:${AMENT_PREFIX_PATH} CMAKE_PREFIX_PATH=/home/yuha/V2X-ball-bot/install/v2x_ball_bot_msgs:/opt/ros/humble LD_LIBRARY_PATH=/home/yuha/V2X-ball-bot/install/v2x_ball_bot_msgs/lib:${LD_LIBRARY_PATH} PYTHONPATH=/home/yuha/V2X-ball-bot/install/v2x_ball_bot_msgs/local/lib/python3.10/dist-packages:${PYTHONPATH} /usr/bin/cmake --build /home/yuha/V2X-ball-bot/build/v2x_ball_bot_control -- -j22 -l22
[1.254s] Invoking command in '/home/yuha/V2X-ball-bot/build/v2x_ball_bot_control': AMENT_PREFIX_PATH=/home/yuha/V2X-ball-bot/install/v2x_ball_bot_msgs:${AMENT_PREFIX_PATH} CMAKE_PREFIX_PATH=/home/yuha/V2X-ball-bot/install/v2x_ball_bot_msgs:/opt/ros/humble LD_LIBRARY_PATH=/home/yuha/V2X-ball-bot/install/v2x_ball_bot_msgs/lib:${LD_LIBRARY_PATH} PYTHONPATH=/home/yuha/V2X-ball-bot/install/v2x_ball_bot_msgs/local/lib/python3.10/dist-packages:${PYTHONPATH} /usr/bin/cmake --install /home/yuha/V2X-ball-bot/build/v2x_ball_bot_control
[1.259s] -- Install configuration: ""
[1.260s] -- Execute custom install script
[1.260s] -- Symlinking: /home/yuha/V2X-ball-bot/install/v2x_ball_bot_control/share/v2x_ball_bot_control/environment/pythonpath.sh
[1.269s] -- Symlinking: /home/yuha/V2X-ball-bot/install/v2x_ball_bot_control/share/v2x_ball_bot_control/environment/pythonpath.dsv
[1.276s] -- Symlinking: /home/yuha/V2X-ball-bot/install/v2x_ball_bot_control/local/lib/python3.10/dist-packages/v2x_ball_bot_control-0.0.0-py3.10.egg-info/PKG-INFO
[1.283s] -- Symlinking: /home/yuha/V2X-ball-bot/install/v2x_ball_bot_control/local/lib/python3.10/dist-packages/v2x_ball_bot_control-0.0.0-py3.10.egg-info/SOURCES.txt
[1.291s] -- Symlinking: /home/yuha/V2X-ball-bot/install/v2x_ball_bot_control/local/lib/python3.10/dist-packages/v2x_ball_bot_control-0.0.0-py3.10.egg-info/dependency_links.txt
[1.297s] -- Symlinking: /home/yuha/V2X-ball-bot/install/v2x_ball_bot_control/local/lib/python3.10/dist-packages/v2x_ball_bot_control-0.0.0-py3.10.egg-info/top_level.txt
[1.305s] -- Symlinking: /home/yuha/V2X-ball-bot/install/v2x_ball_bot_control/local/lib/python3.10/dist-packages/v2x_ball_bot_control/.DS_Store
[1.311s] -- Symlinking: /home/yuha/V2X-ball-bot/install/v2x_ball_bot_control/local/lib/python3.10/dist-packages/v2x_ball_bot_control/__init__.py
[1.318s] -- Symlinking: /home/yuha/V2X-ball-bot/install/v2x_ball_bot_control/local/lib/python3.10/dist-packages/v2x_ball_bot_control/ball_follower_node.py
[1.327s] -- Symlinking: /home/yuha/V2X-ball-bot/install/v2x_ball_bot_control/local/lib/python3.10/dist-packages/v2x_ball_bot_control/ball_perception/__init__.py
[1.333s] -- Symlinking: /home/yuha/V2X-ball-bot/install/v2x_ball_bot_control/local/lib/python3.10/dist-packages/v2x_ball_bot_control/ball_perception/debug_visualizer.py
[1.339s] -- Symlinking: /home/yuha/V2X-ball-bot/install/v2x_ball_bot_control/local/lib/python3.10/dist-packages/v2x_ball_bot_control/ball_perception/depth_mapper.py
[1.346s] -- Symlinking: /home/yuha/V2X-ball-bot/install/v2x_ball_bot_control/local/lib/python3.10/dist-packages/v2x_ball_bot_control/ball_perception/detector.py
[1.353s] -- Symlinking: /home/yuha/V2X-ball-bot/install/v2x_ball_bot_control/local/lib/python3.10/dist-packages/v2x_ball_bot_control/ball_perception/marker_utils.py
[1.361s] -- Symlinking: /home/yuha/V2X-ball-bot/install/v2x_ball_bot_control/local/lib/python3.10/dist-packages/v2x_ball_bot_control/ball_perception/selector.py
[1.367s] -- Symlinking: /home/yuha/V2X-ball-bot/install/v2x_ball_bot_control/local/lib/python3.10/dist-packages/v2x_ball_bot_control/ball_perception/tracker.py
[1.375s] -- Symlinking: /home/yuha/V2X-ball-bot/install/v2x_ball_bot_control/local/lib/python3.10/dist-packages/v2x_ball_bot_control/ball_perception_node.py
[1.381s] -- Symlinking: /home/yuha/V2X-ball-bot/install/v2x_ball_bot_control/local/lib/python3.10/dist-packages/v2x_ball_bot_control/ball_pickup_node.py
[1.387s] -- Symlinking: /home/yuha/V2X-ball-bot/install/v2x_ball_bot_control/local/lib/python3.10/dist-packages/v2x_ball_bot_control/court_manager.py
[1.395s] -- Symlinking: /home/yuha/V2X-ball-bot/install/v2x_ball_bot_control/local/lib/python3.10/dist-packages/v2x_ball_bot_control/map_transform_node.py
[1.401s] -- Symlinking: /home/yuha/V2X-ball-bot/install/v2x_ball_bot_control/local/lib/python3.10/dist-packages/v2x_ball_bot_control/motor_driver_node.py
[1.408s] -- Symlinking: /home/yuha/V2X-ball-bot/install/v2x_ball_bot_control/local/lib/python3.10/dist-packages/v2x_ball_bot_control/new_ball_detector.pt
[1.414s] -- Symlinking: /home/yuha/V2X-ball-bot/install/v2x_ball_bot_control/local/lib/python3.10/dist-packages/v2x_ball_bot_control/obstacle_detection_node.py
[1.420s] -- Symlinking: /home/yuha/V2X-ball-bot/install/v2x_ball_bot_control/local/lib/python3.10/dist-packages/v2x_ball_bot_control/odom_tf_pub.py
[1.426s] -- Symlinking: /home/yuha/V2X-ball-bot/install/v2x_ball_bot_control/local/lib/python3.10/dist-packages/v2x_ball_bot_control/rosmaster.py
[1.432s] -- Symlinking: /home/yuha/V2X-ball-bot/install/v2x_ball_bot_control/local/lib/python3.10/dist-packages/v2x_ball_bot_control/scan_manager.py
[1.440s] -- Symlinking: /home/yuha/V2X-ball-bot/install/v2x_ball_bot_control/local/lib/python3.10/dist-packages/v2x_ball_bot_control/visual_servoing_node.py
[1.446s] -- Symlinking: /home/yuha/V2X-ball-bot/install/v2x_ball_bot_control/lib/v2x_ball_bot_control/new_ball_detector.pt
[1.454s] -- Symlinking: /home/yuha/V2X-ball-bot/install/v2x_ball_bot_control/share/ament_index/resource_index/package_run_dependencies/v2x_ball_bot_control
[1.462s] -- Symlinking: /home/yuha/V2X-ball-bot/install/v2x_ball_bot_control/share/ament_index/resource_index/parent_prefix_path/v2x_ball_bot_control
[1.468s] -- Symlinking: /home/yuha/V2X-ball-bot/install/v2x_ball_bot_control/share/v2x_ball_bot_control/environment/ament_prefix_path.sh
[1.476s] -- Symlinking: /home/yuha/V2X-ball-bot/install/v2x_ball_bot_control/share/v2x_ball_bot_control/environment/ament_prefix_path.dsv
[1.482s] -- Symlinking: /home/yuha/V2X-ball-bot/install/v2x_ball_bot_control/share/v2x_ball_bot_control/environment/path.sh
[1.489s] -- Symlinking: /home/yuha/V2X-ball-bot/install/v2x_ball_bot_control/share/v2x_ball_bot_control/environment/path.dsv
[1.497s] -- Symlinking: /home/yuha/V2X-ball-bot/install/v2x_ball_bot_control/share/v2x_ball_bot_control/local_setup.bash
[1.502s] -- Symlinking: /home/yuha/V2X-ball-bot/install/v2x_ball_bot_control/share/v2x_ball_bot_control/local_setup.sh
[1.509s] -- Symlinking: /home/yuha/V2X-ball-bot/install/v2x_ball_bot_control/share/v2x_ball_bot_control/local_setup.zsh
[1.515s] -- Symlinking: /home/yuha/V2X-ball-bot/install/v2x_ball_bot_control/share/v2x_ball_bot_control/local_setup.dsv
[1.522s] -- Symlinking: /home/yuha/V2X-ball-bot/install/v2x_ball_bot_control/share/v2x_ball_bot_control/package.dsv
[1.529s] -- Symlinking: /home/yuha/V2X-ball-bot/install/v2x_ball_bot_control/share/ament_index/resource_index/packages/v2x_ball_bot_control
[1.537s] -- Symlinking: /home/yuha/V2X-ball-bot/install/v2x_ball_bot_control/share/v2x_ball_bot_control/cmake/v2x_ball_bot_controlConfig.cmake
[1.544s] -- Symlinking: /home/yuha/V2X-ball-bot/install/v2x_ball_bot_control/share/v2x_ball_bot_control/cmake/v2x_ball_bot_controlConfig-version.cmake
[1.552s] -- Symlinking: /home/yuha/V2X-ball-bot/install/v2x_ball_bot_control/share/v2x_ball_bot_control/package.xml
[1.598s] Listing '/home/yuha/V2X-ball-bot/install/v2x_ball_bot_control/local/lib/python3.10/dist-packages/v2x_ball_bot_control'...
[1.598s] Compiling '/home/yuha/V2X-ball-bot/install/v2x_ball_bot_control/local/lib/python3.10/dist-packages/v2x_ball_bot_control/__init__.py'...
[1.598s] Compiling '/home/yuha/V2X-ball-bot/install/v2x_ball_bot_control/local/lib/python3.10/dist-packages/v2x_ball_bot_control/ball_follower_node.py'...
[1.598s] Listing '/home/yuha/V2X-ball-bot/install/v2x_ball_bot_control/local/lib/python3.10/dist-packages/v2x_ball_bot_control/ball_perception'...
[1.598s] Compiling '/home/yuha/V2X-ball-bot/install/v2x_ball_bot_control/local/lib/python3.10/dist-packages/v2x_ball_bot_control/ball_perception/__init__.py'...
[1.598s] Compiling '/home/yuha/V2X-ball-bot/install/v2x_ball_bot_control/local/lib/python3.10/dist-packages/v2x_ball_bot_control/ball_perception/debug_visualizer.py'...
[1.598s] Compiling '/home/yuha/V2X-ball-bot/install/v2x_ball_bot_control/local/lib/python3.10/dist-packages/v2x_ball_bot_control/ball_perception/depth_mapper.py'...
[1.598s] Compiling '/home/yuha/V2X-ball-bot/install/v2x_ball_bot_control/local/lib/python3.10/dist-packages/v2x_ball_bot_control/ball_perception/detector.py'...
[1.598s] Compiling '/home/yuha/V2X-ball-bot/install/v2x_ball_bot_control/local/lib/python3.10/dist-packages/v2x_ball_bot_control/ball_perception/marker_utils.py'...
[1.598s] Compiling '/home/yuha/V2X-ball-bot/install/v2x_ball_bot_control/local/lib/python3.10/dist-packages/v2x_ball_bot_control/ball_perception/selector.py'...
[1.598s] Compiling '/home/yuha/V2X-ball-bot/install/v2x_ball_bot_control/local/lib/python3.10/dist-packages/v2x_ball_bot_control/ball_perception/tracker.py'...
[1.598s] Compiling '/home/yuha/V2X-ball-bot/install/v2x_ball_bot_control/local/lib/python3.10/dist-packages/v2x_ball_bot_control/ball_perception_node.py'...
[1.598s] Compiling '/home/yuha/V2X-ball-bot/install/v2x_ball_bot_control/local/lib/python3.10/dist-packages/v2x_ball_bot_control/ball_pickup_node.py'...
[1.598s] Compiling '/home/yuha/V2X-ball-bot/install/v2x_ball_bot_control/local/lib/python3.10/dist-packages/v2x_ball_bot_control/court_manager.py'...
[1.598s] Compiling '/home/yuha/V2X-ball-bot/install/v2x_ball_bot_control/local/lib/python3.10/dist-packages/v2x_ball_bot_control/map_transform_node.py'...
[1.598s] Compiling '/home/yuha/V2X-ball-bot/install/v2x_ball_bot_control/local/lib/python3.10/dist-packages/v2x_ball_bot_control/motor_driver_node.py'...
[1.599s] Compiling '/home/yuha/V2X-ball-bot/install/v2x_ball_bot_control/local/lib/python3.10/dist-packages/v2x_ball_bot_control/obstacle_detection_node.py'...
[1.599s] Compiling '/home/yuha/V2X-ball-bot/install/v2x_ball_bot_control/local/lib/python3.10/dist-packages/v2x_ball_bot_control/odom_tf_pub.py'...
[1.599s] Compiling '/home/yuha/V2X-ball-bot/install/v2x_ball_bot_control/local/lib/python3.10/dist-packages/v2x_ball_bot_control/rosmaster.py'...
[1.599s] Compiling '/home/yuha/V2X-ball-bot/install/v2x_ball_bot_control/local/lib/python3.10/dist-packages/v2x_ball_bot_control/scan_manager.py'...
[1.599s] Compiling '/home/yuha/V2X-ball-bot/install/v2x_ball_bot_control/local/lib/python3.10/dist-packages/v2x_ball_bot_control/visual_servoing_node.py'...
[1.602s] -- Installing: /home/yuha/V2X-ball-bot/install/v2x_ball_bot_control/lib/v2x_ball_bot_control/ball_perception_node
[1.602s] -- Installing: /home/yuha/V2X-ball-bot/install/v2x_ball_bot_control/lib/v2x_ball_bot_control/ball_follower_node
[1.602s] -- Installing: /home/yuha/V2X-ball-bot/install/v2x_ball_bot_control/lib/v2x_ball_bot_control/ball_pickup_node
[1.603s] -- Installing: /home/yuha/V2X-ball-bot/install/v2x_ball_bot_control/lib/v2x_ball_bot_control/obstacle_detection_node
[1.603s] -- Installing: /home/yuha/V2X-ball-bot/install/v2x_ball_bot_control/lib/v2x_ball_bot_control/odom_tf_pub.py
[1.603s] -- Installing: /home/yuha/V2X-ball-bot/install/v2x_ball_bot_control/lib/v2x_ball_bot_control/map_transform_node
[1.603s] -- Installing: /home/yuha/V2X-ball-bot/install/v2x_ball_bot_control/lib/v2x_ball_bot_control/court_manager
[1.605s] Invoked command in '/home/yuha/V2X-ball-bot/build/v2x_ball_bot_control' returned '0': AMENT_PREFIX_PATH=/home/yuha/V2X-ball-bot/install/v2x_ball_bot_msgs:${AMENT_PREFIX_PATH} CMAKE_PREFIX_PATH=/home/yuha/V2X-ball-bot/install/v2x_ball_bot_msgs:/opt/ros/humble LD_LIBRARY_PATH=/home/yuha/V2X-ball-bot/install/v2x_ball_bot_msgs/lib:${LD_LIBRARY_PATH} PYTHONPATH=/home/yuha/V2X-ball-bot/install/v2x_ball_bot_msgs/local/lib/python3.10/dist-packages:${PYTHONPATH} /usr/bin/cmake --install /home/yuha/V2X-ball-bot/build/v2x_ball_bot_control
