[0.278s] DEBUG:colcon:Command line arguments: ['/usr/bin/colcon', 'build', '--symlink-install', '--packages-up-to', 'v2x_ball_bot_bringup']
[0.279s] DEBUG:colcon:Parsed command line arguments: Namespace(log_base=None, log_level=None, verb_name='build', build_base='build', install_base='install', merge_install=False, symlink_install=True, test_result_base=None, continue_on_error=False, executor='parallel', parallel_workers=22, event_handlers=None, ignore_user_meta=False, metas=['./colcon.meta'], base_paths=['.'], packages_ignore=None, packages_ignore_regex=None, paths=None, packages_up_to=['v2x_ball_bot_bringup'], packages_up_to_regex=None, packages_above=None, packages_above_and_dependencies=None, packages_above_depth=None, packages_select_by_dep=None, packages_skip_by_dep=None, packages_skip_up_to=None, packages_select_build_failed=False, packages_skip_build_finished=False, packages_select_test_failures=False, packages_skip_test_passed=False, packages_select=None, packages_skip=None, packages_select_regex=None, packages_skip_regex=None, packages_start=None, packages_end=None, allow_overriding=[], cmake_args=None, cmake_target=None, cmake_target_skip_unavailable=False, cmake_clean_cache=False, cmake_clean_first=False, cmake_force_configure=False, ament_cmake_args=None, catkin_cmake_args=None, catkin_skip_building_tests=False, verb_parser=<colcon_defaults.argument_parser.defaults.DefaultArgumentsDecorator object at 0x79e2f72521d0>, verb_extension=<colcon_core.verb.build.BuildVerb object at 0x79e2f7251bd0>, main=<bound method BuildVerb.main of <colcon_core.verb.build.BuildVerb object at 0x79e2f7251bd0>>)
[0.536s] Level 1:colcon.colcon_core.package_discovery:discover_packages(colcon_meta) check parameters
[0.536s] Level 1:colcon.colcon_core.package_discovery:discover_packages(recursive) check parameters
[0.536s] Level 1:colcon.colcon_core.package_discovery:discover_packages(ignore) check parameters
[0.536s] Level 1:colcon.colcon_core.package_discovery:discover_packages(path) check parameters
[0.536s] Level 1:colcon.colcon_core.package_discovery:discover_packages(colcon_meta) discover
[0.536s] Level 1:colcon.colcon_core.package_discovery:discover_packages(recursive) discover
[0.536s] INFO:colcon.colcon_core.package_discovery:Crawling recursively for packages in '/home/yuha/V2X-ball-bot'
[0.536s] Level 1:colcon.colcon_core.package_identification:_identify(.) by extensions ['ignore', 'ignore_ament_install']
[0.536s] Level 1:colcon.colcon_core.package_identification:_identify(.) by extension 'ignore'
[0.536s] Level 1:colcon.colcon_core.package_identification:_identify(.) by extension 'ignore_ament_install'
[0.537s] Level 1:colcon.colcon_core.package_identification:_identify(.) by extensions ['colcon_pkg']
[0.537s] Level 1:colcon.colcon_core.package_identification:_identify(.) by extension 'colcon_pkg'
[0.537s] Level 1:colcon.colcon_core.package_identification:_identify(.) by extensions ['colcon_meta']
[0.537s] Level 1:colcon.colcon_core.package_identification:_identify(.) by extension 'colcon_meta'
[0.537s] Level 1:colcon.colcon_core.package_identification:_identify(.) by extensions ['ros']
[0.537s] Level 1:colcon.colcon_core.package_identification:_identify(.) by extension 'ros'
[0.567s] Level 1:colcon.colcon_core.package_identification:_identify(.) by extensions ['cmake', 'python']
[0.567s] Level 1:colcon.colcon_core.package_identification:_identify(.) by extension 'cmake'
[0.567s] Level 1:colcon.colcon_core.package_identification:_identify(.) by extension 'python'
[0.567s] Level 1:colcon.colcon_core.package_identification:_identify(.) by extensions ['python_setup_py']
[0.567s] Level 1:colcon.colcon_core.package_identification:_identify(.) by extension 'python_setup_py'
[0.567s] Level 1:colcon.colcon_core.package_identification:_identify(OrbbecSDK_ROS2) by extensions ['ignore', 'ignore_ament_install']
[0.567s] Level 1:colcon.colcon_core.package_identification:_identify(OrbbecSDK_ROS2) by extension 'ignore'
[0.567s] Level 1:colcon.colcon_core.package_identification:_identify(OrbbecSDK_ROS2) by extension 'ignore_ament_install'
[0.567s] Level 1:colcon.colcon_core.package_identification:_identify(OrbbecSDK_ROS2) by extensions ['colcon_pkg']
[0.568s] Level 1:colcon.colcon_core.package_identification:_identify(OrbbecSDK_ROS2) by extension 'colcon_pkg'
[0.568s] Level 1:colcon.colcon_core.package_identification:_identify(OrbbecSDK_ROS2) by extensions ['colcon_meta']
[0.568s] Level 1:colcon.colcon_core.package_identification:_identify(OrbbecSDK_ROS2) by extension 'colcon_meta'
[0.568s] Level 1:colcon.colcon_core.package_identification:_identify(OrbbecSDK_ROS2) by extensions ['ros']
[0.568s] Level 1:colcon.colcon_core.package_identification:_identify(OrbbecSDK_ROS2) by extension 'ros'
[0.568s] Level 1:colcon.colcon_core.package_identification:_identify(OrbbecSDK_ROS2) by extensions ['cmake', 'python']
[0.568s] Level 1:colcon.colcon_core.package_identification:_identify(OrbbecSDK_ROS2) by extension 'cmake'
[0.568s] Level 1:colcon.colcon_core.package_identification:_identify(OrbbecSDK_ROS2) by extension 'python'
[0.568s] Level 1:colcon.colcon_core.package_identification:_identify(OrbbecSDK_ROS2) by extensions ['python_setup_py']
[0.568s] Level 1:colcon.colcon_core.package_identification:_identify(OrbbecSDK_ROS2) by extension 'python_setup_py'
[0.568s] Level 1:colcon.colcon_core.package_identification:_identify(OrbbecSDK_ROS2/docs) by extensions ['ignore', 'ignore_ament_install']
[0.568s] Level 1:colcon.colcon_core.package_identification:_identify(OrbbecSDK_ROS2/docs) by extension 'ignore'
[0.568s] Level 1:colcon.colcon_core.package_identification:_identify(OrbbecSDK_ROS2/docs) by extension 'ignore_ament_install'
[0.568s] Level 1:colcon.colcon_core.package_identification:_identify(OrbbecSDK_ROS2/docs) by extensions ['colcon_pkg']
[0.568s] Level 1:colcon.colcon_core.package_identification:_identify(OrbbecSDK_ROS2/docs) by extension 'colcon_pkg'
[0.568s] Level 1:colcon.colcon_core.package_identification:_identify(OrbbecSDK_ROS2/docs) by extensions ['colcon_meta']
[0.568s] Level 1:colcon.colcon_core.package_identification:_identify(OrbbecSDK_ROS2/docs) by extension 'colcon_meta'
[0.568s] Level 1:colcon.colcon_core.package_identification:_identify(OrbbecSDK_ROS2/docs) by extensions ['ros']
[0.568s] Level 1:colcon.colcon_core.package_identification:_identify(OrbbecSDK_ROS2/docs) by extension 'ros'
[0.568s] Level 1:colcon.colcon_core.package_identification:_identify(OrbbecSDK_ROS2/docs) by extensions ['cmake', 'python']
[0.568s] Level 1:colcon.colcon_core.package_identification:_identify(OrbbecSDK_ROS2/docs) by extension 'cmake'
[0.568s] Level 1:colcon.colcon_core.package_identification:_identify(OrbbecSDK_ROS2/docs) by extension 'python'
[0.569s] Level 1:colcon.colcon_core.package_identification:_identify(OrbbecSDK_ROS2/docs) by extensions ['python_setup_py']
[0.569s] Level 1:colcon.colcon_core.package_identification:_identify(OrbbecSDK_ROS2/docs) by extension 'python_setup_py'
[0.569s] Level 1:colcon.colcon_core.package_identification:_identify(OrbbecSDK_ROS2/docs/images) by extensions ['ignore', 'ignore_ament_install']
[0.569s] Level 1:colcon.colcon_core.package_identification:_identify(OrbbecSDK_ROS2/docs/images) by extension 'ignore'
[0.569s] Level 1:colcon.colcon_core.package_identification:_identify(OrbbecSDK_ROS2/docs/images) by extension 'ignore_ament_install'
[0.569s] Level 1:colcon.colcon_core.package_identification:_identify(OrbbecSDK_ROS2/docs/images) by extensions ['colcon_pkg']
[0.569s] Level 1:colcon.colcon_core.package_identification:_identify(OrbbecSDK_ROS2/docs/images) by extension 'colcon_pkg'
[0.569s] Level 1:colcon.colcon_core.package_identification:_identify(OrbbecSDK_ROS2/docs/images) by extensions ['colcon_meta']
[0.569s] Level 1:colcon.colcon_core.package_identification:_identify(OrbbecSDK_ROS2/docs/images) by extension 'colcon_meta'
[0.569s] Level 1:colcon.colcon_core.package_identification:_identify(OrbbecSDK_ROS2/docs/images) by extensions ['ros']
[0.569s] Level 1:colcon.colcon_core.package_identification:_identify(OrbbecSDK_ROS2/docs/images) by extension 'ros'
[0.569s] Level 1:colcon.colcon_core.package_identification:_identify(OrbbecSDK_ROS2/docs/images) by extensions ['cmake', 'python']
[0.569s] Level 1:colcon.colcon_core.package_identification:_identify(OrbbecSDK_ROS2/docs/images) by extension 'cmake'
[0.569s] Level 1:colcon.colcon_core.package_identification:_identify(OrbbecSDK_ROS2/docs/images) by extension 'python'
[0.570s] Level 1:colcon.colcon_core.package_identification:_identify(OrbbecSDK_ROS2/docs/images) by extensions ['python_setup_py']
[0.570s] Level 1:colcon.colcon_core.package_identification:_identify(OrbbecSDK_ROS2/docs/images) by extension 'python_setup_py'
[0.570s] Level 1:colcon.colcon_core.package_identification:_identify(OrbbecSDK_ROS2/orbbec_camera) by extensions ['ignore', 'ignore_ament_install']
[0.570s] Level 1:colcon.colcon_core.package_identification:_identify(OrbbecSDK_ROS2/orbbec_camera) by extension 'ignore'
[0.570s] Level 1:colcon.colcon_core.package_identification:_identify(OrbbecSDK_ROS2/orbbec_camera) by extension 'ignore_ament_install'
[0.570s] Level 1:colcon.colcon_core.package_identification:_identify(OrbbecSDK_ROS2/orbbec_camera) by extensions ['colcon_pkg']
[0.570s] Level 1:colcon.colcon_core.package_identification:_identify(OrbbecSDK_ROS2/orbbec_camera) by extension 'colcon_pkg'
[0.570s] Level 1:colcon.colcon_core.package_identification:_identify(OrbbecSDK_ROS2/orbbec_camera) by extensions ['colcon_meta']
[0.570s] Level 1:colcon.colcon_core.package_identification:_identify(OrbbecSDK_ROS2/orbbec_camera) by extension 'colcon_meta'
[0.570s] Level 1:colcon.colcon_core.package_identification:_identify(OrbbecSDK_ROS2/orbbec_camera) by extensions ['ros']
[0.570s] Level 1:colcon.colcon_core.package_identification:_identify(OrbbecSDK_ROS2/orbbec_camera) by extension 'ros'
[0.576s] DEBUG:colcon.colcon_core.package_identification:Package 'OrbbecSDK_ROS2/orbbec_camera' with type 'ros.ament_cmake' and name 'orbbec_camera'
[0.576s] Level 1:colcon.colcon_core.package_identification:_identify(OrbbecSDK_ROS2/orbbec_camera_msgs) by extensions ['ignore', 'ignore_ament_install']
[0.576s] Level 1:colcon.colcon_core.package_identification:_identify(OrbbecSDK_ROS2/orbbec_camera_msgs) by extension 'ignore'
[0.576s] Level 1:colcon.colcon_core.package_identification:_identify(OrbbecSDK_ROS2/orbbec_camera_msgs) by extension 'ignore_ament_install'
[0.576s] Level 1:colcon.colcon_core.package_identification:_identify(OrbbecSDK_ROS2/orbbec_camera_msgs) by extensions ['colcon_pkg']
[0.576s] Level 1:colcon.colcon_core.package_identification:_identify(OrbbecSDK_ROS2/orbbec_camera_msgs) by extension 'colcon_pkg'
[0.576s] Level 1:colcon.colcon_core.package_identification:_identify(OrbbecSDK_ROS2/orbbec_camera_msgs) by extensions ['colcon_meta']
[0.576s] Level 1:colcon.colcon_core.package_identification:_identify(OrbbecSDK_ROS2/orbbec_camera_msgs) by extension 'colcon_meta'
[0.577s] Level 1:colcon.colcon_core.package_identification:_identify(OrbbecSDK_ROS2/orbbec_camera_msgs) by extensions ['ros']
[0.577s] Level 1:colcon.colcon_core.package_identification:_identify(OrbbecSDK_ROS2/orbbec_camera_msgs) by extension 'ros'
[0.577s] DEBUG:colcon.colcon_core.package_identification:Package 'OrbbecSDK_ROS2/orbbec_camera_msgs' with type 'ros.ament_cmake' and name 'orbbec_camera_msgs'
[0.578s] Level 1:colcon.colcon_core.package_identification:_identify(OrbbecSDK_ROS2/orbbec_description) by extensions ['ignore', 'ignore_ament_install']
[0.578s] Level 1:colcon.colcon_core.package_identification:_identify(OrbbecSDK_ROS2/orbbec_description) by extension 'ignore'
[0.578s] Level 1:colcon.colcon_core.package_identification:_identify(OrbbecSDK_ROS2/orbbec_description) by extension 'ignore_ament_install'
[0.578s] Level 1:colcon.colcon_core.package_identification:_identify(OrbbecSDK_ROS2/orbbec_description) by extensions ['colcon_pkg']
[0.578s] Level 1:colcon.colcon_core.package_identification:_identify(OrbbecSDK_ROS2/orbbec_description) by extension 'colcon_pkg'
[0.578s] Level 1:colcon.colcon_core.package_identification:_identify(OrbbecSDK_ROS2/orbbec_description) by extensions ['colcon_meta']
[0.578s] Level 1:colcon.colcon_core.package_identification:_identify(OrbbecSDK_ROS2/orbbec_description) by extension 'colcon_meta'
[0.578s] Level 1:colcon.colcon_core.package_identification:_identify(OrbbecSDK_ROS2/orbbec_description) by extensions ['ros']
[0.578s] Level 1:colcon.colcon_core.package_identification:_identify(OrbbecSDK_ROS2/orbbec_description) by extension 'ros'
[0.579s] DEBUG:colcon.colcon_core.package_identification:Package 'OrbbecSDK_ROS2/orbbec_description' with type 'ros.ament_cmake' and name 'orbbec_description'
[0.579s] Level 1:colcon.colcon_core.package_identification:_identify(__pycache__) by extensions ['ignore', 'ignore_ament_install']
[0.579s] Level 1:colcon.colcon_core.package_identification:_identify(__pycache__) by extension 'ignore'
[0.579s] Level 1:colcon.colcon_core.package_identification:_identify(__pycache__) by extension 'ignore_ament_install'
[0.579s] Level 1:colcon.colcon_core.package_identification:_identify(__pycache__) by extensions ['colcon_pkg']
[0.579s] Level 1:colcon.colcon_core.package_identification:_identify(__pycache__) by extension 'colcon_pkg'
[0.579s] Level 1:colcon.colcon_core.package_identification:_identify(__pycache__) by extensions ['colcon_meta']
[0.579s] Level 1:colcon.colcon_core.package_identification:_identify(__pycache__) by extension 'colcon_meta'
[0.579s] Level 1:colcon.colcon_core.package_identification:_identify(__pycache__) by extensions ['ros']
[0.579s] Level 1:colcon.colcon_core.package_identification:_identify(__pycache__) by extension 'ros'
[0.579s] Level 1:colcon.colcon_core.package_identification:_identify(__pycache__) by extensions ['cmake', 'python']
[0.579s] Level 1:colcon.colcon_core.package_identification:_identify(__pycache__) by extension 'cmake'
[0.579s] Level 1:colcon.colcon_core.package_identification:_identify(__pycache__) by extension 'python'
[0.580s] Level 1:colcon.colcon_core.package_identification:_identify(__pycache__) by extensions ['python_setup_py']
[0.580s] Level 1:colcon.colcon_core.package_identification:_identify(__pycache__) by extension 'python_setup_py'
[0.580s] Level 1:colcon.colcon_core.package_identification:_identify(build) by extensions ['ignore', 'ignore_ament_install']
[0.580s] Level 1:colcon.colcon_core.package_identification:_identify(build) by extension 'ignore'
[0.580s] Level 1:colcon.colcon_core.package_identification:_identify(build) ignored
[0.580s] Level 1:colcon.colcon_core.package_identification:_identify(install) by extensions ['ignore', 'ignore_ament_install']
[0.580s] Level 1:colcon.colcon_core.package_identification:_identify(install) by extension 'ignore'
[0.580s] Level 1:colcon.colcon_core.package_identification:_identify(install) ignored
[0.580s] Level 1:colcon.colcon_core.package_identification:_identify(log) by extensions ['ignore', 'ignore_ament_install']
[0.580s] Level 1:colcon.colcon_core.package_identification:_identify(log) by extension 'ignore'
[0.580s] Level 1:colcon.colcon_core.package_identification:_identify(log) ignored
[0.581s] Level 1:colcon.colcon_core.package_identification:_identify(rplidar_ros) by extensions ['ignore', 'ignore_ament_install']
[0.581s] Level 1:colcon.colcon_core.package_identification:_identify(rplidar_ros) by extension 'ignore'
[0.581s] Level 1:colcon.colcon_core.package_identification:_identify(rplidar_ros) ignored
[0.581s] Level 1:colcon.colcon_core.package_identification:_identify(rplidar_sdk) by extensions ['ignore', 'ignore_ament_install']
[0.581s] Level 1:colcon.colcon_core.package_identification:_identify(rplidar_sdk) by extension 'ignore'
[0.581s] Level 1:colcon.colcon_core.package_identification:_identify(rplidar_sdk) by extension 'ignore_ament_install'
[0.581s] Level 1:colcon.colcon_core.package_identification:_identify(rplidar_sdk) by extensions ['colcon_pkg']
[0.582s] Level 1:colcon.colcon_core.package_identification:_identify(rplidar_sdk) by extension 'colcon_pkg'
[0.582s] Level 1:colcon.colcon_core.package_identification:_identify(rplidar_sdk) by extensions ['colcon_meta']
[0.582s] Level 1:colcon.colcon_core.package_identification:_identify(rplidar_sdk) by extension 'colcon_meta'
[0.582s] Level 1:colcon.colcon_core.package_identification:_identify(rplidar_sdk) by extensions ['ros']
[0.582s] Level 1:colcon.colcon_core.package_identification:_identify(rplidar_sdk) by extension 'ros'
[0.582s] Level 1:colcon.colcon_core.package_identification:_identify(rplidar_sdk) by extensions ['cmake', 'python']
[0.582s] Level 1:colcon.colcon_core.package_identification:_identify(rplidar_sdk) by extension 'cmake'
[0.582s] Level 1:colcon.colcon_core.package_identification:_identify(rplidar_sdk) by extension 'python'
[0.582s] Level 1:colcon.colcon_core.package_identification:_identify(rplidar_sdk) by extensions ['python_setup_py']
[0.582s] Level 1:colcon.colcon_core.package_identification:_identify(rplidar_sdk) by extension 'python_setup_py'
[0.582s] Level 1:colcon.colcon_core.package_identification:_identify(rplidar_sdk/app) by extensions ['ignore', 'ignore_ament_install']
[0.582s] Level 1:colcon.colcon_core.package_identification:_identify(rplidar_sdk/app) by extension 'ignore'
[0.582s] Level 1:colcon.colcon_core.package_identification:_identify(rplidar_sdk/app) by extension 'ignore_ament_install'
[0.582s] Level 1:colcon.colcon_core.package_identification:_identify(rplidar_sdk/app) by extensions ['colcon_pkg']
[0.582s] Level 1:colcon.colcon_core.package_identification:_identify(rplidar_sdk/app) by extension 'colcon_pkg'
[0.582s] Level 1:colcon.colcon_core.package_identification:_identify(rplidar_sdk/app) by extensions ['colcon_meta']
[0.582s] Level 1:colcon.colcon_core.package_identification:_identify(rplidar_sdk/app) by extension 'colcon_meta'
[0.582s] Level 1:colcon.colcon_core.package_identification:_identify(rplidar_sdk/app) by extensions ['ros']
[0.582s] Level 1:colcon.colcon_core.package_identification:_identify(rplidar_sdk/app) by extension 'ros'
[0.584s] Level 1:colcon.colcon_core.package_identification:_identify(rplidar_sdk/app) by extensions ['cmake', 'python']
[0.584s] Level 1:colcon.colcon_core.package_identification:_identify(rplidar_sdk/app) by extension 'cmake'
[0.585s] Level 1:colcon.colcon_core.package_identification:_identify(rplidar_sdk/app) by extension 'python'
[0.585s] Level 1:colcon.colcon_core.package_identification:_identify(rplidar_sdk/app) by extensions ['python_setup_py']
[0.585s] Level 1:colcon.colcon_core.package_identification:_identify(rplidar_sdk/app) by extension 'python_setup_py'
[0.585s] Level 1:colcon.colcon_core.package_identification:_identify(rplidar_sdk/app/custom_baudrate) by extensions ['ignore', 'ignore_ament_install']
[0.585s] Level 1:colcon.colcon_core.package_identification:_identify(rplidar_sdk/app/custom_baudrate) by extension 'ignore'
[0.585s] Level 1:colcon.colcon_core.package_identification:_identify(rplidar_sdk/app/custom_baudrate) by extension 'ignore_ament_install'
[0.587s] Level 1:colcon.colcon_core.package_identification:_identify(rplidar_sdk/app/custom_baudrate) by extensions ['colcon_pkg']
[0.587s] Level 1:colcon.colcon_core.package_identification:_identify(rplidar_sdk/app/custom_baudrate) by extension 'colcon_pkg'
[0.587s] Level 1:colcon.colcon_core.package_identification:_identify(rplidar_sdk/app/custom_baudrate) by extensions ['colcon_meta']
[0.587s] Level 1:colcon.colcon_core.package_identification:_identify(rplidar_sdk/app/custom_baudrate) by extension 'colcon_meta'
[0.587s] Level 1:colcon.colcon_core.package_identification:_identify(rplidar_sdk/app/custom_baudrate) by extensions ['ros']
[0.587s] Level 1:colcon.colcon_core.package_identification:_identify(rplidar_sdk/app/custom_baudrate) by extension 'ros'
[0.587s] Level 1:colcon.colcon_core.package_identification:_identify(rplidar_sdk/app/custom_baudrate) by extensions ['cmake', 'python']
[0.587s] Level 1:colcon.colcon_core.package_identification:_identify(rplidar_sdk/app/custom_baudrate) by extension 'cmake'
[0.587s] Level 1:colcon.colcon_core.package_identification:_identify(rplidar_sdk/app/custom_baudrate) by extension 'python'
[0.588s] Level 1:colcon.colcon_core.package_identification:_identify(rplidar_sdk/app/custom_baudrate) by extensions ['python_setup_py']
[0.588s] Level 1:colcon.colcon_core.package_identification:_identify(rplidar_sdk/app/custom_baudrate) by extension 'python_setup_py'
[0.588s] Level 1:colcon.colcon_core.package_identification:_identify(rplidar_sdk/app/frame_grabber) by extensions ['ignore', 'ignore_ament_install']
[0.588s] Level 1:colcon.colcon_core.package_identification:_identify(rplidar_sdk/app/frame_grabber) by extension 'ignore'
[0.588s] Level 1:colcon.colcon_core.package_identification:_identify(rplidar_sdk/app/frame_grabber) by extension 'ignore_ament_install'
[0.588s] Level 1:colcon.colcon_core.package_identification:_identify(rplidar_sdk/app/frame_grabber) by extensions ['colcon_pkg']
[0.588s] Level 1:colcon.colcon_core.package_identification:_identify(rplidar_sdk/app/frame_grabber) by extension 'colcon_pkg'
[0.588s] Level 1:colcon.colcon_core.package_identification:_identify(rplidar_sdk/app/frame_grabber) by extensions ['colcon_meta']
[0.588s] Level 1:colcon.colcon_core.package_identification:_identify(rplidar_sdk/app/frame_grabber) by extension 'colcon_meta'
[0.588s] Level 1:colcon.colcon_core.package_identification:_identify(rplidar_sdk/app/frame_grabber) by extensions ['ros']
[0.588s] Level 1:colcon.colcon_core.package_identification:_identify(rplidar_sdk/app/frame_grabber) by extension 'ros'
[0.588s] Level 1:colcon.colcon_core.package_identification:_identify(rplidar_sdk/app/frame_grabber) by extensions ['cmake', 'python']
[0.589s] Level 1:colcon.colcon_core.package_identification:_identify(rplidar_sdk/app/frame_grabber) by extension 'cmake'
[0.589s] Level 1:colcon.colcon_core.package_identification:_identify(rplidar_sdk/app/frame_grabber) by extension 'python'
[0.589s] Level 1:colcon.colcon_core.package_identification:_identify(rplidar_sdk/app/frame_grabber) by extensions ['python_setup_py']
[0.589s] Level 1:colcon.colcon_core.package_identification:_identify(rplidar_sdk/app/frame_grabber) by extension 'python_setup_py'
[0.589s] Level 1:colcon.colcon_core.package_identification:_identify(rplidar_sdk/app/frame_grabber/drvlogic) by extensions ['ignore', 'ignore_ament_install']
[0.589s] Level 1:colcon.colcon_core.package_identification:_identify(rplidar_sdk/app/frame_grabber/drvlogic) by extension 'ignore'
[0.589s] Level 1:colcon.colcon_core.package_identification:_identify(rplidar_sdk/app/frame_grabber/drvlogic) by extension 'ignore_ament_install'
[0.589s] Level 1:colcon.colcon_core.package_identification:_identify(rplidar_sdk/app/frame_grabber/drvlogic) by extensions ['colcon_pkg']
[0.589s] Level 1:colcon.colcon_core.package_identification:_identify(rplidar_sdk/app/frame_grabber/drvlogic) by extension 'colcon_pkg'
[0.589s] Level 1:colcon.colcon_core.package_identification:_identify(rplidar_sdk/app/frame_grabber/drvlogic) by extensions ['colcon_meta']
[0.589s] Level 1:colcon.colcon_core.package_identification:_identify(rplidar_sdk/app/frame_grabber/drvlogic) by extension 'colcon_meta'
[0.589s] Level 1:colcon.colcon_core.package_identification:_identify(rplidar_sdk/app/frame_grabber/drvlogic) by extensions ['ros']
[0.589s] Level 1:colcon.colcon_core.package_identification:_identify(rplidar_sdk/app/frame_grabber/drvlogic) by extension 'ros'
[0.590s] Level 1:colcon.colcon_core.package_identification:_identify(rplidar_sdk/app/frame_grabber/drvlogic) by extensions ['cmake', 'python']
[0.590s] Level 1:colcon.colcon_core.package_identification:_identify(rplidar_sdk/app/frame_grabber/drvlogic) by extension 'cmake'
[0.590s] Level 1:colcon.colcon_core.package_identification:_identify(rplidar_sdk/app/frame_grabber/drvlogic) by extension 'python'
[0.590s] Level 1:colcon.colcon_core.package_identification:_identify(rplidar_sdk/app/frame_grabber/drvlogic) by extensions ['python_setup_py']
[0.590s] Level 1:colcon.colcon_core.package_identification:_identify(rplidar_sdk/app/frame_grabber/drvlogic) by extension 'python_setup_py'
[0.590s] Level 1:colcon.colcon_core.package_identification:_identify(rplidar_sdk/app/frame_grabber/ref) by extensions ['ignore', 'ignore_ament_install']
[0.590s] Level 1:colcon.colcon_core.package_identification:_identify(rplidar_sdk/app/frame_grabber/ref) by extension 'ignore'
[0.590s] Level 1:colcon.colcon_core.package_identification:_identify(rplidar_sdk/app/frame_grabber/ref) by extension 'ignore_ament_install'
[0.590s] Level 1:colcon.colcon_core.package_identification:_identify(rplidar_sdk/app/frame_grabber/ref) by extensions ['colcon_pkg']
[0.590s] Level 1:colcon.colcon_core.package_identification:_identify(rplidar_sdk/app/frame_grabber/ref) by extension 'colcon_pkg'
[0.590s] Level 1:colcon.colcon_core.package_identification:_identify(rplidar_sdk/app/frame_grabber/ref) by extensions ['colcon_meta']
[0.590s] Level 1:colcon.colcon_core.package_identification:_identify(rplidar_sdk/app/frame_grabber/ref) by extension 'colcon_meta'
[0.590s] Level 1:colcon.colcon_core.package_identification:_identify(rplidar_sdk/app/frame_grabber/ref) by extensions ['ros']
[0.590s] Level 1:colcon.colcon_core.package_identification:_identify(rplidar_sdk/app/frame_grabber/ref) by extension 'ros'
[0.590s] Level 1:colcon.colcon_core.package_identification:_identify(rplidar_sdk/app/frame_grabber/ref) by extensions ['cmake', 'python']
[0.591s] Level 1:colcon.colcon_core.package_identification:_identify(rplidar_sdk/app/frame_grabber/ref) by extension 'cmake'
[0.591s] Level 1:colcon.colcon_core.package_identification:_identify(rplidar_sdk/app/frame_grabber/ref) by extension 'python'
[0.591s] Level 1:colcon.colcon_core.package_identification:_identify(rplidar_sdk/app/frame_grabber/ref) by extensions ['python_setup_py']
[0.591s] Level 1:colcon.colcon_core.package_identification:_identify(rplidar_sdk/app/frame_grabber/ref) by extension 'python_setup_py'
[0.591s] Level 1:colcon.colcon_core.package_identification:_identify(rplidar_sdk/app/frame_grabber/ref/dnssd) by extensions ['ignore', 'ignore_ament_install']
[0.591s] Level 1:colcon.colcon_core.package_identification:_identify(rplidar_sdk/app/frame_grabber/ref/dnssd) by extension 'ignore'
[0.591s] Level 1:colcon.colcon_core.package_identification:_identify(rplidar_sdk/app/frame_grabber/ref/dnssd) by extension 'ignore_ament_install'
[0.591s] Level 1:colcon.colcon_core.package_identification:_identify(rplidar_sdk/app/frame_grabber/ref/dnssd) by extensions ['colcon_pkg']
[0.591s] Level 1:colcon.colcon_core.package_identification:_identify(rplidar_sdk/app/frame_grabber/ref/dnssd) by extension 'colcon_pkg'
[0.591s] Level 1:colcon.colcon_core.package_identification:_identify(rplidar_sdk/app/frame_grabber/ref/dnssd) by extensions ['colcon_meta']
[0.591s] Level 1:colcon.colcon_core.package_identification:_identify(rplidar_sdk/app/frame_grabber/ref/dnssd) by extension 'colcon_meta'
[0.591s] Level 1:colcon.colcon_core.package_identification:_identify(rplidar_sdk/app/frame_grabber/ref/dnssd) by extensions ['ros']
[0.591s] Level 1:colcon.colcon_core.package_identification:_identify(rplidar_sdk/app/frame_grabber/ref/dnssd) by extension 'ros'
[0.592s] Level 1:colcon.colcon_core.package_identification:_identify(rplidar_sdk/app/frame_grabber/ref/dnssd) by extensions ['cmake', 'python']
[0.592s] Level 1:colcon.colcon_core.package_identification:_identify(rplidar_sdk/app/frame_grabber/ref/dnssd) by extension 'cmake'
[0.592s] Level 1:colcon.colcon_core.package_identification:_identify(rplidar_sdk/app/frame_grabber/ref/dnssd) by extension 'python'
[0.592s] Level 1:colcon.colcon_core.package_identification:_identify(rplidar_sdk/app/frame_grabber/ref/dnssd) by extensions ['python_setup_py']
[0.592s] Level 1:colcon.colcon_core.package_identification:_identify(rplidar_sdk/app/frame_grabber/ref/dnssd) by extension 'python_setup_py'
[0.592s] Level 1:colcon.colcon_core.package_identification:_identify(rplidar_sdk/app/frame_grabber/ref/wtl) by extensions ['ignore', 'ignore_ament_install']
[0.592s] Level 1:colcon.colcon_core.package_identification:_identify(rplidar_sdk/app/frame_grabber/ref/wtl) by extension 'ignore'
[0.592s] Level 1:colcon.colcon_core.package_identification:_identify(rplidar_sdk/app/frame_grabber/ref/wtl) by extension 'ignore_ament_install'
[0.592s] Level 1:colcon.colcon_core.package_identification:_identify(rplidar_sdk/app/frame_grabber/ref/wtl) by extensions ['colcon_pkg']
[0.592s] Level 1:colcon.colcon_core.package_identification:_identify(rplidar_sdk/app/frame_grabber/ref/wtl) by extension 'colcon_pkg'
[0.592s] Level 1:colcon.colcon_core.package_identification:_identify(rplidar_sdk/app/frame_grabber/ref/wtl) by extensions ['colcon_meta']
[0.592s] Level 1:colcon.colcon_core.package_identification:_identify(rplidar_sdk/app/frame_grabber/ref/wtl) by extension 'colcon_meta'
[0.592s] Level 1:colcon.colcon_core.package_identification:_identify(rplidar_sdk/app/frame_grabber/ref/wtl) by extensions ['ros']
[0.592s] Level 1:colcon.colcon_core.package_identification:_identify(rplidar_sdk/app/frame_grabber/ref/wtl) by extension 'ros'
[0.592s] Level 1:colcon.colcon_core.package_identification:_identify(rplidar_sdk/app/frame_grabber/ref/wtl) by extensions ['cmake', 'python']
[0.592s] Level 1:colcon.colcon_core.package_identification:_identify(rplidar_sdk/app/frame_grabber/ref/wtl) by extension 'cmake'
[0.592s] Level 1:colcon.colcon_core.package_identification:_identify(rplidar_sdk/app/frame_grabber/ref/wtl) by extension 'python'
[0.592s] Level 1:colcon.colcon_core.package_identification:_identify(rplidar_sdk/app/frame_grabber/ref/wtl) by extensions ['python_setup_py']
[0.592s] Level 1:colcon.colcon_core.package_identification:_identify(rplidar_sdk/app/frame_grabber/ref/wtl) by extension 'python_setup_py'
[0.593s] Level 1:colcon.colcon_core.package_identification:_identify(rplidar_sdk/app/frame_grabber/res) by extensions ['ignore', 'ignore_ament_install']
[0.593s] Level 1:colcon.colcon_core.package_identification:_identify(rplidar_sdk/app/frame_grabber/res) by extension 'ignore'
[0.593s] Level 1:colcon.colcon_core.package_identification:_identify(rplidar_sdk/app/frame_grabber/res) by extension 'ignore_ament_install'
[0.593s] Level 1:colcon.colcon_core.package_identification:_identify(rplidar_sdk/app/frame_grabber/res) by extensions ['colcon_pkg']
[0.593s] Level 1:colcon.colcon_core.package_identification:_identify(rplidar_sdk/app/frame_grabber/res) by extension 'colcon_pkg'
[0.593s] Level 1:colcon.colcon_core.package_identification:_identify(rplidar_sdk/app/frame_grabber/res) by extensions ['colcon_meta']
[0.593s] Level 1:colcon.colcon_core.package_identification:_identify(rplidar_sdk/app/frame_grabber/res) by extension 'colcon_meta'
[0.593s] Level 1:colcon.colcon_core.package_identification:_identify(rplidar_sdk/app/frame_grabber/res) by extensions ['ros']
[0.593s] Level 1:colcon.colcon_core.package_identification:_identify(rplidar_sdk/app/frame_grabber/res) by extension 'ros'
[0.593s] Level 1:colcon.colcon_core.package_identification:_identify(rplidar_sdk/app/frame_grabber/res) by extensions ['cmake', 'python']
[0.593s] Level 1:colcon.colcon_core.package_identification:_identify(rplidar_sdk/app/frame_grabber/res) by extension 'cmake'
[0.593s] Level 1:colcon.colcon_core.package_identification:_identify(rplidar_sdk/app/frame_grabber/res) by extension 'python'
[0.593s] Level 1:colcon.colcon_core.package_identification:_identify(rplidar_sdk/app/frame_grabber/res) by extensions ['python_setup_py']
[0.593s] Level 1:colcon.colcon_core.package_identification:_identify(rplidar_sdk/app/frame_grabber/res) by extension 'python_setup_py'
[0.593s] Level 1:colcon.colcon_core.package_identification:_identify(rplidar_sdk/app/simple_grabber) by extensions ['ignore', 'ignore_ament_install']
[0.593s] Level 1:colcon.colcon_core.package_identification:_identify(rplidar_sdk/app/simple_grabber) by extension 'ignore'
[0.594s] Level 1:colcon.colcon_core.package_identification:_identify(rplidar_sdk/app/simple_grabber) by extension 'ignore_ament_install'
[0.594s] Level 1:colcon.colcon_core.package_identification:_identify(rplidar_sdk/app/simple_grabber) by extensions ['colcon_pkg']
[0.594s] Level 1:colcon.colcon_core.package_identification:_identify(rplidar_sdk/app/simple_grabber) by extension 'colcon_pkg'
[0.594s] Level 1:colcon.colcon_core.package_identification:_identify(rplidar_sdk/app/simple_grabber) by extensions ['colcon_meta']
[0.594s] Level 1:colcon.colcon_core.package_identification:_identify(rplidar_sdk/app/simple_grabber) by extension 'colcon_meta'
[0.594s] Level 1:colcon.colcon_core.package_identification:_identify(rplidar_sdk/app/simple_grabber) by extensions ['ros']
[0.594s] Level 1:colcon.colcon_core.package_identification:_identify(rplidar_sdk/app/simple_grabber) by extension 'ros'
[0.594s] Level 1:colcon.colcon_core.package_identification:_identify(rplidar_sdk/app/simple_grabber) by extensions ['cmake', 'python']
[0.594s] Level 1:colcon.colcon_core.package_identification:_identify(rplidar_sdk/app/simple_grabber) by extension 'cmake'
[0.594s] Level 1:colcon.colcon_core.package_identification:_identify(rplidar_sdk/app/simple_grabber) by extension 'python'
[0.594s] Level 1:colcon.colcon_core.package_identification:_identify(rplidar_sdk/app/simple_grabber) by extensions ['python_setup_py']
[0.594s] Level 1:colcon.colcon_core.package_identification:_identify(rplidar_sdk/app/simple_grabber) by extension 'python_setup_py'
[0.594s] Level 1:colcon.colcon_core.package_identification:_identify(rplidar_sdk/app/ultra_simple) by extensions ['ignore', 'ignore_ament_install']
[0.594s] Level 1:colcon.colcon_core.package_identification:_identify(rplidar_sdk/app/ultra_simple) by extension 'ignore'
[0.594s] Level 1:colcon.colcon_core.package_identification:_identify(rplidar_sdk/app/ultra_simple) by extension 'ignore_ament_install'
[0.594s] Level 1:colcon.colcon_core.package_identification:_identify(rplidar_sdk/app/ultra_simple) by extensions ['colcon_pkg']
[0.594s] Level 1:colcon.colcon_core.package_identification:_identify(rplidar_sdk/app/ultra_simple) by extension 'colcon_pkg'
[0.594s] Level 1:colcon.colcon_core.package_identification:_identify(rplidar_sdk/app/ultra_simple) by extensions ['colcon_meta']
[0.594s] Level 1:colcon.colcon_core.package_identification:_identify(rplidar_sdk/app/ultra_simple) by extension 'colcon_meta'
[0.594s] Level 1:colcon.colcon_core.package_identification:_identify(rplidar_sdk/app/ultra_simple) by extensions ['ros']
[0.594s] Level 1:colcon.colcon_core.package_identification:_identify(rplidar_sdk/app/ultra_simple) by extension 'ros'
[0.594s] Level 1:colcon.colcon_core.package_identification:_identify(rplidar_sdk/app/ultra_simple) by extensions ['cmake', 'python']
[0.595s] Level 1:colcon.colcon_core.package_identification:_identify(rplidar_sdk/app/ultra_simple) by extension 'cmake'
[0.595s] Level 1:colcon.colcon_core.package_identification:_identify(rplidar_sdk/app/ultra_simple) by extension 'python'
[0.595s] Level 1:colcon.colcon_core.package_identification:_identify(rplidar_sdk/app/ultra_simple) by extensions ['python_setup_py']
[0.595s] Level 1:colcon.colcon_core.package_identification:_identify(rplidar_sdk/app/ultra_simple) by extension 'python_setup_py'
[0.595s] Level 1:colcon.colcon_core.package_identification:_identify(rplidar_sdk/docs) by extensions ['ignore', 'ignore_ament_install']
[0.595s] Level 1:colcon.colcon_core.package_identification:_identify(rplidar_sdk/docs) by extension 'ignore'
[0.595s] Level 1:colcon.colcon_core.package_identification:_identify(rplidar_sdk/docs) by extension 'ignore_ament_install'
[0.595s] Level 1:colcon.colcon_core.package_identification:_identify(rplidar_sdk/docs) by extensions ['colcon_pkg']
[0.595s] Level 1:colcon.colcon_core.package_identification:_identify(rplidar_sdk/docs) by extension 'colcon_pkg'
[0.595s] Level 1:colcon.colcon_core.package_identification:_identify(rplidar_sdk/docs) by extensions ['colcon_meta']
[0.595s] Level 1:colcon.colcon_core.package_identification:_identify(rplidar_sdk/docs) by extension 'colcon_meta'
[0.595s] Level 1:colcon.colcon_core.package_identification:_identify(rplidar_sdk/docs) by extensions ['ros']
[0.595s] Level 1:colcon.colcon_core.package_identification:_identify(rplidar_sdk/docs) by extension 'ros'
[0.595s] Level 1:colcon.colcon_core.package_identification:_identify(rplidar_sdk/docs) by extensions ['cmake', 'python']
[0.595s] Level 1:colcon.colcon_core.package_identification:_identify(rplidar_sdk/docs) by extension 'cmake'
[0.595s] Level 1:colcon.colcon_core.package_identification:_identify(rplidar_sdk/docs) by extension 'python'
[0.595s] Level 1:colcon.colcon_core.package_identification:_identify(rplidar_sdk/docs) by extensions ['python_setup_py']
[0.595s] Level 1:colcon.colcon_core.package_identification:_identify(rplidar_sdk/docs) by extension 'python_setup_py'
[0.595s] Level 1:colcon.colcon_core.package_identification:_identify(rplidar_sdk/sdk) by extensions ['ignore', 'ignore_ament_install']
[0.596s] Level 1:colcon.colcon_core.package_identification:_identify(rplidar_sdk/sdk) by extension 'ignore'
[0.596s] Level 1:colcon.colcon_core.package_identification:_identify(rplidar_sdk/sdk) by extension 'ignore_ament_install'
[0.596s] Level 1:colcon.colcon_core.package_identification:_identify(rplidar_sdk/sdk) by extensions ['colcon_pkg']
[0.596s] Level 1:colcon.colcon_core.package_identification:_identify(rplidar_sdk/sdk) by extension 'colcon_pkg'
[0.596s] Level 1:colcon.colcon_core.package_identification:_identify(rplidar_sdk/sdk) by extensions ['colcon_meta']
[0.596s] Level 1:colcon.colcon_core.package_identification:_identify(rplidar_sdk/sdk) by extension 'colcon_meta'
[0.596s] Level 1:colcon.colcon_core.package_identification:_identify(rplidar_sdk/sdk) by extensions ['ros']
[0.596s] Level 1:colcon.colcon_core.package_identification:_identify(rplidar_sdk/sdk) by extension 'ros'
[0.596s] Level 1:colcon.colcon_core.package_identification:_identify(rplidar_sdk/sdk) by extensions ['cmake', 'python']
[0.596s] Level 1:colcon.colcon_core.package_identification:_identify(rplidar_sdk/sdk) by extension 'cmake'
[0.596s] Level 1:colcon.colcon_core.package_identification:_identify(rplidar_sdk/sdk) by extension 'python'
[0.596s] Level 1:colcon.colcon_core.package_identification:_identify(rplidar_sdk/sdk) by extensions ['python_setup_py']
[0.596s] Level 1:colcon.colcon_core.package_identification:_identify(rplidar_sdk/sdk) by extension 'python_setup_py'
[0.596s] Level 1:colcon.colcon_core.package_identification:_identify(rplidar_sdk/sdk/include) by extensions ['ignore', 'ignore_ament_install']
[0.596s] Level 1:colcon.colcon_core.package_identification:_identify(rplidar_sdk/sdk/include) by extension 'ignore'
[0.596s] Level 1:colcon.colcon_core.package_identification:_identify(rplidar_sdk/sdk/include) by extension 'ignore_ament_install'
[0.596s] Level 1:colcon.colcon_core.package_identification:_identify(rplidar_sdk/sdk/include) by extensions ['colcon_pkg']
[0.596s] Level 1:colcon.colcon_core.package_identification:_identify(rplidar_sdk/sdk/include) by extension 'colcon_pkg'
[0.596s] Level 1:colcon.colcon_core.package_identification:_identify(rplidar_sdk/sdk/include) by extensions ['colcon_meta']
[0.596s] Level 1:colcon.colcon_core.package_identification:_identify(rplidar_sdk/sdk/include) by extension 'colcon_meta'
[0.597s] Level 1:colcon.colcon_core.package_identification:_identify(rplidar_sdk/sdk/include) by extensions ['ros']
[0.597s] Level 1:colcon.colcon_core.package_identification:_identify(rplidar_sdk/sdk/include) by extension 'ros'
[0.597s] Level 1:colcon.colcon_core.package_identification:_identify(rplidar_sdk/sdk/include) by extensions ['cmake', 'python']
[0.597s] Level 1:colcon.colcon_core.package_identification:_identify(rplidar_sdk/sdk/include) by extension 'cmake'
[0.597s] Level 1:colcon.colcon_core.package_identification:_identify(rplidar_sdk/sdk/include) by extension 'python'
[0.597s] Level 1:colcon.colcon_core.package_identification:_identify(rplidar_sdk/sdk/include) by extensions ['python_setup_py']
[0.597s] Level 1:colcon.colcon_core.package_identification:_identify(rplidar_sdk/sdk/include) by extension 'python_setup_py'
[0.597s] Level 1:colcon.colcon_core.package_identification:_identify(rplidar_sdk/sdk/src) by extensions ['ignore', 'ignore_ament_install']
[0.597s] Level 1:colcon.colcon_core.package_identification:_identify(rplidar_sdk/sdk/src) by extension 'ignore'
[0.597s] Level 1:colcon.colcon_core.package_identification:_identify(rplidar_sdk/sdk/src) by extension 'ignore_ament_install'
[0.597s] Level 1:colcon.colcon_core.package_identification:_identify(rplidar_sdk/sdk/src) by extensions ['colcon_pkg']
[0.597s] Level 1:colcon.colcon_core.package_identification:_identify(rplidar_sdk/sdk/src) by extension 'colcon_pkg'
[0.597s] Level 1:colcon.colcon_core.package_identification:_identify(rplidar_sdk/sdk/src) by extensions ['colcon_meta']
[0.597s] Level 1:colcon.colcon_core.package_identification:_identify(rplidar_sdk/sdk/src) by extension 'colcon_meta'
[0.597s] Level 1:colcon.colcon_core.package_identification:_identify(rplidar_sdk/sdk/src) by extensions ['ros']
[0.597s] Level 1:colcon.colcon_core.package_identification:_identify(rplidar_sdk/sdk/src) by extension 'ros'
[0.597s] Level 1:colcon.colcon_core.package_identification:_identify(rplidar_sdk/sdk/src) by extensions ['cmake', 'python']
[0.597s] Level 1:colcon.colcon_core.package_identification:_identify(rplidar_sdk/sdk/src) by extension 'cmake'
[0.598s] Level 1:colcon.colcon_core.package_identification:_identify(rplidar_sdk/sdk/src) by extension 'python'
[0.598s] Level 1:colcon.colcon_core.package_identification:_identify(rplidar_sdk/sdk/src) by extensions ['python_setup_py']
[0.598s] Level 1:colcon.colcon_core.package_identification:_identify(rplidar_sdk/sdk/src) by extension 'python_setup_py'
[0.598s] Level 1:colcon.colcon_core.package_identification:_identify(rplidar_sdk/sdk/src/arch) by extensions ['ignore', 'ignore_ament_install']
[0.598s] Level 1:colcon.colcon_core.package_identification:_identify(rplidar_sdk/sdk/src/arch) by extension 'ignore'
[0.598s] Level 1:colcon.colcon_core.package_identification:_identify(rplidar_sdk/sdk/src/arch) by extension 'ignore_ament_install'
[0.598s] Level 1:colcon.colcon_core.package_identification:_identify(rplidar_sdk/sdk/src/arch) by extensions ['colcon_pkg']
[0.598s] Level 1:colcon.colcon_core.package_identification:_identify(rplidar_sdk/sdk/src/arch) by extension 'colcon_pkg'
[0.598s] Level 1:colcon.colcon_core.package_identification:_identify(rplidar_sdk/sdk/src/arch) by extensions ['colcon_meta']
[0.598s] Level 1:colcon.colcon_core.package_identification:_identify(rplidar_sdk/sdk/src/arch) by extension 'colcon_meta'
[0.598s] Level 1:colcon.colcon_core.package_identification:_identify(rplidar_sdk/sdk/src/arch) by extensions ['ros']
[0.598s] Level 1:colcon.colcon_core.package_identification:_identify(rplidar_sdk/sdk/src/arch) by extension 'ros'
[0.598s] Level 1:colcon.colcon_core.package_identification:_identify(rplidar_sdk/sdk/src/arch) by extensions ['cmake', 'python']
[0.598s] Level 1:colcon.colcon_core.package_identification:_identify(rplidar_sdk/sdk/src/arch) by extension 'cmake'
[0.598s] Level 1:colcon.colcon_core.package_identification:_identify(rplidar_sdk/sdk/src/arch) by extension 'python'
[0.598s] Level 1:colcon.colcon_core.package_identification:_identify(rplidar_sdk/sdk/src/arch) by extensions ['python_setup_py']
[0.598s] Level 1:colcon.colcon_core.package_identification:_identify(rplidar_sdk/sdk/src/arch) by extension 'python_setup_py'
[0.598s] Level 1:colcon.colcon_core.package_identification:_identify(rplidar_sdk/sdk/src/arch/linux) by extensions ['ignore', 'ignore_ament_install']
[0.598s] Level 1:colcon.colcon_core.package_identification:_identify(rplidar_sdk/sdk/src/arch/linux) by extension 'ignore'
[0.599s] Level 1:colcon.colcon_core.package_identification:_identify(rplidar_sdk/sdk/src/arch/linux) by extension 'ignore_ament_install'
[0.599s] Level 1:colcon.colcon_core.package_identification:_identify(rplidar_sdk/sdk/src/arch/linux) by extensions ['colcon_pkg']
[0.599s] Level 1:colcon.colcon_core.package_identification:_identify(rplidar_sdk/sdk/src/arch/linux) by extension 'colcon_pkg'
[0.599s] Level 1:colcon.colcon_core.package_identification:_identify(rplidar_sdk/sdk/src/arch/linux) by extensions ['colcon_meta']
[0.599s] Level 1:colcon.colcon_core.package_identification:_identify(rplidar_sdk/sdk/src/arch/linux) by extension 'colcon_meta'
[0.599s] Level 1:colcon.colcon_core.package_identification:_identify(rplidar_sdk/sdk/src/arch/linux) by extensions ['ros']
[0.599s] Level 1:colcon.colcon_core.package_identification:_identify(rplidar_sdk/sdk/src/arch/linux) by extension 'ros'
[0.599s] Level 1:colcon.colcon_core.package_identification:_identify(rplidar_sdk/sdk/src/arch/linux) by extensions ['cmake', 'python']
[0.599s] Level 1:colcon.colcon_core.package_identification:_identify(rplidar_sdk/sdk/src/arch/linux) by extension 'cmake'
[0.599s] Level 1:colcon.colcon_core.package_identification:_identify(rplidar_sdk/sdk/src/arch/linux) by extension 'python'
[0.599s] Level 1:colcon.colcon_core.package_identification:_identify(rplidar_sdk/sdk/src/arch/linux) by extensions ['python_setup_py']
[0.599s] Level 1:colcon.colcon_core.package_identification:_identify(rplidar_sdk/sdk/src/arch/linux) by extension 'python_setup_py'
[0.599s] Level 1:colcon.colcon_core.package_identification:_identify(rplidar_sdk/sdk/src/arch/macOS) by extensions ['ignore', 'ignore_ament_install']
[0.599s] Level 1:colcon.colcon_core.package_identification:_identify(rplidar_sdk/sdk/src/arch/macOS) by extension 'ignore'
[0.599s] Level 1:colcon.colcon_core.package_identification:_identify(rplidar_sdk/sdk/src/arch/macOS) by extension 'ignore_ament_install'
[0.599s] Level 1:colcon.colcon_core.package_identification:_identify(rplidar_sdk/sdk/src/arch/macOS) by extensions ['colcon_pkg']
[0.599s] Level 1:colcon.colcon_core.package_identification:_identify(rplidar_sdk/sdk/src/arch/macOS) by extension 'colcon_pkg'
[0.599s] Level 1:colcon.colcon_core.package_identification:_identify(rplidar_sdk/sdk/src/arch/macOS) by extensions ['colcon_meta']
[0.599s] Level 1:colcon.colcon_core.package_identification:_identify(rplidar_sdk/sdk/src/arch/macOS) by extension 'colcon_meta'
[0.599s] Level 1:colcon.colcon_core.package_identification:_identify(rplidar_sdk/sdk/src/arch/macOS) by extensions ['ros']
[0.600s] Level 1:colcon.colcon_core.package_identification:_identify(rplidar_sdk/sdk/src/arch/macOS) by extension 'ros'
[0.600s] Level 1:colcon.colcon_core.package_identification:_identify(rplidar_sdk/sdk/src/arch/macOS) by extensions ['cmake', 'python']
[0.600s] Level 1:colcon.colcon_core.package_identification:_identify(rplidar_sdk/sdk/src/arch/macOS) by extension 'cmake'
[0.600s] Level 1:colcon.colcon_core.package_identification:_identify(rplidar_sdk/sdk/src/arch/macOS) by extension 'python'
[0.600s] Level 1:colcon.colcon_core.package_identification:_identify(rplidar_sdk/sdk/src/arch/macOS) by extensions ['python_setup_py']
[0.600s] Level 1:colcon.colcon_core.package_identification:_identify(rplidar_sdk/sdk/src/arch/macOS) by extension 'python_setup_py'
[0.600s] Level 1:colcon.colcon_core.package_identification:_identify(rplidar_sdk/sdk/src/arch/win32) by extensions ['ignore', 'ignore_ament_install']
[0.600s] Level 1:colcon.colcon_core.package_identification:_identify(rplidar_sdk/sdk/src/arch/win32) by extension 'ignore'
[0.600s] Level 1:colcon.colcon_core.package_identification:_identify(rplidar_sdk/sdk/src/arch/win32) by extension 'ignore_ament_install'
[0.600s] Level 1:colcon.colcon_core.package_identification:_identify(rplidar_sdk/sdk/src/arch/win32) by extensions ['colcon_pkg']
[0.600s] Level 1:colcon.colcon_core.package_identification:_identify(rplidar_sdk/sdk/src/arch/win32) by extension 'colcon_pkg'
[0.600s] Level 1:colcon.colcon_core.package_identification:_identify(rplidar_sdk/sdk/src/arch/win32) by extensions ['colcon_meta']
[0.600s] Level 1:colcon.colcon_core.package_identification:_identify(rplidar_sdk/sdk/src/arch/win32) by extension 'colcon_meta'
[0.600s] Level 1:colcon.colcon_core.package_identification:_identify(rplidar_sdk/sdk/src/arch/win32) by extensions ['ros']
[0.600s] Level 1:colcon.colcon_core.package_identification:_identify(rplidar_sdk/sdk/src/arch/win32) by extension 'ros'
[0.600s] Level 1:colcon.colcon_core.package_identification:_identify(rplidar_sdk/sdk/src/arch/win32) by extensions ['cmake', 'python']
[0.600s] Level 1:colcon.colcon_core.package_identification:_identify(rplidar_sdk/sdk/src/arch/win32) by extension 'cmake'
[0.600s] Level 1:colcon.colcon_core.package_identification:_identify(rplidar_sdk/sdk/src/arch/win32) by extension 'python'
[0.600s] Level 1:colcon.colcon_core.package_identification:_identify(rplidar_sdk/sdk/src/arch/win32) by extensions ['python_setup_py']
[0.600s] Level 1:colcon.colcon_core.package_identification:_identify(rplidar_sdk/sdk/src/arch/win32) by extension 'python_setup_py'
[0.600s] Level 1:colcon.colcon_core.package_identification:_identify(rplidar_sdk/sdk/src/dataunpacker) by extensions ['ignore', 'ignore_ament_install']
[0.601s] Level 1:colcon.colcon_core.package_identification:_identify(rplidar_sdk/sdk/src/dataunpacker) by extension 'ignore'
[0.601s] Level 1:colcon.colcon_core.package_identification:_identify(rplidar_sdk/sdk/src/dataunpacker) by extension 'ignore_ament_install'
[0.601s] Level 1:colcon.colcon_core.package_identification:_identify(rplidar_sdk/sdk/src/dataunpacker) by extensions ['colcon_pkg']
[0.601s] Level 1:colcon.colcon_core.package_identification:_identify(rplidar_sdk/sdk/src/dataunpacker) by extension 'colcon_pkg'
[0.601s] Level 1:colcon.colcon_core.package_identification:_identify(rplidar_sdk/sdk/src/dataunpacker) by extensions ['colcon_meta']
[0.601s] Level 1:colcon.colcon_core.package_identification:_identify(rplidar_sdk/sdk/src/dataunpacker) by extension 'colcon_meta'
[0.601s] Level 1:colcon.colcon_core.package_identification:_identify(rplidar_sdk/sdk/src/dataunpacker) by extensions ['ros']
[0.601s] Level 1:colcon.colcon_core.package_identification:_identify(rplidar_sdk/sdk/src/dataunpacker) by extension 'ros'
[0.601s] Level 1:colcon.colcon_core.package_identification:_identify(rplidar_sdk/sdk/src/dataunpacker) by extensions ['cmake', 'python']
[0.601s] Level 1:colcon.colcon_core.package_identification:_identify(rplidar_sdk/sdk/src/dataunpacker) by extension 'cmake'
[0.601s] Level 1:colcon.colcon_core.package_identification:_identify(rplidar_sdk/sdk/src/dataunpacker) by extension 'python'
[0.601s] Level 1:colcon.colcon_core.package_identification:_identify(rplidar_sdk/sdk/src/dataunpacker) by extensions ['python_setup_py']
[0.601s] Level 1:colcon.colcon_core.package_identification:_identify(rplidar_sdk/sdk/src/dataunpacker) by extension 'python_setup_py'
[0.601s] Level 1:colcon.colcon_core.package_identification:_identify(rplidar_sdk/sdk/src/dataunpacker/unpacker) by extensions ['ignore', 'ignore_ament_install']
[0.601s] Level 1:colcon.colcon_core.package_identification:_identify(rplidar_sdk/sdk/src/dataunpacker/unpacker) by extension 'ignore'
[0.601s] Level 1:colcon.colcon_core.package_identification:_identify(rplidar_sdk/sdk/src/dataunpacker/unpacker) by extension 'ignore_ament_install'
[0.602s] Level 1:colcon.colcon_core.package_identification:_identify(rplidar_sdk/sdk/src/dataunpacker/unpacker) by extensions ['colcon_pkg']
[0.602s] Level 1:colcon.colcon_core.package_identification:_identify(rplidar_sdk/sdk/src/dataunpacker/unpacker) by extension 'colcon_pkg'
[0.602s] Level 1:colcon.colcon_core.package_identification:_identify(rplidar_sdk/sdk/src/dataunpacker/unpacker) by extensions ['colcon_meta']
[0.602s] Level 1:colcon.colcon_core.package_identification:_identify(rplidar_sdk/sdk/src/dataunpacker/unpacker) by extension 'colcon_meta'
[0.602s] Level 1:colcon.colcon_core.package_identification:_identify(rplidar_sdk/sdk/src/dataunpacker/unpacker) by extensions ['ros']
[0.602s] Level 1:colcon.colcon_core.package_identification:_identify(rplidar_sdk/sdk/src/dataunpacker/unpacker) by extension 'ros'
[0.602s] Level 1:colcon.colcon_core.package_identification:_identify(rplidar_sdk/sdk/src/dataunpacker/unpacker) by extensions ['cmake', 'python']
[0.602s] Level 1:colcon.colcon_core.package_identification:_identify(rplidar_sdk/sdk/src/dataunpacker/unpacker) by extension 'cmake'
[0.602s] Level 1:colcon.colcon_core.package_identification:_identify(rplidar_sdk/sdk/src/dataunpacker/unpacker) by extension 'python'
[0.602s] Level 1:colcon.colcon_core.package_identification:_identify(rplidar_sdk/sdk/src/dataunpacker/unpacker) by extensions ['python_setup_py']
[0.602s] Level 1:colcon.colcon_core.package_identification:_identify(rplidar_sdk/sdk/src/dataunpacker/unpacker) by extension 'python_setup_py'
[0.602s] Level 1:colcon.colcon_core.package_identification:_identify(rplidar_sdk/sdk/src/hal) by extensions ['ignore', 'ignore_ament_install']
[0.602s] Level 1:colcon.colcon_core.package_identification:_identify(rplidar_sdk/sdk/src/hal) by extension 'ignore'
[0.602s] Level 1:colcon.colcon_core.package_identification:_identify(rplidar_sdk/sdk/src/hal) by extension 'ignore_ament_install'
[0.602s] Level 1:colcon.colcon_core.package_identification:_identify(rplidar_sdk/sdk/src/hal) by extensions ['colcon_pkg']
[0.602s] Level 1:colcon.colcon_core.package_identification:_identify(rplidar_sdk/sdk/src/hal) by extension 'colcon_pkg'
[0.603s] Level 1:colcon.colcon_core.package_identification:_identify(rplidar_sdk/sdk/src/hal) by extensions ['colcon_meta']
[0.603s] Level 1:colcon.colcon_core.package_identification:_identify(rplidar_sdk/sdk/src/hal) by extension 'colcon_meta'
[0.603s] Level 1:colcon.colcon_core.package_identification:_identify(rplidar_sdk/sdk/src/hal) by extensions ['ros']
[0.603s] Level 1:colcon.colcon_core.package_identification:_identify(rplidar_sdk/sdk/src/hal) by extension 'ros'
[0.603s] Level 1:colcon.colcon_core.package_identification:_identify(rplidar_sdk/sdk/src/hal) by extensions ['cmake', 'python']
[0.603s] Level 1:colcon.colcon_core.package_identification:_identify(rplidar_sdk/sdk/src/hal) by extension 'cmake'
[0.603s] Level 1:colcon.colcon_core.package_identification:_identify(rplidar_sdk/sdk/src/hal) by extension 'python'
[0.603s] Level 1:colcon.colcon_core.package_identification:_identify(rplidar_sdk/sdk/src/hal) by extensions ['python_setup_py']
[0.603s] Level 1:colcon.colcon_core.package_identification:_identify(rplidar_sdk/sdk/src/hal) by extension 'python_setup_py'
[0.603s] Level 1:colcon.colcon_core.package_identification:_identify(rplidar_sdk/tools) by extensions ['ignore', 'ignore_ament_install']
[0.603s] Level 1:colcon.colcon_core.package_identification:_identify(rplidar_sdk/tools) by extension 'ignore'
[0.603s] Level 1:colcon.colcon_core.package_identification:_identify(rplidar_sdk/tools) by extension 'ignore_ament_install'
[0.603s] Level 1:colcon.colcon_core.package_identification:_identify(rplidar_sdk/tools) by extensions ['colcon_pkg']
[0.603s] Level 1:colcon.colcon_core.package_identification:_identify(rplidar_sdk/tools) by extension 'colcon_pkg'
[0.603s] Level 1:colcon.colcon_core.package_identification:_identify(rplidar_sdk/tools) by extensions ['colcon_meta']
[0.603s] Level 1:colcon.colcon_core.package_identification:_identify(rplidar_sdk/tools) by extension 'colcon_meta'
[0.603s] Level 1:colcon.colcon_core.package_identification:_identify(rplidar_sdk/tools) by extensions ['ros']
[0.603s] Level 1:colcon.colcon_core.package_identification:_identify(rplidar_sdk/tools) by extension 'ros'
[0.604s] Level 1:colcon.colcon_core.package_identification:_identify(rplidar_sdk/tools) by extensions ['cmake', 'python']
[0.604s] Level 1:colcon.colcon_core.package_identification:_identify(rplidar_sdk/tools) by extension 'cmake'
[0.604s] Level 1:colcon.colcon_core.package_identification:_identify(rplidar_sdk/tools) by extension 'python'
[0.604s] Level 1:colcon.colcon_core.package_identification:_identify(rplidar_sdk/tools) by extensions ['python_setup_py']
[0.604s] Level 1:colcon.colcon_core.package_identification:_identify(rplidar_sdk/tools) by extension 'python_setup_py'
[0.604s] Level 1:colcon.colcon_core.package_identification:_identify(rplidar_sdk/tools/cp2102_driver) by extensions ['ignore', 'ignore_ament_install']
[0.604s] Level 1:colcon.colcon_core.package_identification:_identify(rplidar_sdk/tools/cp2102_driver) by extension 'ignore'
[0.604s] Level 1:colcon.colcon_core.package_identification:_identify(rplidar_sdk/tools/cp2102_driver) by extension 'ignore_ament_install'
[0.604s] Level 1:colcon.colcon_core.package_identification:_identify(rplidar_sdk/tools/cp2102_driver) by extensions ['colcon_pkg']
[0.604s] Level 1:colcon.colcon_core.package_identification:_identify(rplidar_sdk/tools/cp2102_driver) by extension 'colcon_pkg'
[0.604s] Level 1:colcon.colcon_core.package_identification:_identify(rplidar_sdk/tools/cp2102_driver) by extensions ['colcon_meta']
[0.604s] Level 1:colcon.colcon_core.package_identification:_identify(rplidar_sdk/tools/cp2102_driver) by extension 'colcon_meta'
[0.604s] Level 1:colcon.colcon_core.package_identification:_identify(rplidar_sdk/tools/cp2102_driver) by extensions ['ros']
[0.604s] Level 1:colcon.colcon_core.package_identification:_identify(rplidar_sdk/tools/cp2102_driver) by extension 'ros'
[0.604s] Level 1:colcon.colcon_core.package_identification:_identify(rplidar_sdk/tools/cp2102_driver) by extensions ['cmake', 'python']
[0.604s] Level 1:colcon.colcon_core.package_identification:_identify(rplidar_sdk/tools/cp2102_driver) by extension 'cmake'
[0.604s] Level 1:colcon.colcon_core.package_identification:_identify(rplidar_sdk/tools/cp2102_driver) by extension 'python'
[0.604s] Level 1:colcon.colcon_core.package_identification:_identify(rplidar_sdk/tools/cp2102_driver) by extensions ['python_setup_py']
[0.604s] Level 1:colcon.colcon_core.package_identification:_identify(rplidar_sdk/tools/cp2102_driver) by extension 'python_setup_py'
[0.605s] Level 1:colcon.colcon_core.package_identification:_identify(sllidar_ros2) by extensions ['ignore', 'ignore_ament_install']
[0.605s] Level 1:colcon.colcon_core.package_identification:_identify(sllidar_ros2) by extension 'ignore'
[0.605s] Level 1:colcon.colcon_core.package_identification:_identify(sllidar_ros2) by extension 'ignore_ament_install'
[0.605s] Level 1:colcon.colcon_core.package_identification:_identify(sllidar_ros2) by extensions ['colcon_pkg']
[0.605s] Level 1:colcon.colcon_core.package_identification:_identify(sllidar_ros2) by extension 'colcon_pkg'
[0.605s] Level 1:colcon.colcon_core.package_identification:_identify(sllidar_ros2) by extensions ['colcon_meta']
[0.605s] Level 1:colcon.colcon_core.package_identification:_identify(sllidar_ros2) by extension 'colcon_meta'
[0.605s] Level 1:colcon.colcon_core.package_identification:_identify(sllidar_ros2) by extensions ['ros']
[0.605s] Level 1:colcon.colcon_core.package_identification:_identify(sllidar_ros2) by extension 'ros'
[0.605s] Level 1:colcon.colcon_core.package_identification:_identify(sllidar_ros2) by extensions ['cmake', 'python']
[0.605s] Level 1:colcon.colcon_core.package_identification:_identify(sllidar_ros2) by extension 'cmake'
[0.605s] Level 1:colcon.colcon_core.package_identification:_identify(sllidar_ros2) by extension 'python'
[0.605s] Level 1:colcon.colcon_core.package_identification:_identify(sllidar_ros2) by extensions ['python_setup_py']
[0.606s] Level 1:colcon.colcon_core.package_identification:_identify(sllidar_ros2) by extension 'python_setup_py'
[0.606s] Level 1:colcon.colcon_core.package_identification:_identify(v2x_ball_bot_bringup) by extensions ['ignore', 'ignore_ament_install']
[0.606s] Level 1:colcon.colcon_core.package_identification:_identify(v2x_ball_bot_bringup) by extension 'ignore'
[0.606s] Level 1:colcon.colcon_core.package_identification:_identify(v2x_ball_bot_bringup) by extension 'ignore_ament_install'
[0.606s] Level 1:colcon.colcon_core.package_identification:_identify(v2x_ball_bot_bringup) by extensions ['colcon_pkg']
[0.606s] Level 1:colcon.colcon_core.package_identification:_identify(v2x_ball_bot_bringup) by extension 'colcon_pkg'
[0.606s] Level 1:colcon.colcon_core.package_identification:_identify(v2x_ball_bot_bringup) by extensions ['colcon_meta']
[0.606s] Level 1:colcon.colcon_core.package_identification:_identify(v2x_ball_bot_bringup) by extension 'colcon_meta'
[0.606s] Level 1:colcon.colcon_core.package_identification:_identify(v2x_ball_bot_bringup) by extensions ['ros']
[0.606s] Level 1:colcon.colcon_core.package_identification:_identify(v2x_ball_bot_bringup) by extension 'ros'
[0.607s] DEBUG:colcon.colcon_core.package_identification:Package 'v2x_ball_bot_bringup' with type 'ros.ament_cmake' and name 'v2x_ball_bot_bringup'
[0.607s] Level 1:colcon.colcon_core.package_identification:_identify(v2x_ball_bot_control) by extensions ['ignore', 'ignore_ament_install']
[0.608s] Level 1:colcon.colcon_core.package_identification:_identify(v2x_ball_bot_control) by extension 'ignore'
[0.608s] Level 1:colcon.colcon_core.package_identification:_identify(v2x_ball_bot_control) by extension 'ignore_ament_install'
[0.608s] Level 1:colcon.colcon_core.package_identification:_identify(v2x_ball_bot_control) by extensions ['colcon_pkg']
[0.608s] Level 1:colcon.colcon_core.package_identification:_identify(v2x_ball_bot_control) by extension 'colcon_pkg'
[0.608s] Level 1:colcon.colcon_core.package_identification:_identify(v2x_ball_bot_control) by extensions ['colcon_meta']
[0.608s] Level 1:colcon.colcon_core.package_identification:_identify(v2x_ball_bot_control) by extension 'colcon_meta'
[0.608s] Level 1:colcon.colcon_core.package_identification:_identify(v2x_ball_bot_control) by extensions ['ros']
[0.608s] Level 1:colcon.colcon_core.package_identification:_identify(v2x_ball_bot_control) by extension 'ros'
[0.609s] DEBUG:colcon.colcon_core.package_identification:Package 'v2x_ball_bot_control' with type 'ros.ament_cmake' and name 'v2x_ball_bot_control'
[0.609s] Level 1:colcon.colcon_core.package_identification:_identify(v2x_ball_bot_description) by extensions ['ignore', 'ignore_ament_install']
[0.609s] Level 1:colcon.colcon_core.package_identification:_identify(v2x_ball_bot_description) by extension 'ignore'
[0.609s] Level 1:colcon.colcon_core.package_identification:_identify(v2x_ball_bot_description) by extension 'ignore_ament_install'
[0.609s] Level 1:colcon.colcon_core.package_identification:_identify(v2x_ball_bot_description) by extensions ['colcon_pkg']
[0.610s] Level 1:colcon.colcon_core.package_identification:_identify(v2x_ball_bot_description) by extension 'colcon_pkg'
[0.610s] Level 1:colcon.colcon_core.package_identification:_identify(v2x_ball_bot_description) by extensions ['colcon_meta']
[0.610s] Level 1:colcon.colcon_core.package_identification:_identify(v2x_ball_bot_description) by extension 'colcon_meta'
[0.610s] Level 1:colcon.colcon_core.package_identification:_identify(v2x_ball_bot_description) by extensions ['ros']
[0.610s] Level 1:colcon.colcon_core.package_identification:_identify(v2x_ball_bot_description) by extension 'ros'
[0.611s] DEBUG:colcon.colcon_core.package_identification:Package 'v2x_ball_bot_description' with type 'ros.ament_cmake' and name 'v2x_ball_bot_description'
[0.611s] Level 1:colcon.colcon_core.package_identification:_identify(v2x_ball_bot_msgs) by extensions ['ignore', 'ignore_ament_install']
[0.611s] Level 1:colcon.colcon_core.package_identification:_identify(v2x_ball_bot_msgs) by extension 'ignore'
[0.611s] Level 1:colcon.colcon_core.package_identification:_identify(v2x_ball_bot_msgs) by extension 'ignore_ament_install'
[0.611s] Level 1:colcon.colcon_core.package_identification:_identify(v2x_ball_bot_msgs) by extensions ['colcon_pkg']
[0.611s] Level 1:colcon.colcon_core.package_identification:_identify(v2x_ball_bot_msgs) by extension 'colcon_pkg'
[0.611s] Level 1:colcon.colcon_core.package_identification:_identify(v2x_ball_bot_msgs) by extensions ['colcon_meta']
[0.611s] Level 1:colcon.colcon_core.package_identification:_identify(v2x_ball_bot_msgs) by extension 'colcon_meta'
[0.611s] Level 1:colcon.colcon_core.package_identification:_identify(v2x_ball_bot_msgs) by extensions ['ros']
[0.611s] Level 1:colcon.colcon_core.package_identification:_identify(v2x_ball_bot_msgs) by extension 'ros'
[0.612s] DEBUG:colcon.colcon_core.package_identification:Package 'v2x_ball_bot_msgs' with type 'ros.ament_cmake' and name 'v2x_ball_bot_msgs'
[0.612s] Level 1:colcon.colcon_core.package_identification:_identify(v2x_ball_bringup) by extensions ['ignore', 'ignore_ament_install']
[0.612s] Level 1:colcon.colcon_core.package_identification:_identify(v2x_ball_bringup) by extension 'ignore'
[0.613s] Level 1:colcon.colcon_core.package_identification:_identify(v2x_ball_bringup) by extension 'ignore_ament_install'
[0.613s] Level 1:colcon.colcon_core.package_identification:_identify(v2x_ball_bringup) by extensions ['colcon_pkg']
[0.613s] Level 1:colcon.colcon_core.package_identification:_identify(v2x_ball_bringup) by extension 'colcon_pkg'
[0.613s] Level 1:colcon.colcon_core.package_identification:_identify(v2x_ball_bringup) by extensions ['colcon_meta']
[0.613s] Level 1:colcon.colcon_core.package_identification:_identify(v2x_ball_bringup) by extension 'colcon_meta'
[0.613s] Level 1:colcon.colcon_core.package_identification:_identify(v2x_ball_bringup) by extensions ['ros']
[0.613s] Level 1:colcon.colcon_core.package_identification:_identify(v2x_ball_bringup) by extension 'ros'
[0.613s] Level 1:colcon.colcon_core.package_identification:_identify(v2x_ball_bringup) by extensions ['cmake', 'python']
[0.613s] Level 1:colcon.colcon_core.package_identification:_identify(v2x_ball_bringup) by extension 'cmake'
[0.613s] Level 1:colcon.colcon_core.package_identification:_identify(v2x_ball_bringup) by extension 'python'
[0.613s] Level 1:colcon.colcon_core.package_identification:_identify(v2x_ball_bringup) by extensions ['python_setup_py']
[0.613s] Level 1:colcon.colcon_core.package_identification:_identify(v2x_ball_bringup) by extension 'python_setup_py'
[0.613s] Level 1:colcon.colcon_core.package_identification:_identify(v2x_ball_bringup/launch) by extensions ['ignore', 'ignore_ament_install']
[0.613s] Level 1:colcon.colcon_core.package_identification:_identify(v2x_ball_bringup/launch) by extension 'ignore'
[0.613s] Level 1:colcon.colcon_core.package_identification:_identify(v2x_ball_bringup/launch) by extension 'ignore_ament_install'
[0.613s] Level 1:colcon.colcon_core.package_identification:_identify(v2x_ball_bringup/launch) by extensions ['colcon_pkg']
[0.613s] Level 1:colcon.colcon_core.package_identification:_identify(v2x_ball_bringup/launch) by extension 'colcon_pkg'
[0.613s] Level 1:colcon.colcon_core.package_identification:_identify(v2x_ball_bringup/launch) by extensions ['colcon_meta']
[0.613s] Level 1:colcon.colcon_core.package_identification:_identify(v2x_ball_bringup/launch) by extension 'colcon_meta'
[0.614s] Level 1:colcon.colcon_core.package_identification:_identify(v2x_ball_bringup/launch) by extensions ['ros']
[0.614s] Level 1:colcon.colcon_core.package_identification:_identify(v2x_ball_bringup/launch) by extension 'ros'
[0.614s] Level 1:colcon.colcon_core.package_identification:_identify(v2x_ball_bringup/launch) by extensions ['cmake', 'python']
[0.614s] Level 1:colcon.colcon_core.package_identification:_identify(v2x_ball_bringup/launch) by extension 'cmake'
[0.614s] Level 1:colcon.colcon_core.package_identification:_identify(v2x_ball_bringup/launch) by extension 'python'
[0.614s] Level 1:colcon.colcon_core.package_identification:_identify(v2x_ball_bringup/launch) by extensions ['python_setup_py']
[0.614s] Level 1:colcon.colcon_core.package_identification:_identify(v2x_ball_bringup/launch) by extension 'python_setup_py'
[0.614s] Level 1:colcon.colcon_core.package_discovery:discover_packages(recursive) using defaults
[0.614s] Level 1:colcon.colcon_core.package_discovery:discover_packages(ignore) discover
[0.614s] Level 1:colcon.colcon_core.package_discovery:discover_packages(ignore) using defaults
[0.614s] Level 1:colcon.colcon_core.package_discovery:discover_packages(path) discover
[0.614s] Level 1:colcon.colcon_core.package_discovery:discover_packages(path) using defaults
[0.640s] INFO:colcon.colcon_core.package_selection:Skipping package 'v2x_ball_bot_control' in 'v2x_ball_bot_control'
[0.640s] INFO:colcon.colcon_core.package_selection:Skipping package 'orbbec_camera' in 'OrbbecSDK_ROS2/orbbec_camera'
[0.640s] INFO:colcon.colcon_core.package_selection:Skipping package 'v2x_ball_bot_msgs' in 'v2x_ball_bot_msgs'
[0.640s] INFO:colcon.colcon_core.package_selection:Skipping package 'v2x_ball_bot_description' in 'v2x_ball_bot_description'
[0.640s] INFO:colcon.colcon_core.package_selection:Skipping package 'orbbec_description' in 'OrbbecSDK_ROS2/orbbec_description'
[0.640s] INFO:colcon.colcon_core.package_selection:Skipping package 'orbbec_camera_msgs' in 'OrbbecSDK_ROS2/orbbec_camera_msgs'
[0.641s] Level 1:colcon.colcon_core.package_discovery:discover_packages(prefix_path) check parameters
[0.641s] Level 1:colcon.colcon_core.package_discovery:discover_packages(prefix_path) discover
[0.643s] DEBUG:colcon.colcon_installed_package_information.package_discovery:Found 3 installed packages in /home/yuha/V2X-ball-bot/install
[0.644s] DEBUG:colcon.colcon_installed_package_information.package_discovery:Found 318 installed packages in /opt/ros/humble
[0.651s] Level 1:colcon.colcon_core.package_discovery:discover_packages(prefix_path) using defaults
[0.701s] Level 5:colcon.colcon_core.verb:set package 'v2x_ball_bot_bringup' build argument 'cmake_args' from command line to 'None'
[0.701s] Level 5:colcon.colcon_core.verb:set package 'v2x_ball_bot_bringup' build argument 'cmake_target' from command line to 'None'
[0.701s] Level 5:colcon.colcon_core.verb:set package 'v2x_ball_bot_bringup' build argument 'cmake_target_skip_unavailable' from command line to 'False'
[0.701s] Level 5:colcon.colcon_core.verb:set package 'v2x_ball_bot_bringup' build argument 'cmake_clean_cache' from command line to 'False'
[0.701s] Level 5:colcon.colcon_core.verb:set package 'v2x_ball_bot_bringup' build argument 'cmake_clean_first' from command line to 'False'
[0.701s] Level 5:colcon.colcon_core.verb:set package 'v2x_ball_bot_bringup' build argument 'cmake_force_configure' from command line to 'False'
[0.701s] Level 5:colcon.colcon_core.verb:set package 'v2x_ball_bot_bringup' build argument 'ament_cmake_args' from command line to 'None'
[0.701s] Level 5:colcon.colcon_core.verb:set package 'v2x_ball_bot_bringup' build argument 'catkin_cmake_args' from command line to 'None'
[0.701s] Level 5:colcon.colcon_core.verb:set package 'v2x_ball_bot_bringup' build argument 'catkin_skip_building_tests' from command line to 'False'
[0.701s] DEBUG:colcon.colcon_core.verb:Building package 'v2x_ball_bot_bringup' with the following arguments: {'ament_cmake_args': None, 'build_base': '/home/yuha/V2X-ball-bot/build/v2x_ball_bot_bringup', 'catkin_cmake_args': None, 'catkin_skip_building_tests': False, 'cmake_args': None, 'cmake_clean_cache': False, 'cmake_clean_first': False, 'cmake_force_configure': False, 'cmake_target': None, 'cmake_target_skip_unavailable': False, 'install_base': '/home/yuha/V2X-ball-bot/install/v2x_ball_bot_bringup', 'merge_install': False, 'path': '/home/yuha/V2X-ball-bot/v2x_ball_bot_bringup', 'symlink_install': True, 'test_result_base': None}
[0.701s] INFO:colcon.colcon_core.executor:Executing jobs using 'parallel' executor
[0.703s] DEBUG:colcon.colcon_parallel_executor.executor.parallel:run_until_complete
[0.704s] INFO:colcon.colcon_ros.task.ament_cmake.build:Building ROS package in '/home/yuha/V2X-ball-bot/v2x_ball_bot_bringup' with build type 'ament_cmake'
[0.705s] INFO:colcon.colcon_cmake.task.cmake.build:Building CMake package in '/home/yuha/V2X-ball-bot/v2x_ball_bot_bringup'
[0.707s] INFO:colcon.colcon_core.plugin_system:Skipping extension 'colcon_core.shell.bat': Not used on non-Windows systems
[0.707s] INFO:colcon.colcon_core.shell:Skip shell extension 'powershell' for command environment: Not usable outside of PowerShell
[0.707s] DEBUG:colcon.colcon_core.shell:Skip shell extension 'dsv' for command environment
[0.733s] DEBUG:colcon.colcon_core.event_handler.log_command:Invoking command in '/home/yuha/V2X-ball-bot/build/v2x_ball_bot_bringup': CMAKE_PREFIX_PATH=${CMAKE_PREFIX_PATH}:/opt/ros/humble /usr/bin/cmake --build /home/yuha/V2X-ball-bot/build/v2x_ball_bot_bringup -- -j22 -l22
[0.784s] DEBUG:colcon.colcon_core.event_handler.log_command:Invoked command in '/home/yuha/V2X-ball-bot/build/v2x_ball_bot_bringup' returned '0': CMAKE_PREFIX_PATH=${CMAKE_PREFIX_PATH}:/opt/ros/humble /usr/bin/cmake --build /home/yuha/V2X-ball-bot/build/v2x_ball_bot_bringup -- -j22 -l22
[0.798s] DEBUG:colcon.colcon_core.event_handler.log_command:Invoking command in '/home/yuha/V2X-ball-bot/build/v2x_ball_bot_bringup': CMAKE_PREFIX_PATH=${CMAKE_PREFIX_PATH}:/opt/ros/humble /usr/bin/cmake --install /home/yuha/V2X-ball-bot/build/v2x_ball_bot_bringup
[0.831s] Level 1:colcon.colcon_core.environment:create_environment_scripts_only(v2x_ball_bot_bringup)
[0.832s] DEBUG:colcon.colcon_core.event_handler.log_command:Invoked command in '/home/yuha/V2X-ball-bot/build/v2x_ball_bot_bringup' returned '0': CMAKE_PREFIX_PATH=${CMAKE_PREFIX_PATH}:/opt/ros/humble /usr/bin/cmake --install /home/yuha/V2X-ball-bot/build/v2x_ball_bot_bringup
[0.834s] Level 1:colcon.colcon_core.environment:checking '/home/yuha/V2X-ball-bot/install/v2x_ball_bot_bringup' for CMake module files
[0.835s] Level 1:colcon.colcon_core.environment:checking '/home/yuha/V2X-ball-bot/install/v2x_ball_bot_bringup' for CMake config files
[0.835s] Level 1:colcon.colcon_core.shell:create_environment_hook('v2x_ball_bot_bringup', 'cmake_prefix_path')
[0.836s] INFO:colcon.colcon_core.shell:Creating environment hook '/home/yuha/V2X-ball-bot/install/v2x_ball_bot_bringup/share/v2x_ball_bot_bringup/hook/cmake_prefix_path.ps1'
[0.837s] INFO:colcon.colcon_core.shell:Creating environment descriptor '/home/yuha/V2X-ball-bot/install/v2x_ball_bot_bringup/share/v2x_ball_bot_bringup/hook/cmake_prefix_path.dsv'
[0.838s] INFO:colcon.colcon_core.shell:Creating environment hook '/home/yuha/V2X-ball-bot/install/v2x_ball_bot_bringup/share/v2x_ball_bot_bringup/hook/cmake_prefix_path.sh'
[0.842s] Level 1:colcon.colcon_core.environment:checking '/home/yuha/V2X-ball-bot/install/v2x_ball_bot_bringup/bin'
[0.843s] Level 1:colcon.colcon_core.environment:checking '/home/yuha/V2X-ball-bot/install/v2x_ball_bot_bringup/lib/pkgconfig/v2x_ball_bot_bringup.pc'
[0.843s] Level 1:colcon.colcon_core.environment:checking '/home/yuha/V2X-ball-bot/install/v2x_ball_bot_bringup/lib/python3.10/site-packages'
[0.843s] Level 1:colcon.colcon_core.environment:checking '/home/yuha/V2X-ball-bot/install/v2x_ball_bot_bringup/bin'
[0.844s] INFO:colcon.colcon_core.shell:Creating package script '/home/yuha/V2X-ball-bot/install/v2x_ball_bot_bringup/share/v2x_ball_bot_bringup/package.ps1'
[0.845s] INFO:colcon.colcon_core.shell:Creating package descriptor '/home/yuha/V2X-ball-bot/install/v2x_ball_bot_bringup/share/v2x_ball_bot_bringup/package.dsv'
[0.846s] INFO:colcon.colcon_core.shell:Creating package script '/home/yuha/V2X-ball-bot/install/v2x_ball_bot_bringup/share/v2x_ball_bot_bringup/package.sh'
[0.847s] INFO:colcon.colcon_core.shell:Creating package script '/home/yuha/V2X-ball-bot/install/v2x_ball_bot_bringup/share/v2x_ball_bot_bringup/package.bash'
[0.847s] INFO:colcon.colcon_core.shell:Creating package script '/home/yuha/V2X-ball-bot/install/v2x_ball_bot_bringup/share/v2x_ball_bot_bringup/package.zsh'
[0.848s] Level 1:colcon.colcon_core.environment:create_file_with_runtime_dependencies(/home/yuha/V2X-ball-bot/install/v2x_ball_bot_bringup/share/colcon-core/packages/v2x_ball_bot_bringup)
[0.849s] Level 1:colcon.colcon_core.environment:create_environment_scripts_only(v2x_ball_bot_bringup)
[0.849s] Level 1:colcon.colcon_core.environment:checking '/home/yuha/V2X-ball-bot/install/v2x_ball_bot_bringup' for CMake module files
[0.850s] Level 1:colcon.colcon_core.environment:checking '/home/yuha/V2X-ball-bot/install/v2x_ball_bot_bringup' for CMake config files
[0.850s] Level 1:colcon.colcon_core.shell:create_environment_hook('v2x_ball_bot_bringup', 'cmake_prefix_path')
[0.850s] INFO:colcon.colcon_core.shell:Creating environment hook '/home/yuha/V2X-ball-bot/install/v2x_ball_bot_bringup/share/v2x_ball_bot_bringup/hook/cmake_prefix_path.ps1'
[0.851s] INFO:colcon.colcon_core.shell:Creating environment descriptor '/home/yuha/V2X-ball-bot/install/v2x_ball_bot_bringup/share/v2x_ball_bot_bringup/hook/cmake_prefix_path.dsv'
[0.851s] INFO:colcon.colcon_core.shell:Creating environment hook '/home/yuha/V2X-ball-bot/install/v2x_ball_bot_bringup/share/v2x_ball_bot_bringup/hook/cmake_prefix_path.sh'
[0.852s] Level 1:colcon.colcon_core.environment:checking '/home/yuha/V2X-ball-bot/install/v2x_ball_bot_bringup/bin'
[0.852s] Level 1:colcon.colcon_core.environment:checking '/home/yuha/V2X-ball-bot/install/v2x_ball_bot_bringup/lib/pkgconfig/v2x_ball_bot_bringup.pc'
[0.852s] Level 1:colcon.colcon_core.environment:checking '/home/yuha/V2X-ball-bot/install/v2x_ball_bot_bringup/lib/python3.10/site-packages'
[0.852s] Level 1:colcon.colcon_core.environment:checking '/home/yuha/V2X-ball-bot/install/v2x_ball_bot_bringup/bin'
[0.853s] INFO:colcon.colcon_core.shell:Creating package script '/home/yuha/V2X-ball-bot/install/v2x_ball_bot_bringup/share/v2x_ball_bot_bringup/package.ps1'
[0.853s] INFO:colcon.colcon_core.shell:Creating package descriptor '/home/yuha/V2X-ball-bot/install/v2x_ball_bot_bringup/share/v2x_ball_bot_bringup/package.dsv'
[0.854s] INFO:colcon.colcon_core.shell:Creating package script '/home/yuha/V2X-ball-bot/install/v2x_ball_bot_bringup/share/v2x_ball_bot_bringup/package.sh'
[0.854s] INFO:colcon.colcon_core.shell:Creating package script '/home/yuha/V2X-ball-bot/install/v2x_ball_bot_bringup/share/v2x_ball_bot_bringup/package.bash'
[0.855s] INFO:colcon.colcon_core.shell:Creating package script '/home/yuha/V2X-ball-bot/install/v2x_ball_bot_bringup/share/v2x_ball_bot_bringup/package.zsh'
[0.856s] Level 1:colcon.colcon_core.environment:create_file_with_runtime_dependencies(/home/yuha/V2X-ball-bot/install/v2x_ball_bot_bringup/share/colcon-core/packages/v2x_ball_bot_bringup)
[0.857s] DEBUG:colcon.colcon_parallel_executor.executor.parallel:closing loop
[0.858s] DEBUG:colcon.colcon_parallel_executor.executor.parallel:loop closed
[0.858s] DEBUG:colcon.colcon_parallel_executor.executor.parallel:run_until_complete finished with '0'
[0.858s] DEBUG:colcon.colcon_core.event_reactor:joining thread
[0.898s] INFO:colcon.colcon_core.plugin_system:Skipping extension 'colcon_notification.desktop_notification.notify_send': Could not find 'notify-send'
[0.899s] INFO:colcon.colcon_core.plugin_system:Skipping extension 'colcon_notification.desktop_notification.terminal_notifier': Not used on non-Darwin systems
[0.899s] INFO:colcon.colcon_core.plugin_system:Skipping extension 'colcon_notification.desktop_notification.win32': Not used on non-Windows systems
[0.899s] INFO:colcon.colcon_notification.desktop_notification:Sending desktop notification using 'notify2'
[0.900s] DEBUG:colcon.colcon_notification.desktop_notification.notify2:Failed to initialize notify2: org.freedesktop.DBus.Error.ServiceUnknown: The name org.freedesktop.Notifications was not provided by any .service files
[0.900s] DEBUG:colcon.colcon_core.event_reactor:joined thread
[0.901s] INFO:colcon.colcon_core.shell:Creating prefix script '/home/yuha/V2X-ball-bot/install/local_setup.ps1'
[0.902s] INFO:colcon.colcon_core.shell:Creating prefix util module '/home/yuha/V2X-ball-bot/install/_local_setup_util_ps1.py'
[0.903s] INFO:colcon.colcon_core.shell:Creating prefix chain script '/home/yuha/V2X-ball-bot/install/setup.ps1'
[0.905s] INFO:colcon.colcon_core.shell:Creating prefix script '/home/yuha/V2X-ball-bot/install/local_setup.sh'
[0.906s] INFO:colcon.colcon_core.shell:Creating prefix util module '/home/yuha/V2X-ball-bot/install/_local_setup_util_sh.py'
[0.906s] INFO:colcon.colcon_core.shell:Creating prefix chain script '/home/yuha/V2X-ball-bot/install/setup.sh'
[0.908s] INFO:colcon.colcon_core.shell:Creating prefix script '/home/yuha/V2X-ball-bot/install/local_setup.bash'
[0.908s] INFO:colcon.colcon_core.shell:Creating prefix chain script '/home/yuha/V2X-ball-bot/install/setup.bash'
[0.909s] INFO:colcon.colcon_core.shell:Creating prefix script '/home/yuha/V2X-ball-bot/install/local_setup.zsh'
[0.910s] INFO:colcon.colcon_core.shell:Creating prefix chain script '/home/yuha/V2X-ball-bot/install/setup.zsh'
