-- The C compiler identification is GNU 11.4.0
-- The CXX compiler identification is GNU 11.4.0
-- Detecting C compiler ABI info
-- Detecting C compiler ABI info - done
-- Check for working C compiler: /usr/bin/cc - skipped
-- Detecting C compile features
-- Detecting C compile features - done
-- Detecting CXX compiler ABI info
-- Detecting CXX compiler ABI info - done
-- Check for working CXX compiler: /usr/bin/c++ - skipped
-- Detecting CXX compile features
-- Detecting CXX compile features - done
-- Found ament_cmake: 1.3.11 (/opt/ros/humble/share/ament_cmake/cmake)
-- Found Python3: /usr/bin/python3 (found version "3.10.12") found components: Interpreter 
-- Override CMake install command with custom implementation using symlinks instead of copying resources
-- Found rosidl_default_generators: 1.2.0 (/opt/ros/humble/share/rosidl_default_generators/cmake)
-- Using all available rosidl_typesupport_c: rosidl_typesupport_fastrtps_c;rosidl_typesupport_introspection_c
-- Found rosidl_adapter: 3.1.6 (/opt/ros/humble/share/rosidl_adapter/cmake)
-- Using all available rosidl_typesupport_cpp: rosidl_typesupport_fastrtps_cpp;rosidl_typesupport_introspection_cpp
-- Found std_msgs: 4.9.0 (/opt/ros/humble/share/std_msgs/cmake)
-- Found geometry_msgs: 4.9.0 (/opt/ros/humble/share/geometry_msgs/cmake)
-- Found ament_cmake_ros: 0.10.0 (/opt/ros/humble/share/ament_cmake_ros/cmake)
-- Using all available rosidl_typesupport_c: rosidl_typesupport_fastrtps_c;rosidl_typesupport_introspection_c
-- Using all available rosidl_typesupport_cpp: rosidl_typesupport_fastrtps_cpp;rosidl_typesupport_introspection_cpp
-- Found PythonInterp: /usr/bin/python3 (found suitable version "3.10.12", minimum required is "3.6") 
-- Found python_cmake_module: 0.10.0 (/opt/ros/humble/share/python_cmake_module/cmake)
-- Found PythonLibs: /usr/lib/x86_64-linux-gnu/libpython3.10.so (found suitable version "3.10.12", minimum required is "3.5") 
-- Using PYTHON_EXECUTABLE: /usr/bin/python3
-- Using PYTHON_INCLUDE_DIRS: /usr/include/python3.10
-- Using PYTHON_LIBRARIES: /usr/lib/x86_64-linux-gnu/libpython3.10.so
-- Found PythonExtra: .so  
-- Configuring done
-- Generating done
-- Build files have been written to: /home/yuha/V2X-ball-bot/build/v2x_ball_bot_msgs
[  1%] [34m[1mGenerating C code for ROS interfaces[0m
[  3%] [34m[1mGenerating C++ code for ROS interfaces[0m
[  3%] Built target ament_cmake_python_symlink_v2x_ball_bot_msgs
running egg_info
creating v2x_ball_bot_msgs.egg-info
writing v2x_ball_bot_msgs.egg-info/PKG-INFO
writing dependency_links to v2x_ball_bot_msgs.egg-info/dependency_links.txt
writing top-level names to v2x_ball_bot_msgs.egg-info/top_level.txt
writing manifest file 'v2x_ball_bot_msgs.egg-info/SOURCES.txt'
reading manifest file 'v2x_ball_bot_msgs.egg-info/SOURCES.txt'
writing manifest file 'v2x_ball_bot_msgs.egg-info/SOURCES.txt'
[  3%] Built target ament_cmake_python_build_v2x_ball_bot_msgs_egg
[  7%] [32mBuilding C object CMakeFiles/v2x_ball_bot_msgs__rosidl_generator_c.dir/rosidl_generator_c/v2x_ball_bot_msgs/msg/detail/ball_position__functions.c.o[0m
[  7%] [32mBuilding C object CMakeFiles/v2x_ball_bot_msgs__rosidl_generator_c.dir/rosidl_generator_c/v2x_ball_bot_msgs/msg/detail/ball_pixel__functions.c.o[0m
[  7%] Built target v2x_ball_bot_msgs__cpp
[  9%] [32mBuilding C object CMakeFiles/v2x_ball_bot_msgs__rosidl_generator_c.dir/rosidl_generator_c/v2x_ball_bot_msgs/msg/detail/ball__functions.c.o[0m
[ 10%] [32mBuilding C object CMakeFiles/v2x_ball_bot_msgs__rosidl_generator_c.dir/rosidl_generator_c/v2x_ball_bot_msgs/msg/detail/ball_array__functions.c.o[0m
[ 14%] [34m[1mGenerating C++ type support for eProsima Fast-RTPS[0m
[ 14%] [34m[1mGenerating C++ introspection for ROS interfaces[0m
[ 16%] [34m[1mGenerating C++ type support dispatch for ROS interfaces[0m
[ 18%] [32m[1mLinking C shared library libv2x_ball_bot_msgs__rosidl_generator_c.so[0m
[ 18%] Built target v2x_ball_bot_msgs__rosidl_generator_c
[ 20%] [34m[1mGenerating C type support for eProsima Fast-RTPS[0m
[ 21%] [34m[1mGenerating C type support dispatch for ROS interfaces[0m
[ 23%] [34m[1mGenerating C introspection for ROS interfaces[0m
[ 25%] [32mBuilding CXX object CMakeFiles/v2x_ball_bot_msgs__rosidl_typesupport_cpp.dir/rosidl_typesupport_cpp/v2x_ball_bot_msgs/msg/ball_position__type_support.cpp.o[0m
[ 27%] [32mBuilding CXX object CMakeFiles/v2x_ball_bot_msgs__rosidl_typesupport_cpp.dir/rosidl_typesupport_cpp/v2x_ball_bot_msgs/msg/ball__type_support.cpp.o[0m
[ 29%] [32mBuilding CXX object CMakeFiles/v2x_ball_bot_msgs__rosidl_typesupport_cpp.dir/rosidl_typesupport_cpp/v2x_ball_bot_msgs/msg/ball_array__type_support.cpp.o[0m
[ 32%] [32mBuilding CXX object CMakeFiles/v2x_ball_bot_msgs__rosidl_typesupport_introspection_cpp.dir/rosidl_typesupport_introspection_cpp/v2x_ball_bot_msgs/msg/detail/ball_pixel__type_support.cpp.o[0m
[ 32%] [32mBuilding CXX object CMakeFiles/v2x_ball_bot_msgs__rosidl_typesupport_introspection_cpp.dir/rosidl_typesupport_introspection_cpp/v2x_ball_bot_msgs/msg/detail/ball__type_support.cpp.o[0m
[ 34%] [32mBuilding CXX object CMakeFiles/v2x_ball_bot_msgs__rosidl_typesupport_introspection_cpp.dir/rosidl_typesupport_introspection_cpp/v2x_ball_bot_msgs/msg/detail/ball_position__type_support.cpp.o[0m
[ 36%] [32mBuilding CXX object CMakeFiles/v2x_ball_bot_msgs__rosidl_typesupport_cpp.dir/rosidl_typesupport_cpp/v2x_ball_bot_msgs/msg/ball_pixel__type_support.cpp.o[0m
[ 38%] [32mBuilding CXX object CMakeFiles/v2x_ball_bot_msgs__rosidl_typesupport_introspection_cpp.dir/rosidl_typesupport_introspection_cpp/v2x_ball_bot_msgs/msg/detail/ball_array__type_support.cpp.o[0m
[ 41%] [32mBuilding CXX object CMakeFiles/v2x_ball_bot_msgs__rosidl_typesupport_fastrtps_cpp.dir/rosidl_typesupport_fastrtps_cpp/v2x_ball_bot_msgs/msg/detail/dds_fastrtps/ball_pixel__type_support.cpp.o[0m
[ 41%] [32mBuilding CXX object CMakeFiles/v2x_ball_bot_msgs__rosidl_typesupport_fastrtps_cpp.dir/rosidl_typesupport_fastrtps_cpp/v2x_ball_bot_msgs/msg/detail/dds_fastrtps/ball_position__type_support.cpp.o[0m
[ 43%] [32mBuilding CXX object CMakeFiles/v2x_ball_bot_msgs__rosidl_typesupport_fastrtps_cpp.dir/rosidl_typesupport_fastrtps_cpp/v2x_ball_bot_msgs/msg/detail/dds_fastrtps/ball_array__type_support.cpp.o[0m
[ 45%] [32mBuilding CXX object CMakeFiles/v2x_ball_bot_msgs__rosidl_typesupport_fastrtps_cpp.dir/rosidl_typesupport_fastrtps_cpp/v2x_ball_bot_msgs/msg/detail/dds_fastrtps/ball__type_support.cpp.o[0m
[ 47%] [32mBuilding CXX object CMakeFiles/v2x_ball_bot_msgs__rosidl_typesupport_c.dir/rosidl_typesupport_c/v2x_ball_bot_msgs/msg/ball__type_support.cpp.o[0m
[ 50%] [32mBuilding CXX object CMakeFiles/v2x_ball_bot_msgs__rosidl_typesupport_c.dir/rosidl_typesupport_c/v2x_ball_bot_msgs/msg/ball_position__type_support.cpp.o[0m
[ 50%] [32mBuilding CXX object CMakeFiles/v2x_ball_bot_msgs__rosidl_typesupport_c.dir/rosidl_typesupport_c/v2x_ball_bot_msgs/msg/ball_pixel__type_support.cpp.o[0m
[ 52%] [32mBuilding CXX object CMakeFiles/v2x_ball_bot_msgs__rosidl_typesupport_c.dir/rosidl_typesupport_c/v2x_ball_bot_msgs/msg/ball_array__type_support.cpp.o[0m
[ 54%] [32m[1mLinking CXX shared library libv2x_ball_bot_msgs__rosidl_typesupport_c.so[0m
[ 58%] [32mBuilding CXX object CMakeFiles/v2x_ball_bot_msgs__rosidl_typesupport_fastrtps_c.dir/rosidl_typesupport_fastrtps_c/v2x_ball_bot_msgs/msg/detail/ball_pixel__type_support_c.cpp.o[0m
[ 58%] [32mBuilding CXX object CMakeFiles/v2x_ball_bot_msgs__rosidl_typesupport_fastrtps_c.dir/rosidl_typesupport_fastrtps_c/v2x_ball_bot_msgs/msg/detail/ball_position__type_support_c.cpp.o[0m
[ 60%] [32mBuilding CXX object CMakeFiles/v2x_ball_bot_msgs__rosidl_typesupport_fastrtps_c.dir/rosidl_typesupport_fastrtps_c/v2x_ball_bot_msgs/msg/detail/ball_array__type_support_c.cpp.o[0m
[ 61%] [32mBuilding CXX object CMakeFiles/v2x_ball_bot_msgs__rosidl_typesupport_fastrtps_c.dir/rosidl_typesupport_fastrtps_c/v2x_ball_bot_msgs/msg/detail/ball__type_support_c.cpp.o[0m
[ 63%] [32mBuilding C object CMakeFiles/v2x_ball_bot_msgs__rosidl_typesupport_introspection_c.dir/rosidl_typesupport_introspection_c/v2x_ball_bot_msgs/msg/detail/ball_position__type_support.c.o[0m
[ 65%] [32mBuilding C object CMakeFiles/v2x_ball_bot_msgs__rosidl_typesupport_introspection_c.dir/rosidl_typesupport_introspection_c/v2x_ball_bot_msgs/msg/detail/ball__type_support.c.o[0m
[ 67%] [32mBuilding C object CMakeFiles/v2x_ball_bot_msgs__rosidl_typesupport_introspection_c.dir/rosidl_typesupport_introspection_c/v2x_ball_bot_msgs/msg/detail/ball_pixel__type_support.c.o[0m
[ 69%] [32mBuilding C object CMakeFiles/v2x_ball_bot_msgs__rosidl_typesupport_introspection_c.dir/rosidl_typesupport_introspection_c/v2x_ball_bot_msgs/msg/detail/ball_array__type_support.c.o[0m
[ 70%] [32m[1mLinking C shared library libv2x_ball_bot_msgs__rosidl_typesupport_introspection_c.so[0m
[ 70%] Built target v2x_ball_bot_msgs__rosidl_typesupport_c
[ 72%] [32m[1mLinking CXX shared library libv2x_ball_bot_msgs__rosidl_typesupport_cpp.so[0m
[ 72%] Built target v2x_ball_bot_msgs__rosidl_typesupport_introspection_c
[ 72%] Built target v2x_ball_bot_msgs__rosidl_typesupport_cpp
[ 74%] [32m[1mLinking CXX shared library libv2x_ball_bot_msgs__rosidl_typesupport_introspection_cpp.so[0m
[ 76%] [32m[1mLinking CXX shared library libv2x_ball_bot_msgs__rosidl_typesupport_fastrtps_cpp.so[0m
[ 76%] Built target v2x_ball_bot_msgs__rosidl_typesupport_introspection_cpp
[ 78%] [32m[1mLinking CXX shared library libv2x_ball_bot_msgs__rosidl_typesupport_fastrtps_c.so[0m
[ 78%] Built target v2x_ball_bot_msgs__rosidl_typesupport_fastrtps_cpp
[ 78%] Built target v2x_ball_bot_msgs__rosidl_typesupport_fastrtps_c
[ 78%] Built target v2x_ball_bot_msgs
[ 80%] [34m[1mGenerating Python code for ROS interfaces[0m
[ 80%] Built target v2x_ball_bot_msgs__py
[ 81%] [32mBuilding C object CMakeFiles/v2x_ball_bot_msgs__rosidl_generator_py.dir/rosidl_generator_py/v2x_ball_bot_msgs/msg/_ball_pixel_s.c.o[0m
[ 83%] [32mBuilding C object CMakeFiles/v2x_ball_bot_msgs__rosidl_generator_py.dir/rosidl_generator_py/v2x_ball_bot_msgs/msg/_ball_position_s.c.o[0m
[ 85%] [32mBuilding C object CMakeFiles/v2x_ball_bot_msgs__rosidl_generator_py.dir/rosidl_generator_py/v2x_ball_bot_msgs/msg/_ball_s.c.o[0m
[ 87%] [32mBuilding C object CMakeFiles/v2x_ball_bot_msgs__rosidl_generator_py.dir/rosidl_generator_py/v2x_ball_bot_msgs/msg/_ball_array_s.c.o[0m
[ 89%] [32m[1mLinking C shared library rosidl_generator_py/v2x_ball_bot_msgs/libv2x_ball_bot_msgs__rosidl_generator_py.so[0m
[ 89%] Built target v2x_ball_bot_msgs__rosidl_generator_py
[ 94%] [32mBuilding C object CMakeFiles/v2x_ball_bot_msgs__rosidl_typesupport_c__pyext.dir/rosidl_generator_py/v2x_ball_bot_msgs/_v2x_ball_bot_msgs_s.ep.rosidl_typesupport_c.c.o[0m
[ 94%] [32mBuilding C object CMakeFiles/v2x_ball_bot_msgs__rosidl_typesupport_introspection_c__pyext.dir/rosidl_generator_py/v2x_ball_bot_msgs/_v2x_ball_bot_msgs_s.ep.rosidl_typesupport_introspection_c.c.o[0m
[ 94%] [32mBuilding C object CMakeFiles/v2x_ball_bot_msgs__rosidl_typesupport_fastrtps_c__pyext.dir/rosidl_generator_py/v2x_ball_bot_msgs/_v2x_ball_bot_msgs_s.ep.rosidl_typesupport_fastrtps_c.c.o[0m
[ 98%] [32m[1mLinking C shared library rosidl_generator_py/v2x_ball_bot_msgs/v2x_ball_bot_msgs_s__rosidl_typesupport_introspection_c.cpython-310-x86_64-linux-gnu.so[0m
[ 98%] [32m[1mLinking C shared library rosidl_generator_py/v2x_ball_bot_msgs/v2x_ball_bot_msgs_s__rosidl_typesupport_c.cpython-310-x86_64-linux-gnu.so[0m
[100%] [32m[1mLinking C shared library rosidl_generator_py/v2x_ball_bot_msgs/v2x_ball_bot_msgs_s__rosidl_typesupport_fastrtps_c.cpython-310-x86_64-linux-gnu.so[0m
[100%] Built target v2x_ball_bot_msgs__rosidl_typesupport_introspection_c__pyext
[100%] Built target v2x_ball_bot_msgs__rosidl_typesupport_c__pyext
[100%] Built target v2x_ball_bot_msgs__rosidl_typesupport_fastrtps_c__pyext
-- Install configuration: ""
-- Execute custom install script
-- Symlinking: /home/yuha/V2X-ball-bot/install/v2x_ball_bot_msgs/share/ament_index/resource_index/rosidl_interfaces/v2x_ball_bot_msgs
-- Symlinking: /home/yuha/V2X-ball-bot/install/v2x_ball_bot_msgs/include/v2x_ball_bot_msgs/v2x_ball_bot_msgs/msg/ball.h
-- Symlinking: /home/yuha/V2X-ball-bot/install/v2x_ball_bot_msgs/include/v2x_ball_bot_msgs/v2x_ball_bot_msgs/msg/ball_array.h
-- Symlinking: /home/yuha/V2X-ball-bot/install/v2x_ball_bot_msgs/include/v2x_ball_bot_msgs/v2x_ball_bot_msgs/msg/ball_pixel.h
-- Symlinking: /home/yuha/V2X-ball-bot/install/v2x_ball_bot_msgs/include/v2x_ball_bot_msgs/v2x_ball_bot_msgs/msg/ball_position.h
-- Symlinking: /home/yuha/V2X-ball-bot/install/v2x_ball_bot_msgs/include/v2x_ball_bot_msgs/v2x_ball_bot_msgs/msg/detail/ball__functions.h
-- Symlinking: /home/yuha/V2X-ball-bot/install/v2x_ball_bot_msgs/include/v2x_ball_bot_msgs/v2x_ball_bot_msgs/msg/detail/ball__struct.h
-- Symlinking: /home/yuha/V2X-ball-bot/install/v2x_ball_bot_msgs/include/v2x_ball_bot_msgs/v2x_ball_bot_msgs/msg/detail/ball__type_support.h
-- Symlinking: /home/yuha/V2X-ball-bot/install/v2x_ball_bot_msgs/include/v2x_ball_bot_msgs/v2x_ball_bot_msgs/msg/detail/ball_array__functions.h
-- Symlinking: /home/yuha/V2X-ball-bot/install/v2x_ball_bot_msgs/include/v2x_ball_bot_msgs/v2x_ball_bot_msgs/msg/detail/ball_array__struct.h
-- Symlinking: /home/yuha/V2X-ball-bot/install/v2x_ball_bot_msgs/include/v2x_ball_bot_msgs/v2x_ball_bot_msgs/msg/detail/ball_array__type_support.h
-- Symlinking: /home/yuha/V2X-ball-bot/install/v2x_ball_bot_msgs/include/v2x_ball_bot_msgs/v2x_ball_bot_msgs/msg/detail/ball_pixel__functions.h
-- Symlinking: /home/yuha/V2X-ball-bot/install/v2x_ball_bot_msgs/include/v2x_ball_bot_msgs/v2x_ball_bot_msgs/msg/detail/ball_pixel__struct.h
-- Symlinking: /home/yuha/V2X-ball-bot/install/v2x_ball_bot_msgs/include/v2x_ball_bot_msgs/v2x_ball_bot_msgs/msg/detail/ball_pixel__type_support.h
-- Symlinking: /home/yuha/V2X-ball-bot/install/v2x_ball_bot_msgs/include/v2x_ball_bot_msgs/v2x_ball_bot_msgs/msg/detail/ball_position__functions.h
-- Symlinking: /home/yuha/V2X-ball-bot/install/v2x_ball_bot_msgs/include/v2x_ball_bot_msgs/v2x_ball_bot_msgs/msg/detail/ball_position__struct.h
-- Symlinking: /home/yuha/V2X-ball-bot/install/v2x_ball_bot_msgs/include/v2x_ball_bot_msgs/v2x_ball_bot_msgs/msg/detail/ball_position__type_support.h
-- Symlinking: /home/yuha/V2X-ball-bot/install/v2x_ball_bot_msgs/include/v2x_ball_bot_msgs/v2x_ball_bot_msgs/msg/rosidl_generator_c__visibility_control.h
-- Symlinking: /home/yuha/V2X-ball-bot/install/v2x_ball_bot_msgs/share/v2x_ball_bot_msgs/environment/library_path.sh
-- Symlinking: /home/yuha/V2X-ball-bot/install/v2x_ball_bot_msgs/share/v2x_ball_bot_msgs/environment/library_path.dsv
-- Symlinking: /home/yuha/V2X-ball-bot/install/v2x_ball_bot_msgs/include/v2x_ball_bot_msgs/v2x_ball_bot_msgs/msg/detail/ball__rosidl_typesupport_fastrtps_c.h
-- Symlinking: /home/yuha/V2X-ball-bot/install/v2x_ball_bot_msgs/include/v2x_ball_bot_msgs/v2x_ball_bot_msgs/msg/detail/ball_array__rosidl_typesupport_fastrtps_c.h
-- Symlinking: /home/yuha/V2X-ball-bot/install/v2x_ball_bot_msgs/include/v2x_ball_bot_msgs/v2x_ball_bot_msgs/msg/detail/ball_pixel__rosidl_typesupport_fastrtps_c.h
-- Symlinking: /home/yuha/V2X-ball-bot/install/v2x_ball_bot_msgs/include/v2x_ball_bot_msgs/v2x_ball_bot_msgs/msg/detail/ball_position__rosidl_typesupport_fastrtps_c.h
-- Symlinking: /home/yuha/V2X-ball-bot/install/v2x_ball_bot_msgs/include/v2x_ball_bot_msgs/v2x_ball_bot_msgs/msg/rosidl_typesupport_fastrtps_c__visibility_control.h
-- Symlinking: /home/yuha/V2X-ball-bot/install/v2x_ball_bot_msgs/include/v2x_ball_bot_msgs/v2x_ball_bot_msgs/msg/detail/ball__rosidl_typesupport_introspection_c.h
-- Symlinking: /home/yuha/V2X-ball-bot/install/v2x_ball_bot_msgs/include/v2x_ball_bot_msgs/v2x_ball_bot_msgs/msg/detail/ball_array__rosidl_typesupport_introspection_c.h
-- Symlinking: /home/yuha/V2X-ball-bot/install/v2x_ball_bot_msgs/include/v2x_ball_bot_msgs/v2x_ball_bot_msgs/msg/detail/ball_pixel__rosidl_typesupport_introspection_c.h
-- Symlinking: /home/yuha/V2X-ball-bot/install/v2x_ball_bot_msgs/include/v2x_ball_bot_msgs/v2x_ball_bot_msgs/msg/detail/ball_position__rosidl_typesupport_introspection_c.h
-- Symlinking: /home/yuha/V2X-ball-bot/install/v2x_ball_bot_msgs/include/v2x_ball_bot_msgs/v2x_ball_bot_msgs/msg/rosidl_typesupport_introspection_c__visibility_control.h
-- Symlinking: /home/yuha/V2X-ball-bot/install/v2x_ball_bot_msgs/include/v2x_ball_bot_msgs/v2x_ball_bot_msgs/msg/ball.hpp
-- Symlinking: /home/yuha/V2X-ball-bot/install/v2x_ball_bot_msgs/include/v2x_ball_bot_msgs/v2x_ball_bot_msgs/msg/ball_array.hpp
-- Symlinking: /home/yuha/V2X-ball-bot/install/v2x_ball_bot_msgs/include/v2x_ball_bot_msgs/v2x_ball_bot_msgs/msg/ball_pixel.hpp
-- Symlinking: /home/yuha/V2X-ball-bot/install/v2x_ball_bot_msgs/include/v2x_ball_bot_msgs/v2x_ball_bot_msgs/msg/ball_position.hpp
-- Symlinking: /home/yuha/V2X-ball-bot/install/v2x_ball_bot_msgs/include/v2x_ball_bot_msgs/v2x_ball_bot_msgs/msg/detail/ball__builder.hpp
-- Symlinking: /home/yuha/V2X-ball-bot/install/v2x_ball_bot_msgs/include/v2x_ball_bot_msgs/v2x_ball_bot_msgs/msg/detail/ball__struct.hpp
-- Symlinking: /home/yuha/V2X-ball-bot/install/v2x_ball_bot_msgs/include/v2x_ball_bot_msgs/v2x_ball_bot_msgs/msg/detail/ball__traits.hpp
-- Symlinking: /home/yuha/V2X-ball-bot/install/v2x_ball_bot_msgs/include/v2x_ball_bot_msgs/v2x_ball_bot_msgs/msg/detail/ball__type_support.hpp
-- Symlinking: /home/yuha/V2X-ball-bot/install/v2x_ball_bot_msgs/include/v2x_ball_bot_msgs/v2x_ball_bot_msgs/msg/detail/ball_array__builder.hpp
-- Symlinking: /home/yuha/V2X-ball-bot/install/v2x_ball_bot_msgs/include/v2x_ball_bot_msgs/v2x_ball_bot_msgs/msg/detail/ball_array__struct.hpp
-- Symlinking: /home/yuha/V2X-ball-bot/install/v2x_ball_bot_msgs/include/v2x_ball_bot_msgs/v2x_ball_bot_msgs/msg/detail/ball_array__traits.hpp
-- Symlinking: /home/yuha/V2X-ball-bot/install/v2x_ball_bot_msgs/include/v2x_ball_bot_msgs/v2x_ball_bot_msgs/msg/detail/ball_array__type_support.hpp
-- Symlinking: /home/yuha/V2X-ball-bot/install/v2x_ball_bot_msgs/include/v2x_ball_bot_msgs/v2x_ball_bot_msgs/msg/detail/ball_pixel__builder.hpp
-- Symlinking: /home/yuha/V2X-ball-bot/install/v2x_ball_bot_msgs/include/v2x_ball_bot_msgs/v2x_ball_bot_msgs/msg/detail/ball_pixel__struct.hpp
-- Symlinking: /home/yuha/V2X-ball-bot/install/v2x_ball_bot_msgs/include/v2x_ball_bot_msgs/v2x_ball_bot_msgs/msg/detail/ball_pixel__traits.hpp
-- Symlinking: /home/yuha/V2X-ball-bot/install/v2x_ball_bot_msgs/include/v2x_ball_bot_msgs/v2x_ball_bot_msgs/msg/detail/ball_pixel__type_support.hpp
-- Symlinking: /home/yuha/V2X-ball-bot/install/v2x_ball_bot_msgs/include/v2x_ball_bot_msgs/v2x_ball_bot_msgs/msg/detail/ball_position__builder.hpp
-- Symlinking: /home/yuha/V2X-ball-bot/install/v2x_ball_bot_msgs/include/v2x_ball_bot_msgs/v2x_ball_bot_msgs/msg/detail/ball_position__struct.hpp
-- Symlinking: /home/yuha/V2X-ball-bot/install/v2x_ball_bot_msgs/include/v2x_ball_bot_msgs/v2x_ball_bot_msgs/msg/detail/ball_position__traits.hpp
-- Symlinking: /home/yuha/V2X-ball-bot/install/v2x_ball_bot_msgs/include/v2x_ball_bot_msgs/v2x_ball_bot_msgs/msg/detail/ball_position__type_support.hpp
-- Symlinking: /home/yuha/V2X-ball-bot/install/v2x_ball_bot_msgs/include/v2x_ball_bot_msgs/v2x_ball_bot_msgs/msg/rosidl_generator_cpp__visibility_control.hpp
-- Symlinking: /home/yuha/V2X-ball-bot/install/v2x_ball_bot_msgs/include/v2x_ball_bot_msgs/v2x_ball_bot_msgs/msg/detail/ball__rosidl_typesupport_fastrtps_cpp.hpp
-- Symlinking: /home/yuha/V2X-ball-bot/install/v2x_ball_bot_msgs/include/v2x_ball_bot_msgs/v2x_ball_bot_msgs/msg/detail/ball_array__rosidl_typesupport_fastrtps_cpp.hpp
-- Symlinking: /home/yuha/V2X-ball-bot/install/v2x_ball_bot_msgs/include/v2x_ball_bot_msgs/v2x_ball_bot_msgs/msg/detail/ball_pixel__rosidl_typesupport_fastrtps_cpp.hpp
-- Symlinking: /home/yuha/V2X-ball-bot/install/v2x_ball_bot_msgs/include/v2x_ball_bot_msgs/v2x_ball_bot_msgs/msg/detail/ball_position__rosidl_typesupport_fastrtps_cpp.hpp
-- Symlinking: /home/yuha/V2X-ball-bot/install/v2x_ball_bot_msgs/include/v2x_ball_bot_msgs/v2x_ball_bot_msgs/msg/rosidl_typesupport_fastrtps_cpp__visibility_control.h
-- Symlinking: /home/yuha/V2X-ball-bot/install/v2x_ball_bot_msgs/include/v2x_ball_bot_msgs/v2x_ball_bot_msgs/msg/detail/ball__rosidl_typesupport_introspection_cpp.hpp
-- Symlinking: /home/yuha/V2X-ball-bot/install/v2x_ball_bot_msgs/include/v2x_ball_bot_msgs/v2x_ball_bot_msgs/msg/detail/ball_array__rosidl_typesupport_introspection_cpp.hpp
-- Symlinking: /home/yuha/V2X-ball-bot/install/v2x_ball_bot_msgs/include/v2x_ball_bot_msgs/v2x_ball_bot_msgs/msg/detail/ball_pixel__rosidl_typesupport_introspection_cpp.hpp
-- Symlinking: /home/yuha/V2X-ball-bot/install/v2x_ball_bot_msgs/include/v2x_ball_bot_msgs/v2x_ball_bot_msgs/msg/detail/ball_position__rosidl_typesupport_introspection_cpp.hpp
-- Symlinking: /home/yuha/V2X-ball-bot/install/v2x_ball_bot_msgs/share/v2x_ball_bot_msgs/environment/pythonpath.sh
-- Symlinking: /home/yuha/V2X-ball-bot/install/v2x_ball_bot_msgs/share/v2x_ball_bot_msgs/environment/pythonpath.dsv
-- Symlinking: /home/yuha/V2X-ball-bot/install/v2x_ball_bot_msgs/local/lib/python3.10/dist-packages/v2x_ball_bot_msgs-0.0.0-py3.10.egg-info/PKG-INFO
-- Symlinking: /home/yuha/V2X-ball-bot/install/v2x_ball_bot_msgs/local/lib/python3.10/dist-packages/v2x_ball_bot_msgs-0.0.0-py3.10.egg-info/SOURCES.txt
-- Symlinking: /home/yuha/V2X-ball-bot/install/v2x_ball_bot_msgs/local/lib/python3.10/dist-packages/v2x_ball_bot_msgs-0.0.0-py3.10.egg-info/dependency_links.txt
-- Symlinking: /home/yuha/V2X-ball-bot/install/v2x_ball_bot_msgs/local/lib/python3.10/dist-packages/v2x_ball_bot_msgs-0.0.0-py3.10.egg-info/top_level.txt
-- Symlinking: /home/yuha/V2X-ball-bot/install/v2x_ball_bot_msgs/local/lib/python3.10/dist-packages/v2x_ball_bot_msgs/__init__.py
-- Symlinking: /home/yuha/V2X-ball-bot/install/v2x_ball_bot_msgs/local/lib/python3.10/dist-packages/v2x_ball_bot_msgs/_v2x_ball_bot_msgs_s.ep.rosidl_typesupport_c.c
-- Symlinking: /home/yuha/V2X-ball-bot/install/v2x_ball_bot_msgs/local/lib/python3.10/dist-packages/v2x_ball_bot_msgs/_v2x_ball_bot_msgs_s.ep.rosidl_typesupport_fastrtps_c.c
-- Symlinking: /home/yuha/V2X-ball-bot/install/v2x_ball_bot_msgs/local/lib/python3.10/dist-packages/v2x_ball_bot_msgs/_v2x_ball_bot_msgs_s.ep.rosidl_typesupport_introspection_c.c
-- Symlinking: /home/yuha/V2X-ball-bot/install/v2x_ball_bot_msgs/local/lib/python3.10/dist-packages/v2x_ball_bot_msgs/libv2x_ball_bot_msgs__rosidl_generator_py.so
-- Symlinking: /home/yuha/V2X-ball-bot/install/v2x_ball_bot_msgs/local/lib/python3.10/dist-packages/v2x_ball_bot_msgs/msg/__init__.py
-- Symlinking: /home/yuha/V2X-ball-bot/install/v2x_ball_bot_msgs/local/lib/python3.10/dist-packages/v2x_ball_bot_msgs/msg/_ball.py
-- Symlinking: /home/yuha/V2X-ball-bot/install/v2x_ball_bot_msgs/local/lib/python3.10/dist-packages/v2x_ball_bot_msgs/msg/_ball_array.py
-- Symlinking: /home/yuha/V2X-ball-bot/install/v2x_ball_bot_msgs/local/lib/python3.10/dist-packages/v2x_ball_bot_msgs/msg/_ball_array_s.c
-- Symlinking: /home/yuha/V2X-ball-bot/install/v2x_ball_bot_msgs/local/lib/python3.10/dist-packages/v2x_ball_bot_msgs/msg/_ball_pixel.py
-- Symlinking: /home/yuha/V2X-ball-bot/install/v2x_ball_bot_msgs/local/lib/python3.10/dist-packages/v2x_ball_bot_msgs/msg/_ball_pixel_s.c
-- Symlinking: /home/yuha/V2X-ball-bot/install/v2x_ball_bot_msgs/local/lib/python3.10/dist-packages/v2x_ball_bot_msgs/msg/_ball_position.py
-- Symlinking: /home/yuha/V2X-ball-bot/install/v2x_ball_bot_msgs/local/lib/python3.10/dist-packages/v2x_ball_bot_msgs/msg/_ball_position_s.c
-- Symlinking: /home/yuha/V2X-ball-bot/install/v2x_ball_bot_msgs/local/lib/python3.10/dist-packages/v2x_ball_bot_msgs/msg/_ball_s.c
-- Symlinking: /home/yuha/V2X-ball-bot/install/v2x_ball_bot_msgs/local/lib/python3.10/dist-packages/v2x_ball_bot_msgs/v2x_ball_bot_msgs_s__rosidl_typesupport_c.cpython-310-x86_64-linux-gnu.so
-- Symlinking: /home/yuha/V2X-ball-bot/install/v2x_ball_bot_msgs/local/lib/python3.10/dist-packages/v2x_ball_bot_msgs/v2x_ball_bot_msgs_s__rosidl_typesupport_fastrtps_c.cpython-310-x86_64-linux-gnu.so
-- Symlinking: /home/yuha/V2X-ball-bot/install/v2x_ball_bot_msgs/local/lib/python3.10/dist-packages/v2x_ball_bot_msgs/v2x_ball_bot_msgs_s__rosidl_typesupport_introspection_c.cpython-310-x86_64-linux-gnu.so
-- Up-to-date symlink: /home/yuha/V2X-ball-bot/install/v2x_ball_bot_msgs/local/lib/python3.10/dist-packages/v2x_ball_bot_msgs/v2x_ball_bot_msgs_s__rosidl_typesupport_fastrtps_c.cpython-310-x86_64-linux-gnu.so
-- Up-to-date symlink: /home/yuha/V2X-ball-bot/install/v2x_ball_bot_msgs/local/lib/python3.10/dist-packages/v2x_ball_bot_msgs/v2x_ball_bot_msgs_s__rosidl_typesupport_introspection_c.cpython-310-x86_64-linux-gnu.so
-- Up-to-date symlink: /home/yuha/V2X-ball-bot/install/v2x_ball_bot_msgs/local/lib/python3.10/dist-packages/v2x_ball_bot_msgs/v2x_ball_bot_msgs_s__rosidl_typesupport_c.cpython-310-x86_64-linux-gnu.so
-- Symlinking: /home/yuha/V2X-ball-bot/install/v2x_ball_bot_msgs/share/v2x_ball_bot_msgs/msg/BallPixel.idl
-- Symlinking: /home/yuha/V2X-ball-bot/install/v2x_ball_bot_msgs/share/v2x_ball_bot_msgs/msg/BallPosition.idl
-- Symlinking: /home/yuha/V2X-ball-bot/install/v2x_ball_bot_msgs/share/v2x_ball_bot_msgs/msg/Ball.idl
-- Symlinking: /home/yuha/V2X-ball-bot/install/v2x_ball_bot_msgs/share/v2x_ball_bot_msgs/msg/BallArray.idl
-- Symlinking: /home/yuha/V2X-ball-bot/install/v2x_ball_bot_msgs/share/v2x_ball_bot_msgs/msg/BallPixel.msg
-- Symlinking: /home/yuha/V2X-ball-bot/install/v2x_ball_bot_msgs/share/v2x_ball_bot_msgs/msg/BallPosition.msg
-- Symlinking: /home/yuha/V2X-ball-bot/install/v2x_ball_bot_msgs/share/v2x_ball_bot_msgs/msg/Ball.msg
-- Symlinking: /home/yuha/V2X-ball-bot/install/v2x_ball_bot_msgs/share/v2x_ball_bot_msgs/msg/BallArray.msg
-- Symlinking: /home/yuha/V2X-ball-bot/install/v2x_ball_bot_msgs/share/ament_index/resource_index/package_run_dependencies/v2x_ball_bot_msgs
-- Symlinking: /home/yuha/V2X-ball-bot/install/v2x_ball_bot_msgs/share/ament_index/resource_index/parent_prefix_path/v2x_ball_bot_msgs
-- Symlinking: /home/yuha/V2X-ball-bot/install/v2x_ball_bot_msgs/share/v2x_ball_bot_msgs/environment/ament_prefix_path.sh
-- Symlinking: /home/yuha/V2X-ball-bot/install/v2x_ball_bot_msgs/share/v2x_ball_bot_msgs/environment/ament_prefix_path.dsv
-- Symlinking: /home/yuha/V2X-ball-bot/install/v2x_ball_bot_msgs/share/v2x_ball_bot_msgs/environment/path.sh
-- Symlinking: /home/yuha/V2X-ball-bot/install/v2x_ball_bot_msgs/share/v2x_ball_bot_msgs/environment/path.dsv
-- Symlinking: /home/yuha/V2X-ball-bot/install/v2x_ball_bot_msgs/share/v2x_ball_bot_msgs/local_setup.bash
-- Symlinking: /home/yuha/V2X-ball-bot/install/v2x_ball_bot_msgs/share/v2x_ball_bot_msgs/local_setup.sh
-- Symlinking: /home/yuha/V2X-ball-bot/install/v2x_ball_bot_msgs/share/v2x_ball_bot_msgs/local_setup.zsh
-- Symlinking: /home/yuha/V2X-ball-bot/install/v2x_ball_bot_msgs/share/v2x_ball_bot_msgs/local_setup.dsv
-- Symlinking: /home/yuha/V2X-ball-bot/install/v2x_ball_bot_msgs/share/v2x_ball_bot_msgs/package.dsv
-- Symlinking: /home/yuha/V2X-ball-bot/install/v2x_ball_bot_msgs/share/ament_index/resource_index/packages/v2x_ball_bot_msgs
-- Symlinking: /home/yuha/V2X-ball-bot/install/v2x_ball_bot_msgs/share/v2x_ball_bot_msgs/cmake/rosidl_cmake-extras.cmake
-- Symlinking: /home/yuha/V2X-ball-bot/install/v2x_ball_bot_msgs/share/v2x_ball_bot_msgs/cmake/ament_cmake_export_dependencies-extras.cmake
-- Symlinking: /home/yuha/V2X-ball-bot/install/v2x_ball_bot_msgs/share/v2x_ball_bot_msgs/cmake/ament_cmake_export_include_directories-extras.cmake
-- Symlinking: /home/yuha/V2X-ball-bot/install/v2x_ball_bot_msgs/share/v2x_ball_bot_msgs/cmake/ament_cmake_export_libraries-extras.cmake
-- Symlinking: /home/yuha/V2X-ball-bot/install/v2x_ball_bot_msgs/share/v2x_ball_bot_msgs/cmake/ament_cmake_export_targets-extras.cmake
-- Symlinking: /home/yuha/V2X-ball-bot/install/v2x_ball_bot_msgs/share/v2x_ball_bot_msgs/cmake/rosidl_cmake_export_typesupport_targets-extras.cmake
-- Symlinking: /home/yuha/V2X-ball-bot/install/v2x_ball_bot_msgs/share/v2x_ball_bot_msgs/cmake/rosidl_cmake_export_typesupport_libraries-extras.cmake
-- Symlinking: /home/yuha/V2X-ball-bot/install/v2x_ball_bot_msgs/share/v2x_ball_bot_msgs/cmake/v2x_ball_bot_msgsConfig.cmake
-- Symlinking: /home/yuha/V2X-ball-bot/install/v2x_ball_bot_msgs/share/v2x_ball_bot_msgs/cmake/v2x_ball_bot_msgsConfig-version.cmake
-- Symlinking: /home/yuha/V2X-ball-bot/install/v2x_ball_bot_msgs/share/v2x_ball_bot_msgs/package.xml
-- Installing: /home/yuha/V2X-ball-bot/install/v2x_ball_bot_msgs/lib/libv2x_ball_bot_msgs__rosidl_generator_c.so
-- Set runtime path of "/home/yuha/V2X-ball-bot/install/v2x_ball_bot_msgs/lib/libv2x_ball_bot_msgs__rosidl_generator_c.so" to ""
-- Installing: /home/yuha/V2X-ball-bot/install/v2x_ball_bot_msgs/lib/libv2x_ball_bot_msgs__rosidl_typesupport_fastrtps_c.so
-- Set runtime path of "/home/yuha/V2X-ball-bot/install/v2x_ball_bot_msgs/lib/libv2x_ball_bot_msgs__rosidl_typesupport_fastrtps_c.so" to ""
-- Installing: /home/yuha/V2X-ball-bot/install/v2x_ball_bot_msgs/lib/libv2x_ball_bot_msgs__rosidl_typesupport_introspection_c.so
-- Set runtime path of "/home/yuha/V2X-ball-bot/install/v2x_ball_bot_msgs/lib/libv2x_ball_bot_msgs__rosidl_typesupport_introspection_c.so" to ""
-- Installing: /home/yuha/V2X-ball-bot/install/v2x_ball_bot_msgs/lib/libv2x_ball_bot_msgs__rosidl_typesupport_c.so
-- Set runtime path of "/home/yuha/V2X-ball-bot/install/v2x_ball_bot_msgs/lib/libv2x_ball_bot_msgs__rosidl_typesupport_c.so" to ""
-- Installing: /home/yuha/V2X-ball-bot/install/v2x_ball_bot_msgs/lib/libv2x_ball_bot_msgs__rosidl_typesupport_fastrtps_cpp.so
-- Set runtime path of "/home/yuha/V2X-ball-bot/install/v2x_ball_bot_msgs/lib/libv2x_ball_bot_msgs__rosidl_typesupport_fastrtps_cpp.so" to ""
-- Installing: /home/yuha/V2X-ball-bot/install/v2x_ball_bot_msgs/lib/libv2x_ball_bot_msgs__rosidl_typesupport_introspection_cpp.so
-- Set runtime path of "/home/yuha/V2X-ball-bot/install/v2x_ball_bot_msgs/lib/libv2x_ball_bot_msgs__rosidl_typesupport_introspection_cpp.so" to ""
-- Installing: /home/yuha/V2X-ball-bot/install/v2x_ball_bot_msgs/lib/libv2x_ball_bot_msgs__rosidl_typesupport_cpp.so
-- Set runtime path of "/home/yuha/V2X-ball-bot/install/v2x_ball_bot_msgs/lib/libv2x_ball_bot_msgs__rosidl_typesupport_cpp.so" to ""
Listing '/home/yuha/V2X-ball-bot/install/v2x_ball_bot_msgs/local/lib/python3.10/dist-packages/v2x_ball_bot_msgs'...
Compiling '/home/yuha/V2X-ball-bot/install/v2x_ball_bot_msgs/local/lib/python3.10/dist-packages/v2x_ball_bot_msgs/__init__.py'...
Listing '/home/yuha/V2X-ball-bot/install/v2x_ball_bot_msgs/local/lib/python3.10/dist-packages/v2x_ball_bot_msgs/msg'...
Compiling '/home/yuha/V2X-ball-bot/install/v2x_ball_bot_msgs/local/lib/python3.10/dist-packages/v2x_ball_bot_msgs/msg/__init__.py'...
Compiling '/home/yuha/V2X-ball-bot/install/v2x_ball_bot_msgs/local/lib/python3.10/dist-packages/v2x_ball_bot_msgs/msg/_ball.py'...
Compiling '/home/yuha/V2X-ball-bot/install/v2x_ball_bot_msgs/local/lib/python3.10/dist-packages/v2x_ball_bot_msgs/msg/_ball_array.py'...
Compiling '/home/yuha/V2X-ball-bot/install/v2x_ball_bot_msgs/local/lib/python3.10/dist-packages/v2x_ball_bot_msgs/msg/_ball_pixel.py'...
Compiling '/home/yuha/V2X-ball-bot/install/v2x_ball_bot_msgs/local/lib/python3.10/dist-packages/v2x_ball_bot_msgs/msg/_ball_position.py'...
-- Installing: /home/yuha/V2X-ball-bot/install/v2x_ball_bot_msgs/lib/libv2x_ball_bot_msgs__rosidl_generator_py.so
-- Set runtime path of "/home/yuha/V2X-ball-bot/install/v2x_ball_bot_msgs/lib/libv2x_ball_bot_msgs__rosidl_generator_py.so" to ""
-- Installing: /home/yuha/V2X-ball-bot/install/v2x_ball_bot_msgs/share/v2x_ball_bot_msgs/cmake/export_v2x_ball_bot_msgs__rosidl_generator_cExport.cmake
-- Installing: /home/yuha/V2X-ball-bot/install/v2x_ball_bot_msgs/share/v2x_ball_bot_msgs/cmake/export_v2x_ball_bot_msgs__rosidl_generator_cExport-noconfig.cmake
-- Installing: /home/yuha/V2X-ball-bot/install/v2x_ball_bot_msgs/share/v2x_ball_bot_msgs/cmake/export_v2x_ball_bot_msgs__rosidl_typesupport_fastrtps_cExport.cmake
-- Installing: /home/yuha/V2X-ball-bot/install/v2x_ball_bot_msgs/share/v2x_ball_bot_msgs/cmake/export_v2x_ball_bot_msgs__rosidl_typesupport_fastrtps_cExport-noconfig.cmake
-- Installing: /home/yuha/V2X-ball-bot/install/v2x_ball_bot_msgs/share/v2x_ball_bot_msgs/cmake/v2x_ball_bot_msgs__rosidl_typesupport_introspection_cExport.cmake
-- Installing: /home/yuha/V2X-ball-bot/install/v2x_ball_bot_msgs/share/v2x_ball_bot_msgs/cmake/v2x_ball_bot_msgs__rosidl_typesupport_introspection_cExport-noconfig.cmake
-- Installing: /home/yuha/V2X-ball-bot/install/v2x_ball_bot_msgs/share/v2x_ball_bot_msgs/cmake/v2x_ball_bot_msgs__rosidl_typesupport_cExport.cmake
-- Installing: /home/yuha/V2X-ball-bot/install/v2x_ball_bot_msgs/share/v2x_ball_bot_msgs/cmake/v2x_ball_bot_msgs__rosidl_typesupport_cExport-noconfig.cmake
-- Installing: /home/yuha/V2X-ball-bot/install/v2x_ball_bot_msgs/share/v2x_ball_bot_msgs/cmake/export_v2x_ball_bot_msgs__rosidl_generator_cppExport.cmake
-- Installing: /home/yuha/V2X-ball-bot/install/v2x_ball_bot_msgs/share/v2x_ball_bot_msgs/cmake/export_v2x_ball_bot_msgs__rosidl_typesupport_fastrtps_cppExport.cmake
-- Installing: /home/yuha/V2X-ball-bot/install/v2x_ball_bot_msgs/share/v2x_ball_bot_msgs/cmake/export_v2x_ball_bot_msgs__rosidl_typesupport_fastrtps_cppExport-noconfig.cmake
-- Installing: /home/yuha/V2X-ball-bot/install/v2x_ball_bot_msgs/share/v2x_ball_bot_msgs/cmake/v2x_ball_bot_msgs__rosidl_typesupport_introspection_cppExport.cmake
-- Installing: /home/yuha/V2X-ball-bot/install/v2x_ball_bot_msgs/share/v2x_ball_bot_msgs/cmake/v2x_ball_bot_msgs__rosidl_typesupport_introspection_cppExport-noconfig.cmake
-- Installing: /home/yuha/V2X-ball-bot/install/v2x_ball_bot_msgs/share/v2x_ball_bot_msgs/cmake/v2x_ball_bot_msgs__rosidl_typesupport_cppExport.cmake
-- Installing: /home/yuha/V2X-ball-bot/install/v2x_ball_bot_msgs/share/v2x_ball_bot_msgs/cmake/v2x_ball_bot_msgs__rosidl_typesupport_cppExport-noconfig.cmake
-- Installing: /home/yuha/V2X-ball-bot/install/v2x_ball_bot_msgs/share/v2x_ball_bot_msgs/cmake/export_v2x_ball_bot_msgs__rosidl_generator_pyExport.cmake
-- Installing: /home/yuha/V2X-ball-bot/install/v2x_ball_bot_msgs/share/v2x_ball_bot_msgs/cmake/export_v2x_ball_bot_msgs__rosidl_generator_pyExport-noconfig.cmake
