[0.339s] DEBUG:colcon:Command line arguments: ['/usr/bin/colcon', 'build', '--symlink-install', '--packages-up-to', 'v2x_ball_bot_control']
[0.339s] DEBUG:colcon:Parsed command line arguments: Namespace(log_base=None, log_level=None, verb_name='build', build_base='build', install_base='install', merge_install=False, symlink_install=True, test_result_base=None, continue_on_error=False, executor='parallel', parallel_workers=22, event_handlers=None, ignore_user_meta=False, metas=['./colcon.meta'], base_paths=['.'], packages_ignore=None, packages_ignore_regex=None, paths=None, packages_up_to=['v2x_ball_bot_control'], packages_up_to_regex=None, packages_above=None, packages_above_and_dependencies=None, packages_above_depth=None, packages_select_by_dep=None, packages_skip_by_dep=None, packages_skip_up_to=None, packages_select_build_failed=False, packages_skip_build_finished=False, packages_select_test_failures=False, packages_skip_test_passed=False, packages_select=None, packages_skip=None, packages_select_regex=None, packages_skip_regex=None, packages_start=None, packages_end=None, allow_overriding=[], cmake_args=None, cmake_target=None, cmake_target_skip_unavailable=False, cmake_clean_cache=False, cmake_clean_first=False, cmake_force_configure=False, ament_cmake_args=None, catkin_cmake_args=None, catkin_skip_building_tests=False, verb_parser=<colcon_defaults.argument_parser.defaults.DefaultArgumentsDecorator object at 0x7dfe58ae61d0>, verb_extension=<colcon_core.verb.build.BuildVerb object at 0x7dfe58ae5bd0>, main=<bound method BuildVerb.main of <colcon_core.verb.build.BuildVerb object at 0x7dfe58ae5bd0>>)
[0.945s] Level 1:colcon.colcon_core.package_discovery:discover_packages(colcon_meta) check parameters
[0.946s] Level 1:colcon.colcon_core.package_discovery:discover_packages(recursive) check parameters
[0.946s] Level 1:colcon.colcon_core.package_discovery:discover_packages(ignore) check parameters
[0.946s] Level 1:colcon.colcon_core.package_discovery:discover_packages(path) check parameters
[0.946s] Level 1:colcon.colcon_core.package_discovery:discover_packages(colcon_meta) discover
[0.946s] Level 1:colcon.colcon_core.package_discovery:discover_packages(recursive) discover
[0.946s] INFO:colcon.colcon_core.package_discovery:Crawling recursively for packages in '/home/yuha/V2X-ball-bot'
[0.946s] Level 1:colcon.colcon_core.package_identification:_identify(.) by extensions ['ignore', 'ignore_ament_install']
[0.946s] Level 1:colcon.colcon_core.package_identification:_identify(.) by extension 'ignore'
[0.947s] Level 1:colcon.colcon_core.package_identification:_identify(.) by extension 'ignore_ament_install'
[0.947s] Level 1:colcon.colcon_core.package_identification:_identify(.) by extensions ['colcon_pkg']
[0.947s] Level 1:colcon.colcon_core.package_identification:_identify(.) by extension 'colcon_pkg'
[0.947s] Level 1:colcon.colcon_core.package_identification:_identify(.) by extensions ['colcon_meta']
[0.947s] Level 1:colcon.colcon_core.package_identification:_identify(.) by extension 'colcon_meta'
[0.947s] Level 1:colcon.colcon_core.package_identification:_identify(.) by extensions ['ros']
[0.947s] Level 1:colcon.colcon_core.package_identification:_identify(.) by extension 'ros'
[1.014s] Level 1:colcon.colcon_core.package_identification:_identify(.) by extensions ['cmake', 'python']
[1.014s] Level 1:colcon.colcon_core.package_identification:_identify(.) by extension 'cmake'
[1.014s] Level 1:colcon.colcon_core.package_identification:_identify(.) by extension 'python'
[1.014s] Level 1:colcon.colcon_core.package_identification:_identify(.) by extensions ['python_setup_py']
[1.014s] Level 1:colcon.colcon_core.package_identification:_identify(.) by extension 'python_setup_py'
[1.014s] Level 1:colcon.colcon_core.package_identification:_identify(OrbbecSDK_ROS2) by extensions ['ignore', 'ignore_ament_install']
[1.015s] Level 1:colcon.colcon_core.package_identification:_identify(OrbbecSDK_ROS2) by extension 'ignore'
[1.015s] Level 1:colcon.colcon_core.package_identification:_identify(OrbbecSDK_ROS2) by extension 'ignore_ament_install'
[1.015s] Level 1:colcon.colcon_core.package_identification:_identify(OrbbecSDK_ROS2) by extensions ['colcon_pkg']
[1.015s] Level 1:colcon.colcon_core.package_identification:_identify(OrbbecSDK_ROS2) by extension 'colcon_pkg'
[1.015s] Level 1:colcon.colcon_core.package_identification:_identify(OrbbecSDK_ROS2) by extensions ['colcon_meta']
[1.015s] Level 1:colcon.colcon_core.package_identification:_identify(OrbbecSDK_ROS2) by extension 'colcon_meta'
[1.015s] Level 1:colcon.colcon_core.package_identification:_identify(OrbbecSDK_ROS2) by extensions ['ros']
[1.015s] Level 1:colcon.colcon_core.package_identification:_identify(OrbbecSDK_ROS2) by extension 'ros'
[1.015s] Level 1:colcon.colcon_core.package_identification:_identify(OrbbecSDK_ROS2) by extensions ['cmake', 'python']
[1.015s] Level 1:colcon.colcon_core.package_identification:_identify(OrbbecSDK_ROS2) by extension 'cmake'
[1.015s] Level 1:colcon.colcon_core.package_identification:_identify(OrbbecSDK_ROS2) by extension 'python'
[1.015s] Level 1:colcon.colcon_core.package_identification:_identify(OrbbecSDK_ROS2) by extensions ['python_setup_py']
[1.015s] Level 1:colcon.colcon_core.package_identification:_identify(OrbbecSDK_ROS2) by extension 'python_setup_py'
[1.015s] Level 1:colcon.colcon_core.package_identification:_identify(OrbbecSDK_ROS2/docs) by extensions ['ignore', 'ignore_ament_install']
[1.016s] Level 1:colcon.colcon_core.package_identification:_identify(OrbbecSDK_ROS2/docs) by extension 'ignore'
[1.016s] Level 1:colcon.colcon_core.package_identification:_identify(OrbbecSDK_ROS2/docs) by extension 'ignore_ament_install'
[1.016s] Level 1:colcon.colcon_core.package_identification:_identify(OrbbecSDK_ROS2/docs) by extensions ['colcon_pkg']
[1.016s] Level 1:colcon.colcon_core.package_identification:_identify(OrbbecSDK_ROS2/docs) by extension 'colcon_pkg'
[1.016s] Level 1:colcon.colcon_core.package_identification:_identify(OrbbecSDK_ROS2/docs) by extensions ['colcon_meta']
[1.016s] Level 1:colcon.colcon_core.package_identification:_identify(OrbbecSDK_ROS2/docs) by extension 'colcon_meta'
[1.016s] Level 1:colcon.colcon_core.package_identification:_identify(OrbbecSDK_ROS2/docs) by extensions ['ros']
[1.016s] Level 1:colcon.colcon_core.package_identification:_identify(OrbbecSDK_ROS2/docs) by extension 'ros'
[1.016s] Level 1:colcon.colcon_core.package_identification:_identify(OrbbecSDK_ROS2/docs) by extensions ['cmake', 'python']
[1.016s] Level 1:colcon.colcon_core.package_identification:_identify(OrbbecSDK_ROS2/docs) by extension 'cmake'
[1.016s] Level 1:colcon.colcon_core.package_identification:_identify(OrbbecSDK_ROS2/docs) by extension 'python'
[1.016s] Level 1:colcon.colcon_core.package_identification:_identify(OrbbecSDK_ROS2/docs) by extensions ['python_setup_py']
[1.017s] Level 1:colcon.colcon_core.package_identification:_identify(OrbbecSDK_ROS2/docs) by extension 'python_setup_py'
[1.017s] Level 1:colcon.colcon_core.package_identification:_identify(OrbbecSDK_ROS2/docs/images) by extensions ['ignore', 'ignore_ament_install']
[1.017s] Level 1:colcon.colcon_core.package_identification:_identify(OrbbecSDK_ROS2/docs/images) by extension 'ignore'
[1.018s] Level 1:colcon.colcon_core.package_identification:_identify(OrbbecSDK_ROS2/docs/images) by extension 'ignore_ament_install'
[1.018s] Level 1:colcon.colcon_core.package_identification:_identify(OrbbecSDK_ROS2/docs/images) by extensions ['colcon_pkg']
[1.018s] Level 1:colcon.colcon_core.package_identification:_identify(OrbbecSDK_ROS2/docs/images) by extension 'colcon_pkg'
[1.018s] Level 1:colcon.colcon_core.package_identification:_identify(OrbbecSDK_ROS2/docs/images) by extensions ['colcon_meta']
[1.018s] Level 1:colcon.colcon_core.package_identification:_identify(OrbbecSDK_ROS2/docs/images) by extension 'colcon_meta'
[1.018s] Level 1:colcon.colcon_core.package_identification:_identify(OrbbecSDK_ROS2/docs/images) by extensions ['ros']
[1.018s] Level 1:colcon.colcon_core.package_identification:_identify(OrbbecSDK_ROS2/docs/images) by extension 'ros'
[1.018s] Level 1:colcon.colcon_core.package_identification:_identify(OrbbecSDK_ROS2/docs/images) by extensions ['cmake', 'python']
[1.018s] Level 1:colcon.colcon_core.package_identification:_identify(OrbbecSDK_ROS2/docs/images) by extension 'cmake'
[1.018s] Level 1:colcon.colcon_core.package_identification:_identify(OrbbecSDK_ROS2/docs/images) by extension 'python'
[1.018s] Level 1:colcon.colcon_core.package_identification:_identify(OrbbecSDK_ROS2/docs/images) by extensions ['python_setup_py']
[1.018s] Level 1:colcon.colcon_core.package_identification:_identify(OrbbecSDK_ROS2/docs/images) by extension 'python_setup_py'
[1.018s] Level 1:colcon.colcon_core.package_identification:_identify(OrbbecSDK_ROS2/orbbec_camera) by extensions ['ignore', 'ignore_ament_install']
[1.018s] Level 1:colcon.colcon_core.package_identification:_identify(OrbbecSDK_ROS2/orbbec_camera) by extension 'ignore'
[1.018s] Level 1:colcon.colcon_core.package_identification:_identify(OrbbecSDK_ROS2/orbbec_camera) by extension 'ignore_ament_install'
[1.018s] Level 1:colcon.colcon_core.package_identification:_identify(OrbbecSDK_ROS2/orbbec_camera) by extensions ['colcon_pkg']
[1.019s] Level 1:colcon.colcon_core.package_identification:_identify(OrbbecSDK_ROS2/orbbec_camera) by extension 'colcon_pkg'
[1.019s] Level 1:colcon.colcon_core.package_identification:_identify(OrbbecSDK_ROS2/orbbec_camera) by extensions ['colcon_meta']
[1.019s] Level 1:colcon.colcon_core.package_identification:_identify(OrbbecSDK_ROS2/orbbec_camera) by extension 'colcon_meta'
[1.019s] Level 1:colcon.colcon_core.package_identification:_identify(OrbbecSDK_ROS2/orbbec_camera) by extensions ['ros']
[1.019s] Level 1:colcon.colcon_core.package_identification:_identify(OrbbecSDK_ROS2/orbbec_camera) by extension 'ros'
[1.028s] DEBUG:colcon.colcon_core.package_identification:Package 'OrbbecSDK_ROS2/orbbec_camera' with type 'ros.ament_cmake' and name 'orbbec_camera'
[1.029s] Level 1:colcon.colcon_core.package_identification:_identify(OrbbecSDK_ROS2/orbbec_camera_msgs) by extensions ['ignore', 'ignore_ament_install']
[1.030s] Level 1:colcon.colcon_core.package_identification:_identify(OrbbecSDK_ROS2/orbbec_camera_msgs) by extension 'ignore'
[1.030s] Level 1:colcon.colcon_core.package_identification:_identify(OrbbecSDK_ROS2/orbbec_camera_msgs) by extension 'ignore_ament_install'
[1.030s] Level 1:colcon.colcon_core.package_identification:_identify(OrbbecSDK_ROS2/orbbec_camera_msgs) by extensions ['colcon_pkg']
[1.030s] Level 1:colcon.colcon_core.package_identification:_identify(OrbbecSDK_ROS2/orbbec_camera_msgs) by extension 'colcon_pkg'
[1.030s] Level 1:colcon.colcon_core.package_identification:_identify(OrbbecSDK_ROS2/orbbec_camera_msgs) by extensions ['colcon_meta']
[1.030s] Level 1:colcon.colcon_core.package_identification:_identify(OrbbecSDK_ROS2/orbbec_camera_msgs) by extension 'colcon_meta'
[1.030s] Level 1:colcon.colcon_core.package_identification:_identify(OrbbecSDK_ROS2/orbbec_camera_msgs) by extensions ['ros']
[1.031s] Level 1:colcon.colcon_core.package_identification:_identify(OrbbecSDK_ROS2/orbbec_camera_msgs) by extension 'ros'
[1.032s] DEBUG:colcon.colcon_core.package_identification:Package 'OrbbecSDK_ROS2/orbbec_camera_msgs' with type 'ros.ament_cmake' and name 'orbbec_camera_msgs'
[1.033s] Level 1:colcon.colcon_core.package_identification:_identify(OrbbecSDK_ROS2/orbbec_description) by extensions ['ignore', 'ignore_ament_install']
[1.034s] Level 1:colcon.colcon_core.package_identification:_identify(OrbbecSDK_ROS2/orbbec_description) by extension 'ignore'
[1.034s] Level 1:colcon.colcon_core.package_identification:_identify(OrbbecSDK_ROS2/orbbec_description) by extension 'ignore_ament_install'
[1.034s] Level 1:colcon.colcon_core.package_identification:_identify(OrbbecSDK_ROS2/orbbec_description) by extensions ['colcon_pkg']
[1.035s] Level 1:colcon.colcon_core.package_identification:_identify(OrbbecSDK_ROS2/orbbec_description) by extension 'colcon_pkg'
[1.035s] Level 1:colcon.colcon_core.package_identification:_identify(OrbbecSDK_ROS2/orbbec_description) by extensions ['colcon_meta']
[1.035s] Level 1:colcon.colcon_core.package_identification:_identify(OrbbecSDK_ROS2/orbbec_description) by extension 'colcon_meta'
[1.035s] Level 1:colcon.colcon_core.package_identification:_identify(OrbbecSDK_ROS2/orbbec_description) by extensions ['ros']
[1.035s] Level 1:colcon.colcon_core.package_identification:_identify(OrbbecSDK_ROS2/orbbec_description) by extension 'ros'
[1.037s] DEBUG:colcon.colcon_core.package_identification:Package 'OrbbecSDK_ROS2/orbbec_description' with type 'ros.ament_cmake' and name 'orbbec_description'
[1.037s] Level 1:colcon.colcon_core.package_identification:_identify(__pycache__) by extensions ['ignore', 'ignore_ament_install']
[1.037s] Level 1:colcon.colcon_core.package_identification:_identify(__pycache__) by extension 'ignore'
[1.037s] Level 1:colcon.colcon_core.package_identification:_identify(__pycache__) by extension 'ignore_ament_install'
[1.037s] Level 1:colcon.colcon_core.package_identification:_identify(__pycache__) by extensions ['colcon_pkg']
[1.037s] Level 1:colcon.colcon_core.package_identification:_identify(__pycache__) by extension 'colcon_pkg'
[1.038s] Level 1:colcon.colcon_core.package_identification:_identify(__pycache__) by extensions ['colcon_meta']
[1.038s] Level 1:colcon.colcon_core.package_identification:_identify(__pycache__) by extension 'colcon_meta'
[1.038s] Level 1:colcon.colcon_core.package_identification:_identify(__pycache__) by extensions ['ros']
[1.038s] Level 1:colcon.colcon_core.package_identification:_identify(__pycache__) by extension 'ros'
[1.038s] Level 1:colcon.colcon_core.package_identification:_identify(__pycache__) by extensions ['cmake', 'python']
[1.038s] Level 1:colcon.colcon_core.package_identification:_identify(__pycache__) by extension 'cmake'
[1.038s] Level 1:colcon.colcon_core.package_identification:_identify(__pycache__) by extension 'python'
[1.038s] Level 1:colcon.colcon_core.package_identification:_identify(__pycache__) by extensions ['python_setup_py']
[1.038s] Level 1:colcon.colcon_core.package_identification:_identify(__pycache__) by extension 'python_setup_py'
[1.038s] Level 1:colcon.colcon_core.package_identification:_identify(build) by extensions ['ignore', 'ignore_ament_install']
[1.038s] Level 1:colcon.colcon_core.package_identification:_identify(build) by extension 'ignore'
[1.038s] Level 1:colcon.colcon_core.package_identification:_identify(build) ignored
[1.038s] Level 1:colcon.colcon_core.package_identification:_identify(install) by extensions ['ignore', 'ignore_ament_install']
[1.038s] Level 1:colcon.colcon_core.package_identification:_identify(install) by extension 'ignore'
[1.039s] Level 1:colcon.colcon_core.package_identification:_identify(install) ignored
[1.039s] Level 1:colcon.colcon_core.package_identification:_identify(log) by extensions ['ignore', 'ignore_ament_install']
[1.039s] Level 1:colcon.colcon_core.package_identification:_identify(log) by extension 'ignore'
[1.039s] Level 1:colcon.colcon_core.package_identification:_identify(log) ignored
[1.039s] Level 1:colcon.colcon_core.package_identification:_identify(rplidar_ros) by extensions ['ignore', 'ignore_ament_install']
[1.039s] Level 1:colcon.colcon_core.package_identification:_identify(rplidar_ros) by extension 'ignore'
[1.039s] Level 1:colcon.colcon_core.package_identification:_identify(rplidar_ros) ignored
[1.039s] Level 1:colcon.colcon_core.package_identification:_identify(rplidar_sdk) by extensions ['ignore', 'ignore_ament_install']
[1.039s] Level 1:colcon.colcon_core.package_identification:_identify(rplidar_sdk) by extension 'ignore'
[1.039s] Level 1:colcon.colcon_core.package_identification:_identify(rplidar_sdk) by extension 'ignore_ament_install'
[1.039s] Level 1:colcon.colcon_core.package_identification:_identify(rplidar_sdk) by extensions ['colcon_pkg']
[1.039s] Level 1:colcon.colcon_core.package_identification:_identify(rplidar_sdk) by extension 'colcon_pkg'
[1.039s] Level 1:colcon.colcon_core.package_identification:_identify(rplidar_sdk) by extensions ['colcon_meta']
[1.039s] Level 1:colcon.colcon_core.package_identification:_identify(rplidar_sdk) by extension 'colcon_meta'
[1.039s] Level 1:colcon.colcon_core.package_identification:_identify(rplidar_sdk) by extensions ['ros']
[1.039s] Level 1:colcon.colcon_core.package_identification:_identify(rplidar_sdk) by extension 'ros'
[1.040s] Level 1:colcon.colcon_core.package_identification:_identify(rplidar_sdk) by extensions ['cmake', 'python']
[1.040s] Level 1:colcon.colcon_core.package_identification:_identify(rplidar_sdk) by extension 'cmake'
[1.040s] Level 1:colcon.colcon_core.package_identification:_identify(rplidar_sdk) by extension 'python'
[1.040s] Level 1:colcon.colcon_core.package_identification:_identify(rplidar_sdk) by extensions ['python_setup_py']
[1.040s] Level 1:colcon.colcon_core.package_identification:_identify(rplidar_sdk) by extension 'python_setup_py'
[1.040s] Level 1:colcon.colcon_core.package_identification:_identify(rplidar_sdk/app) by extensions ['ignore', 'ignore_ament_install']
[1.040s] Level 1:colcon.colcon_core.package_identification:_identify(rplidar_sdk/app) by extension 'ignore'
[1.040s] Level 1:colcon.colcon_core.package_identification:_identify(rplidar_sdk/app) by extension 'ignore_ament_install'
[1.040s] Level 1:colcon.colcon_core.package_identification:_identify(rplidar_sdk/app) by extensions ['colcon_pkg']
[1.040s] Level 1:colcon.colcon_core.package_identification:_identify(rplidar_sdk/app) by extension 'colcon_pkg'
[1.040s] Level 1:colcon.colcon_core.package_identification:_identify(rplidar_sdk/app) by extensions ['colcon_meta']
[1.040s] Level 1:colcon.colcon_core.package_identification:_identify(rplidar_sdk/app) by extension 'colcon_meta'
[1.040s] Level 1:colcon.colcon_core.package_identification:_identify(rplidar_sdk/app) by extensions ['ros']
[1.040s] Level 1:colcon.colcon_core.package_identification:_identify(rplidar_sdk/app) by extension 'ros'
[1.040s] Level 1:colcon.colcon_core.package_identification:_identify(rplidar_sdk/app) by extensions ['cmake', 'python']
[1.040s] Level 1:colcon.colcon_core.package_identification:_identify(rplidar_sdk/app) by extension 'cmake'
[1.040s] Level 1:colcon.colcon_core.package_identification:_identify(rplidar_sdk/app) by extension 'python'
[1.040s] Level 1:colcon.colcon_core.package_identification:_identify(rplidar_sdk/app) by extensions ['python_setup_py']
[1.040s] Level 1:colcon.colcon_core.package_identification:_identify(rplidar_sdk/app) by extension 'python_setup_py'
[1.040s] Level 1:colcon.colcon_core.package_identification:_identify(rplidar_sdk/app/custom_baudrate) by extensions ['ignore', 'ignore_ament_install']
[1.041s] Level 1:colcon.colcon_core.package_identification:_identify(rplidar_sdk/app/custom_baudrate) by extension 'ignore'
[1.041s] Level 1:colcon.colcon_core.package_identification:_identify(rplidar_sdk/app/custom_baudrate) by extension 'ignore_ament_install'
[1.041s] Level 1:colcon.colcon_core.package_identification:_identify(rplidar_sdk/app/custom_baudrate) by extensions ['colcon_pkg']
[1.041s] Level 1:colcon.colcon_core.package_identification:_identify(rplidar_sdk/app/custom_baudrate) by extension 'colcon_pkg'
[1.041s] Level 1:colcon.colcon_core.package_identification:_identify(rplidar_sdk/app/custom_baudrate) by extensions ['colcon_meta']
[1.041s] Level 1:colcon.colcon_core.package_identification:_identify(rplidar_sdk/app/custom_baudrate) by extension 'colcon_meta'
[1.041s] Level 1:colcon.colcon_core.package_identification:_identify(rplidar_sdk/app/custom_baudrate) by extensions ['ros']
[1.041s] Level 1:colcon.colcon_core.package_identification:_identify(rplidar_sdk/app/custom_baudrate) by extension 'ros'
[1.041s] Level 1:colcon.colcon_core.package_identification:_identify(rplidar_sdk/app/custom_baudrate) by extensions ['cmake', 'python']
[1.041s] Level 1:colcon.colcon_core.package_identification:_identify(rplidar_sdk/app/custom_baudrate) by extension 'cmake'
[1.041s] Level 1:colcon.colcon_core.package_identification:_identify(rplidar_sdk/app/custom_baudrate) by extension 'python'
[1.041s] Level 1:colcon.colcon_core.package_identification:_identify(rplidar_sdk/app/custom_baudrate) by extensions ['python_setup_py']
[1.041s] Level 1:colcon.colcon_core.package_identification:_identify(rplidar_sdk/app/custom_baudrate) by extension 'python_setup_py'
[1.041s] Level 1:colcon.colcon_core.package_identification:_identify(rplidar_sdk/app/frame_grabber) by extensions ['ignore', 'ignore_ament_install']
[1.041s] Level 1:colcon.colcon_core.package_identification:_identify(rplidar_sdk/app/frame_grabber) by extension 'ignore'
[1.041s] Level 1:colcon.colcon_core.package_identification:_identify(rplidar_sdk/app/frame_grabber) by extension 'ignore_ament_install'
[1.041s] Level 1:colcon.colcon_core.package_identification:_identify(rplidar_sdk/app/frame_grabber) by extensions ['colcon_pkg']
[1.041s] Level 1:colcon.colcon_core.package_identification:_identify(rplidar_sdk/app/frame_grabber) by extension 'colcon_pkg'
[1.042s] Level 1:colcon.colcon_core.package_identification:_identify(rplidar_sdk/app/frame_grabber) by extensions ['colcon_meta']
[1.042s] Level 1:colcon.colcon_core.package_identification:_identify(rplidar_sdk/app/frame_grabber) by extension 'colcon_meta'
[1.042s] Level 1:colcon.colcon_core.package_identification:_identify(rplidar_sdk/app/frame_grabber) by extensions ['ros']
[1.042s] Level 1:colcon.colcon_core.package_identification:_identify(rplidar_sdk/app/frame_grabber) by extension 'ros'
[1.042s] Level 1:colcon.colcon_core.package_identification:_identify(rplidar_sdk/app/frame_grabber) by extensions ['cmake', 'python']
[1.042s] Level 1:colcon.colcon_core.package_identification:_identify(rplidar_sdk/app/frame_grabber) by extension 'cmake'
[1.042s] Level 1:colcon.colcon_core.package_identification:_identify(rplidar_sdk/app/frame_grabber) by extension 'python'
[1.042s] Level 1:colcon.colcon_core.package_identification:_identify(rplidar_sdk/app/frame_grabber) by extensions ['python_setup_py']
[1.042s] Level 1:colcon.colcon_core.package_identification:_identify(rplidar_sdk/app/frame_grabber) by extension 'python_setup_py'
[1.042s] Level 1:colcon.colcon_core.package_identification:_identify(rplidar_sdk/app/frame_grabber/drvlogic) by extensions ['ignore', 'ignore_ament_install']
[1.042s] Level 1:colcon.colcon_core.package_identification:_identify(rplidar_sdk/app/frame_grabber/drvlogic) by extension 'ignore'
[1.042s] Level 1:colcon.colcon_core.package_identification:_identify(rplidar_sdk/app/frame_grabber/drvlogic) by extension 'ignore_ament_install'
[1.042s] Level 1:colcon.colcon_core.package_identification:_identify(rplidar_sdk/app/frame_grabber/drvlogic) by extensions ['colcon_pkg']
[1.042s] Level 1:colcon.colcon_core.package_identification:_identify(rplidar_sdk/app/frame_grabber/drvlogic) by extension 'colcon_pkg'
[1.042s] Level 1:colcon.colcon_core.package_identification:_identify(rplidar_sdk/app/frame_grabber/drvlogic) by extensions ['colcon_meta']
[1.042s] Level 1:colcon.colcon_core.package_identification:_identify(rplidar_sdk/app/frame_grabber/drvlogic) by extension 'colcon_meta'
[1.042s] Level 1:colcon.colcon_core.package_identification:_identify(rplidar_sdk/app/frame_grabber/drvlogic) by extensions ['ros']
[1.042s] Level 1:colcon.colcon_core.package_identification:_identify(rplidar_sdk/app/frame_grabber/drvlogic) by extension 'ros'
[1.042s] Level 1:colcon.colcon_core.package_identification:_identify(rplidar_sdk/app/frame_grabber/drvlogic) by extensions ['cmake', 'python']
[1.042s] Level 1:colcon.colcon_core.package_identification:_identify(rplidar_sdk/app/frame_grabber/drvlogic) by extension 'cmake'
[1.042s] Level 1:colcon.colcon_core.package_identification:_identify(rplidar_sdk/app/frame_grabber/drvlogic) by extension 'python'
[1.042s] Level 1:colcon.colcon_core.package_identification:_identify(rplidar_sdk/app/frame_grabber/drvlogic) by extensions ['python_setup_py']
[1.043s] Level 1:colcon.colcon_core.package_identification:_identify(rplidar_sdk/app/frame_grabber/drvlogic) by extension 'python_setup_py'
[1.043s] Level 1:colcon.colcon_core.package_identification:_identify(rplidar_sdk/app/frame_grabber/ref) by extensions ['ignore', 'ignore_ament_install']
[1.043s] Level 1:colcon.colcon_core.package_identification:_identify(rplidar_sdk/app/frame_grabber/ref) by extension 'ignore'
[1.043s] Level 1:colcon.colcon_core.package_identification:_identify(rplidar_sdk/app/frame_grabber/ref) by extension 'ignore_ament_install'
[1.043s] Level 1:colcon.colcon_core.package_identification:_identify(rplidar_sdk/app/frame_grabber/ref) by extensions ['colcon_pkg']
[1.043s] Level 1:colcon.colcon_core.package_identification:_identify(rplidar_sdk/app/frame_grabber/ref) by extension 'colcon_pkg'
[1.043s] Level 1:colcon.colcon_core.package_identification:_identify(rplidar_sdk/app/frame_grabber/ref) by extensions ['colcon_meta']
[1.043s] Level 1:colcon.colcon_core.package_identification:_identify(rplidar_sdk/app/frame_grabber/ref) by extension 'colcon_meta'
[1.043s] Level 1:colcon.colcon_core.package_identification:_identify(rplidar_sdk/app/frame_grabber/ref) by extensions ['ros']
[1.043s] Level 1:colcon.colcon_core.package_identification:_identify(rplidar_sdk/app/frame_grabber/ref) by extension 'ros'
[1.043s] Level 1:colcon.colcon_core.package_identification:_identify(rplidar_sdk/app/frame_grabber/ref) by extensions ['cmake', 'python']
[1.043s] Level 1:colcon.colcon_core.package_identification:_identify(rplidar_sdk/app/frame_grabber/ref) by extension 'cmake'
[1.043s] Level 1:colcon.colcon_core.package_identification:_identify(rplidar_sdk/app/frame_grabber/ref) by extension 'python'
[1.043s] Level 1:colcon.colcon_core.package_identification:_identify(rplidar_sdk/app/frame_grabber/ref) by extensions ['python_setup_py']
[1.043s] Level 1:colcon.colcon_core.package_identification:_identify(rplidar_sdk/app/frame_grabber/ref) by extension 'python_setup_py'
[1.043s] Level 1:colcon.colcon_core.package_identification:_identify(rplidar_sdk/app/frame_grabber/ref/dnssd) by extensions ['ignore', 'ignore_ament_install']
[1.044s] Level 1:colcon.colcon_core.package_identification:_identify(rplidar_sdk/app/frame_grabber/ref/dnssd) by extension 'ignore'
[1.044s] Level 1:colcon.colcon_core.package_identification:_identify(rplidar_sdk/app/frame_grabber/ref/dnssd) by extension 'ignore_ament_install'
[1.044s] Level 1:colcon.colcon_core.package_identification:_identify(rplidar_sdk/app/frame_grabber/ref/dnssd) by extensions ['colcon_pkg']
[1.044s] Level 1:colcon.colcon_core.package_identification:_identify(rplidar_sdk/app/frame_grabber/ref/dnssd) by extension 'colcon_pkg'
[1.044s] Level 1:colcon.colcon_core.package_identification:_identify(rplidar_sdk/app/frame_grabber/ref/dnssd) by extensions ['colcon_meta']
[1.044s] Level 1:colcon.colcon_core.package_identification:_identify(rplidar_sdk/app/frame_grabber/ref/dnssd) by extension 'colcon_meta'
[1.044s] Level 1:colcon.colcon_core.package_identification:_identify(rplidar_sdk/app/frame_grabber/ref/dnssd) by extensions ['ros']
[1.044s] Level 1:colcon.colcon_core.package_identification:_identify(rplidar_sdk/app/frame_grabber/ref/dnssd) by extension 'ros'
[1.044s] Level 1:colcon.colcon_core.package_identification:_identify(rplidar_sdk/app/frame_grabber/ref/dnssd) by extensions ['cmake', 'python']
[1.044s] Level 1:colcon.colcon_core.package_identification:_identify(rplidar_sdk/app/frame_grabber/ref/dnssd) by extension 'cmake'
[1.044s] Level 1:colcon.colcon_core.package_identification:_identify(rplidar_sdk/app/frame_grabber/ref/dnssd) by extension 'python'
[1.044s] Level 1:colcon.colcon_core.package_identification:_identify(rplidar_sdk/app/frame_grabber/ref/dnssd) by extensions ['python_setup_py']
[1.044s] Level 1:colcon.colcon_core.package_identification:_identify(rplidar_sdk/app/frame_grabber/ref/dnssd) by extension 'python_setup_py'
[1.044s] Level 1:colcon.colcon_core.package_identification:_identify(rplidar_sdk/app/frame_grabber/ref/wtl) by extensions ['ignore', 'ignore_ament_install']
[1.044s] Level 1:colcon.colcon_core.package_identification:_identify(rplidar_sdk/app/frame_grabber/ref/wtl) by extension 'ignore'
[1.044s] Level 1:colcon.colcon_core.package_identification:_identify(rplidar_sdk/app/frame_grabber/ref/wtl) by extension 'ignore_ament_install'
[1.045s] Level 1:colcon.colcon_core.package_identification:_identify(rplidar_sdk/app/frame_grabber/ref/wtl) by extensions ['colcon_pkg']
[1.045s] Level 1:colcon.colcon_core.package_identification:_identify(rplidar_sdk/app/frame_grabber/ref/wtl) by extension 'colcon_pkg'
[1.045s] Level 1:colcon.colcon_core.package_identification:_identify(rplidar_sdk/app/frame_grabber/ref/wtl) by extensions ['colcon_meta']
[1.045s] Level 1:colcon.colcon_core.package_identification:_identify(rplidar_sdk/app/frame_grabber/ref/wtl) by extension 'colcon_meta'
[1.045s] Level 1:colcon.colcon_core.package_identification:_identify(rplidar_sdk/app/frame_grabber/ref/wtl) by extensions ['ros']
[1.045s] Level 1:colcon.colcon_core.package_identification:_identify(rplidar_sdk/app/frame_grabber/ref/wtl) by extension 'ros'
[1.045s] Level 1:colcon.colcon_core.package_identification:_identify(rplidar_sdk/app/frame_grabber/ref/wtl) by extensions ['cmake', 'python']
[1.045s] Level 1:colcon.colcon_core.package_identification:_identify(rplidar_sdk/app/frame_grabber/ref/wtl) by extension 'cmake'
[1.045s] Level 1:colcon.colcon_core.package_identification:_identify(rplidar_sdk/app/frame_grabber/ref/wtl) by extension 'python'
[1.045s] Level 1:colcon.colcon_core.package_identification:_identify(rplidar_sdk/app/frame_grabber/ref/wtl) by extensions ['python_setup_py']
[1.045s] Level 1:colcon.colcon_core.package_identification:_identify(rplidar_sdk/app/frame_grabber/ref/wtl) by extension 'python_setup_py'
[1.045s] Level 1:colcon.colcon_core.package_identification:_identify(rplidar_sdk/app/frame_grabber/res) by extensions ['ignore', 'ignore_ament_install']
[1.046s] Level 1:colcon.colcon_core.package_identification:_identify(rplidar_sdk/app/frame_grabber/res) by extension 'ignore'
[1.046s] Level 1:colcon.colcon_core.package_identification:_identify(rplidar_sdk/app/frame_grabber/res) by extension 'ignore_ament_install'
[1.046s] Level 1:colcon.colcon_core.package_identification:_identify(rplidar_sdk/app/frame_grabber/res) by extensions ['colcon_pkg']
[1.046s] Level 1:colcon.colcon_core.package_identification:_identify(rplidar_sdk/app/frame_grabber/res) by extension 'colcon_pkg'
[1.046s] Level 1:colcon.colcon_core.package_identification:_identify(rplidar_sdk/app/frame_grabber/res) by extensions ['colcon_meta']
[1.046s] Level 1:colcon.colcon_core.package_identification:_identify(rplidar_sdk/app/frame_grabber/res) by extension 'colcon_meta'
[1.046s] Level 1:colcon.colcon_core.package_identification:_identify(rplidar_sdk/app/frame_grabber/res) by extensions ['ros']
[1.046s] Level 1:colcon.colcon_core.package_identification:_identify(rplidar_sdk/app/frame_grabber/res) by extension 'ros'
[1.046s] Level 1:colcon.colcon_core.package_identification:_identify(rplidar_sdk/app/frame_grabber/res) by extensions ['cmake', 'python']
[1.046s] Level 1:colcon.colcon_core.package_identification:_identify(rplidar_sdk/app/frame_grabber/res) by extension 'cmake'
[1.046s] Level 1:colcon.colcon_core.package_identification:_identify(rplidar_sdk/app/frame_grabber/res) by extension 'python'
[1.046s] Level 1:colcon.colcon_core.package_identification:_identify(rplidar_sdk/app/frame_grabber/res) by extensions ['python_setup_py']
[1.046s] Level 1:colcon.colcon_core.package_identification:_identify(rplidar_sdk/app/frame_grabber/res) by extension 'python_setup_py'
[1.046s] Level 1:colcon.colcon_core.package_identification:_identify(rplidar_sdk/app/simple_grabber) by extensions ['ignore', 'ignore_ament_install']
[1.047s] Level 1:colcon.colcon_core.package_identification:_identify(rplidar_sdk/app/simple_grabber) by extension 'ignore'
[1.047s] Level 1:colcon.colcon_core.package_identification:_identify(rplidar_sdk/app/simple_grabber) by extension 'ignore_ament_install'
[1.047s] Level 1:colcon.colcon_core.package_identification:_identify(rplidar_sdk/app/simple_grabber) by extensions ['colcon_pkg']
[1.047s] Level 1:colcon.colcon_core.package_identification:_identify(rplidar_sdk/app/simple_grabber) by extension 'colcon_pkg'
[1.047s] Level 1:colcon.colcon_core.package_identification:_identify(rplidar_sdk/app/simple_grabber) by extensions ['colcon_meta']
[1.047s] Level 1:colcon.colcon_core.package_identification:_identify(rplidar_sdk/app/simple_grabber) by extension 'colcon_meta'
[1.047s] Level 1:colcon.colcon_core.package_identification:_identify(rplidar_sdk/app/simple_grabber) by extensions ['ros']
[1.047s] Level 1:colcon.colcon_core.package_identification:_identify(rplidar_sdk/app/simple_grabber) by extension 'ros'
[1.047s] Level 1:colcon.colcon_core.package_identification:_identify(rplidar_sdk/app/simple_grabber) by extensions ['cmake', 'python']
[1.047s] Level 1:colcon.colcon_core.package_identification:_identify(rplidar_sdk/app/simple_grabber) by extension 'cmake'
[1.047s] Level 1:colcon.colcon_core.package_identification:_identify(rplidar_sdk/app/simple_grabber) by extension 'python'
[1.047s] Level 1:colcon.colcon_core.package_identification:_identify(rplidar_sdk/app/simple_grabber) by extensions ['python_setup_py']
[1.047s] Level 1:colcon.colcon_core.package_identification:_identify(rplidar_sdk/app/simple_grabber) by extension 'python_setup_py'
[1.047s] Level 1:colcon.colcon_core.package_identification:_identify(rplidar_sdk/app/ultra_simple) by extensions ['ignore', 'ignore_ament_install']
[1.047s] Level 1:colcon.colcon_core.package_identification:_identify(rplidar_sdk/app/ultra_simple) by extension 'ignore'
[1.048s] Level 1:colcon.colcon_core.package_identification:_identify(rplidar_sdk/app/ultra_simple) by extension 'ignore_ament_install'
[1.048s] Level 1:colcon.colcon_core.package_identification:_identify(rplidar_sdk/app/ultra_simple) by extensions ['colcon_pkg']
[1.048s] Level 1:colcon.colcon_core.package_identification:_identify(rplidar_sdk/app/ultra_simple) by extension 'colcon_pkg'
[1.048s] Level 1:colcon.colcon_core.package_identification:_identify(rplidar_sdk/app/ultra_simple) by extensions ['colcon_meta']
[1.048s] Level 1:colcon.colcon_core.package_identification:_identify(rplidar_sdk/app/ultra_simple) by extension 'colcon_meta'
[1.048s] Level 1:colcon.colcon_core.package_identification:_identify(rplidar_sdk/app/ultra_simple) by extensions ['ros']
[1.048s] Level 1:colcon.colcon_core.package_identification:_identify(rplidar_sdk/app/ultra_simple) by extension 'ros'
[1.048s] Level 1:colcon.colcon_core.package_identification:_identify(rplidar_sdk/app/ultra_simple) by extensions ['cmake', 'python']
[1.048s] Level 1:colcon.colcon_core.package_identification:_identify(rplidar_sdk/app/ultra_simple) by extension 'cmake'
[1.048s] Level 1:colcon.colcon_core.package_identification:_identify(rplidar_sdk/app/ultra_simple) by extension 'python'
[1.048s] Level 1:colcon.colcon_core.package_identification:_identify(rplidar_sdk/app/ultra_simple) by extensions ['python_setup_py']
[1.048s] Level 1:colcon.colcon_core.package_identification:_identify(rplidar_sdk/app/ultra_simple) by extension 'python_setup_py'
[1.048s] Level 1:colcon.colcon_core.package_identification:_identify(rplidar_sdk/docs) by extensions ['ignore', 'ignore_ament_install']
[1.048s] Level 1:colcon.colcon_core.package_identification:_identify(rplidar_sdk/docs) by extension 'ignore'
[1.048s] Level 1:colcon.colcon_core.package_identification:_identify(rplidar_sdk/docs) by extension 'ignore_ament_install'
[1.048s] Level 1:colcon.colcon_core.package_identification:_identify(rplidar_sdk/docs) by extensions ['colcon_pkg']
[1.048s] Level 1:colcon.colcon_core.package_identification:_identify(rplidar_sdk/docs) by extension 'colcon_pkg'
[1.048s] Level 1:colcon.colcon_core.package_identification:_identify(rplidar_sdk/docs) by extensions ['colcon_meta']
[1.048s] Level 1:colcon.colcon_core.package_identification:_identify(rplidar_sdk/docs) by extension 'colcon_meta'
[1.048s] Level 1:colcon.colcon_core.package_identification:_identify(rplidar_sdk/docs) by extensions ['ros']
[1.048s] Level 1:colcon.colcon_core.package_identification:_identify(rplidar_sdk/docs) by extension 'ros'
[1.048s] Level 1:colcon.colcon_core.package_identification:_identify(rplidar_sdk/docs) by extensions ['cmake', 'python']
[1.048s] Level 1:colcon.colcon_core.package_identification:_identify(rplidar_sdk/docs) by extension 'cmake'
[1.048s] Level 1:colcon.colcon_core.package_identification:_identify(rplidar_sdk/docs) by extension 'python'
[1.049s] Level 1:colcon.colcon_core.package_identification:_identify(rplidar_sdk/docs) by extensions ['python_setup_py']
[1.049s] Level 1:colcon.colcon_core.package_identification:_identify(rplidar_sdk/docs) by extension 'python_setup_py'
[1.049s] Level 1:colcon.colcon_core.package_identification:_identify(rplidar_sdk/sdk) by extensions ['ignore', 'ignore_ament_install']
[1.049s] Level 1:colcon.colcon_core.package_identification:_identify(rplidar_sdk/sdk) by extension 'ignore'
[1.049s] Level 1:colcon.colcon_core.package_identification:_identify(rplidar_sdk/sdk) by extension 'ignore_ament_install'
[1.049s] Level 1:colcon.colcon_core.package_identification:_identify(rplidar_sdk/sdk) by extensions ['colcon_pkg']
[1.049s] Level 1:colcon.colcon_core.package_identification:_identify(rplidar_sdk/sdk) by extension 'colcon_pkg'
[1.049s] Level 1:colcon.colcon_core.package_identification:_identify(rplidar_sdk/sdk) by extensions ['colcon_meta']
[1.049s] Level 1:colcon.colcon_core.package_identification:_identify(rplidar_sdk/sdk) by extension 'colcon_meta'
[1.049s] Level 1:colcon.colcon_core.package_identification:_identify(rplidar_sdk/sdk) by extensions ['ros']
[1.049s] Level 1:colcon.colcon_core.package_identification:_identify(rplidar_sdk/sdk) by extension 'ros'
[1.049s] Level 1:colcon.colcon_core.package_identification:_identify(rplidar_sdk/sdk) by extensions ['cmake', 'python']
[1.049s] Level 1:colcon.colcon_core.package_identification:_identify(rplidar_sdk/sdk) by extension 'cmake'
[1.049s] Level 1:colcon.colcon_core.package_identification:_identify(rplidar_sdk/sdk) by extension 'python'
[1.049s] Level 1:colcon.colcon_core.package_identification:_identify(rplidar_sdk/sdk) by extensions ['python_setup_py']
[1.049s] Level 1:colcon.colcon_core.package_identification:_identify(rplidar_sdk/sdk) by extension 'python_setup_py'
[1.049s] Level 1:colcon.colcon_core.package_identification:_identify(rplidar_sdk/sdk/include) by extensions ['ignore', 'ignore_ament_install']
[1.049s] Level 1:colcon.colcon_core.package_identification:_identify(rplidar_sdk/sdk/include) by extension 'ignore'
[1.050s] Level 1:colcon.colcon_core.package_identification:_identify(rplidar_sdk/sdk/include) by extension 'ignore_ament_install'
[1.050s] Level 1:colcon.colcon_core.package_identification:_identify(rplidar_sdk/sdk/include) by extensions ['colcon_pkg']
[1.050s] Level 1:colcon.colcon_core.package_identification:_identify(rplidar_sdk/sdk/include) by extension 'colcon_pkg'
[1.050s] Level 1:colcon.colcon_core.package_identification:_identify(rplidar_sdk/sdk/include) by extensions ['colcon_meta']
[1.050s] Level 1:colcon.colcon_core.package_identification:_identify(rplidar_sdk/sdk/include) by extension 'colcon_meta'
[1.050s] Level 1:colcon.colcon_core.package_identification:_identify(rplidar_sdk/sdk/include) by extensions ['ros']
[1.050s] Level 1:colcon.colcon_core.package_identification:_identify(rplidar_sdk/sdk/include) by extension 'ros'
[1.050s] Level 1:colcon.colcon_core.package_identification:_identify(rplidar_sdk/sdk/include) by extensions ['cmake', 'python']
[1.050s] Level 1:colcon.colcon_core.package_identification:_identify(rplidar_sdk/sdk/include) by extension 'cmake'
[1.050s] Level 1:colcon.colcon_core.package_identification:_identify(rplidar_sdk/sdk/include) by extension 'python'
[1.050s] Level 1:colcon.colcon_core.package_identification:_identify(rplidar_sdk/sdk/include) by extensions ['python_setup_py']
[1.050s] Level 1:colcon.colcon_core.package_identification:_identify(rplidar_sdk/sdk/include) by extension 'python_setup_py'
[1.050s] Level 1:colcon.colcon_core.package_identification:_identify(rplidar_sdk/sdk/src) by extensions ['ignore', 'ignore_ament_install']
[1.050s] Level 1:colcon.colcon_core.package_identification:_identify(rplidar_sdk/sdk/src) by extension 'ignore'
[1.050s] Level 1:colcon.colcon_core.package_identification:_identify(rplidar_sdk/sdk/src) by extension 'ignore_ament_install'
[1.050s] Level 1:colcon.colcon_core.package_identification:_identify(rplidar_sdk/sdk/src) by extensions ['colcon_pkg']
[1.050s] Level 1:colcon.colcon_core.package_identification:_identify(rplidar_sdk/sdk/src) by extension 'colcon_pkg'
[1.050s] Level 1:colcon.colcon_core.package_identification:_identify(rplidar_sdk/sdk/src) by extensions ['colcon_meta']
[1.050s] Level 1:colcon.colcon_core.package_identification:_identify(rplidar_sdk/sdk/src) by extension 'colcon_meta'
[1.050s] Level 1:colcon.colcon_core.package_identification:_identify(rplidar_sdk/sdk/src) by extensions ['ros']
[1.050s] Level 1:colcon.colcon_core.package_identification:_identify(rplidar_sdk/sdk/src) by extension 'ros'
[1.050s] Level 1:colcon.colcon_core.package_identification:_identify(rplidar_sdk/sdk/src) by extensions ['cmake', 'python']
[1.050s] Level 1:colcon.colcon_core.package_identification:_identify(rplidar_sdk/sdk/src) by extension 'cmake'
[1.051s] Level 1:colcon.colcon_core.package_identification:_identify(rplidar_sdk/sdk/src) by extension 'python'
[1.051s] Level 1:colcon.colcon_core.package_identification:_identify(rplidar_sdk/sdk/src) by extensions ['python_setup_py']
[1.051s] Level 1:colcon.colcon_core.package_identification:_identify(rplidar_sdk/sdk/src) by extension 'python_setup_py'
[1.051s] Level 1:colcon.colcon_core.package_identification:_identify(rplidar_sdk/sdk/src/arch) by extensions ['ignore', 'ignore_ament_install']
[1.051s] Level 1:colcon.colcon_core.package_identification:_identify(rplidar_sdk/sdk/src/arch) by extension 'ignore'
[1.051s] Level 1:colcon.colcon_core.package_identification:_identify(rplidar_sdk/sdk/src/arch) by extension 'ignore_ament_install'
[1.051s] Level 1:colcon.colcon_core.package_identification:_identify(rplidar_sdk/sdk/src/arch) by extensions ['colcon_pkg']
[1.051s] Level 1:colcon.colcon_core.package_identification:_identify(rplidar_sdk/sdk/src/arch) by extension 'colcon_pkg'
[1.051s] Level 1:colcon.colcon_core.package_identification:_identify(rplidar_sdk/sdk/src/arch) by extensions ['colcon_meta']
[1.051s] Level 1:colcon.colcon_core.package_identification:_identify(rplidar_sdk/sdk/src/arch) by extension 'colcon_meta'
[1.051s] Level 1:colcon.colcon_core.package_identification:_identify(rplidar_sdk/sdk/src/arch) by extensions ['ros']
[1.051s] Level 1:colcon.colcon_core.package_identification:_identify(rplidar_sdk/sdk/src/arch) by extension 'ros'
[1.051s] Level 1:colcon.colcon_core.package_identification:_identify(rplidar_sdk/sdk/src/arch) by extensions ['cmake', 'python']
[1.051s] Level 1:colcon.colcon_core.package_identification:_identify(rplidar_sdk/sdk/src/arch) by extension 'cmake'
[1.051s] Level 1:colcon.colcon_core.package_identification:_identify(rplidar_sdk/sdk/src/arch) by extension 'python'
[1.051s] Level 1:colcon.colcon_core.package_identification:_identify(rplidar_sdk/sdk/src/arch) by extensions ['python_setup_py']
[1.051s] Level 1:colcon.colcon_core.package_identification:_identify(rplidar_sdk/sdk/src/arch) by extension 'python_setup_py'
[1.051s] Level 1:colcon.colcon_core.package_identification:_identify(rplidar_sdk/sdk/src/arch/linux) by extensions ['ignore', 'ignore_ament_install']
[1.052s] Level 1:colcon.colcon_core.package_identification:_identify(rplidar_sdk/sdk/src/arch/linux) by extension 'ignore'
[1.052s] Level 1:colcon.colcon_core.package_identification:_identify(rplidar_sdk/sdk/src/arch/linux) by extension 'ignore_ament_install'
[1.052s] Level 1:colcon.colcon_core.package_identification:_identify(rplidar_sdk/sdk/src/arch/linux) by extensions ['colcon_pkg']
[1.052s] Level 1:colcon.colcon_core.package_identification:_identify(rplidar_sdk/sdk/src/arch/linux) by extension 'colcon_pkg'
[1.052s] Level 1:colcon.colcon_core.package_identification:_identify(rplidar_sdk/sdk/src/arch/linux) by extensions ['colcon_meta']
[1.052s] Level 1:colcon.colcon_core.package_identification:_identify(rplidar_sdk/sdk/src/arch/linux) by extension 'colcon_meta'
[1.052s] Level 1:colcon.colcon_core.package_identification:_identify(rplidar_sdk/sdk/src/arch/linux) by extensions ['ros']
[1.052s] Level 1:colcon.colcon_core.package_identification:_identify(rplidar_sdk/sdk/src/arch/linux) by extension 'ros'
[1.052s] Level 1:colcon.colcon_core.package_identification:_identify(rplidar_sdk/sdk/src/arch/linux) by extensions ['cmake', 'python']
[1.052s] Level 1:colcon.colcon_core.package_identification:_identify(rplidar_sdk/sdk/src/arch/linux) by extension 'cmake'
[1.052s] Level 1:colcon.colcon_core.package_identification:_identify(rplidar_sdk/sdk/src/arch/linux) by extension 'python'
[1.052s] Level 1:colcon.colcon_core.package_identification:_identify(rplidar_sdk/sdk/src/arch/linux) by extensions ['python_setup_py']
[1.052s] Level 1:colcon.colcon_core.package_identification:_identify(rplidar_sdk/sdk/src/arch/linux) by extension 'python_setup_py'
[1.052s] Level 1:colcon.colcon_core.package_identification:_identify(rplidar_sdk/sdk/src/arch/macOS) by extensions ['ignore', 'ignore_ament_install']
[1.052s] Level 1:colcon.colcon_core.package_identification:_identify(rplidar_sdk/sdk/src/arch/macOS) by extension 'ignore'
[1.052s] Level 1:colcon.colcon_core.package_identification:_identify(rplidar_sdk/sdk/src/arch/macOS) by extension 'ignore_ament_install'
[1.052s] Level 1:colcon.colcon_core.package_identification:_identify(rplidar_sdk/sdk/src/arch/macOS) by extensions ['colcon_pkg']
[1.052s] Level 1:colcon.colcon_core.package_identification:_identify(rplidar_sdk/sdk/src/arch/macOS) by extension 'colcon_pkg'
[1.053s] Level 1:colcon.colcon_core.package_identification:_identify(rplidar_sdk/sdk/src/arch/macOS) by extensions ['colcon_meta']
[1.053s] Level 1:colcon.colcon_core.package_identification:_identify(rplidar_sdk/sdk/src/arch/macOS) by extension 'colcon_meta'
[1.053s] Level 1:colcon.colcon_core.package_identification:_identify(rplidar_sdk/sdk/src/arch/macOS) by extensions ['ros']
[1.053s] Level 1:colcon.colcon_core.package_identification:_identify(rplidar_sdk/sdk/src/arch/macOS) by extension 'ros'
[1.053s] Level 1:colcon.colcon_core.package_identification:_identify(rplidar_sdk/sdk/src/arch/macOS) by extensions ['cmake', 'python']
[1.053s] Level 1:colcon.colcon_core.package_identification:_identify(rplidar_sdk/sdk/src/arch/macOS) by extension 'cmake'
[1.053s] Level 1:colcon.colcon_core.package_identification:_identify(rplidar_sdk/sdk/src/arch/macOS) by extension 'python'
[1.053s] Level 1:colcon.colcon_core.package_identification:_identify(rplidar_sdk/sdk/src/arch/macOS) by extensions ['python_setup_py']
[1.053s] Level 1:colcon.colcon_core.package_identification:_identify(rplidar_sdk/sdk/src/arch/macOS) by extension 'python_setup_py'
[1.053s] Level 1:colcon.colcon_core.package_identification:_identify(rplidar_sdk/sdk/src/arch/win32) by extensions ['ignore', 'ignore_ament_install']
[1.053s] Level 1:colcon.colcon_core.package_identification:_identify(rplidar_sdk/sdk/src/arch/win32) by extension 'ignore'
[1.053s] Level 1:colcon.colcon_core.package_identification:_identify(rplidar_sdk/sdk/src/arch/win32) by extension 'ignore_ament_install'
[1.053s] Level 1:colcon.colcon_core.package_identification:_identify(rplidar_sdk/sdk/src/arch/win32) by extensions ['colcon_pkg']
[1.053s] Level 1:colcon.colcon_core.package_identification:_identify(rplidar_sdk/sdk/src/arch/win32) by extension 'colcon_pkg'
[1.053s] Level 1:colcon.colcon_core.package_identification:_identify(rplidar_sdk/sdk/src/arch/win32) by extensions ['colcon_meta']
[1.053s] Level 1:colcon.colcon_core.package_identification:_identify(rplidar_sdk/sdk/src/arch/win32) by extension 'colcon_meta'
[1.054s] Level 1:colcon.colcon_core.package_identification:_identify(rplidar_sdk/sdk/src/arch/win32) by extensions ['ros']
[1.054s] Level 1:colcon.colcon_core.package_identification:_identify(rplidar_sdk/sdk/src/arch/win32) by extension 'ros'
[1.054s] Level 1:colcon.colcon_core.package_identification:_identify(rplidar_sdk/sdk/src/arch/win32) by extensions ['cmake', 'python']
[1.054s] Level 1:colcon.colcon_core.package_identification:_identify(rplidar_sdk/sdk/src/arch/win32) by extension 'cmake'
[1.054s] Level 1:colcon.colcon_core.package_identification:_identify(rplidar_sdk/sdk/src/arch/win32) by extension 'python'
[1.054s] Level 1:colcon.colcon_core.package_identification:_identify(rplidar_sdk/sdk/src/arch/win32) by extensions ['python_setup_py']
[1.054s] Level 1:colcon.colcon_core.package_identification:_identify(rplidar_sdk/sdk/src/arch/win32) by extension 'python_setup_py'
[1.055s] Level 1:colcon.colcon_core.package_identification:_identify(rplidar_sdk/sdk/src/dataunpacker) by extensions ['ignore', 'ignore_ament_install']
[1.055s] Level 1:colcon.colcon_core.package_identification:_identify(rplidar_sdk/sdk/src/dataunpacker) by extension 'ignore'
[1.057s] Level 1:colcon.colcon_core.package_identification:_identify(rplidar_sdk/sdk/src/dataunpacker) by extension 'ignore_ament_install'
[1.057s] Level 1:colcon.colcon_core.package_identification:_identify(rplidar_sdk/sdk/src/dataunpacker) by extensions ['colcon_pkg']
[1.057s] Level 1:colcon.colcon_core.package_identification:_identify(rplidar_sdk/sdk/src/dataunpacker) by extension 'colcon_pkg'
[1.058s] Level 1:colcon.colcon_core.package_identification:_identify(rplidar_sdk/sdk/src/dataunpacker) by extensions ['colcon_meta']
[1.058s] Level 1:colcon.colcon_core.package_identification:_identify(rplidar_sdk/sdk/src/dataunpacker) by extension 'colcon_meta'
[1.058s] Level 1:colcon.colcon_core.package_identification:_identify(rplidar_sdk/sdk/src/dataunpacker) by extensions ['ros']
[1.058s] Level 1:colcon.colcon_core.package_identification:_identify(rplidar_sdk/sdk/src/dataunpacker) by extension 'ros'
[1.058s] Level 1:colcon.colcon_core.package_identification:_identify(rplidar_sdk/sdk/src/dataunpacker) by extensions ['cmake', 'python']
[1.058s] Level 1:colcon.colcon_core.package_identification:_identify(rplidar_sdk/sdk/src/dataunpacker) by extension 'cmake'
[1.058s] Level 1:colcon.colcon_core.package_identification:_identify(rplidar_sdk/sdk/src/dataunpacker) by extension 'python'
[1.058s] Level 1:colcon.colcon_core.package_identification:_identify(rplidar_sdk/sdk/src/dataunpacker) by extensions ['python_setup_py']
[1.058s] Level 1:colcon.colcon_core.package_identification:_identify(rplidar_sdk/sdk/src/dataunpacker) by extension 'python_setup_py'
[1.059s] Level 1:colcon.colcon_core.package_identification:_identify(rplidar_sdk/sdk/src/dataunpacker/unpacker) by extensions ['ignore', 'ignore_ament_install']
[1.060s] Level 1:colcon.colcon_core.package_identification:_identify(rplidar_sdk/sdk/src/dataunpacker/unpacker) by extension 'ignore'
[1.060s] Level 1:colcon.colcon_core.package_identification:_identify(rplidar_sdk/sdk/src/dataunpacker/unpacker) by extension 'ignore_ament_install'
[1.060s] Level 1:colcon.colcon_core.package_identification:_identify(rplidar_sdk/sdk/src/dataunpacker/unpacker) by extensions ['colcon_pkg']
[1.060s] Level 1:colcon.colcon_core.package_identification:_identify(rplidar_sdk/sdk/src/dataunpacker/unpacker) by extension 'colcon_pkg'
[1.060s] Level 1:colcon.colcon_core.package_identification:_identify(rplidar_sdk/sdk/src/dataunpacker/unpacker) by extensions ['colcon_meta']
[1.060s] Level 1:colcon.colcon_core.package_identification:_identify(rplidar_sdk/sdk/src/dataunpacker/unpacker) by extension 'colcon_meta'
[1.060s] Level 1:colcon.colcon_core.package_identification:_identify(rplidar_sdk/sdk/src/dataunpacker/unpacker) by extensions ['ros']
[1.060s] Level 1:colcon.colcon_core.package_identification:_identify(rplidar_sdk/sdk/src/dataunpacker/unpacker) by extension 'ros'
[1.060s] Level 1:colcon.colcon_core.package_identification:_identify(rplidar_sdk/sdk/src/dataunpacker/unpacker) by extensions ['cmake', 'python']
[1.060s] Level 1:colcon.colcon_core.package_identification:_identify(rplidar_sdk/sdk/src/dataunpacker/unpacker) by extension 'cmake'
[1.060s] Level 1:colcon.colcon_core.package_identification:_identify(rplidar_sdk/sdk/src/dataunpacker/unpacker) by extension 'python'
[1.060s] Level 1:colcon.colcon_core.package_identification:_identify(rplidar_sdk/sdk/src/dataunpacker/unpacker) by extensions ['python_setup_py']
[1.060s] Level 1:colcon.colcon_core.package_identification:_identify(rplidar_sdk/sdk/src/dataunpacker/unpacker) by extension 'python_setup_py'
[1.061s] Level 1:colcon.colcon_core.package_identification:_identify(rplidar_sdk/sdk/src/hal) by extensions ['ignore', 'ignore_ament_install']
[1.061s] Level 1:colcon.colcon_core.package_identification:_identify(rplidar_sdk/sdk/src/hal) by extension 'ignore'
[1.061s] Level 1:colcon.colcon_core.package_identification:_identify(rplidar_sdk/sdk/src/hal) by extension 'ignore_ament_install'
[1.061s] Level 1:colcon.colcon_core.package_identification:_identify(rplidar_sdk/sdk/src/hal) by extensions ['colcon_pkg']
[1.062s] Level 1:colcon.colcon_core.package_identification:_identify(rplidar_sdk/sdk/src/hal) by extension 'colcon_pkg'
[1.062s] Level 1:colcon.colcon_core.package_identification:_identify(rplidar_sdk/sdk/src/hal) by extensions ['colcon_meta']
[1.062s] Level 1:colcon.colcon_core.package_identification:_identify(rplidar_sdk/sdk/src/hal) by extension 'colcon_meta'
[1.062s] Level 1:colcon.colcon_core.package_identification:_identify(rplidar_sdk/sdk/src/hal) by extensions ['ros']
[1.062s] Level 1:colcon.colcon_core.package_identification:_identify(rplidar_sdk/sdk/src/hal) by extension 'ros'
[1.062s] Level 1:colcon.colcon_core.package_identification:_identify(rplidar_sdk/sdk/src/hal) by extensions ['cmake', 'python']
[1.062s] Level 1:colcon.colcon_core.package_identification:_identify(rplidar_sdk/sdk/src/hal) by extension 'cmake'
[1.062s] Level 1:colcon.colcon_core.package_identification:_identify(rplidar_sdk/sdk/src/hal) by extension 'python'
[1.062s] Level 1:colcon.colcon_core.package_identification:_identify(rplidar_sdk/sdk/src/hal) by extensions ['python_setup_py']
[1.062s] Level 1:colcon.colcon_core.package_identification:_identify(rplidar_sdk/sdk/src/hal) by extension 'python_setup_py'
[1.062s] Level 1:colcon.colcon_core.package_identification:_identify(rplidar_sdk/tools) by extensions ['ignore', 'ignore_ament_install']
[1.062s] Level 1:colcon.colcon_core.package_identification:_identify(rplidar_sdk/tools) by extension 'ignore'
[1.062s] Level 1:colcon.colcon_core.package_identification:_identify(rplidar_sdk/tools) by extension 'ignore_ament_install'
[1.063s] Level 1:colcon.colcon_core.package_identification:_identify(rplidar_sdk/tools) by extensions ['colcon_pkg']
[1.063s] Level 1:colcon.colcon_core.package_identification:_identify(rplidar_sdk/tools) by extension 'colcon_pkg'
[1.063s] Level 1:colcon.colcon_core.package_identification:_identify(rplidar_sdk/tools) by extensions ['colcon_meta']
[1.063s] Level 1:colcon.colcon_core.package_identification:_identify(rplidar_sdk/tools) by extension 'colcon_meta'
[1.063s] Level 1:colcon.colcon_core.package_identification:_identify(rplidar_sdk/tools) by extensions ['ros']
[1.063s] Level 1:colcon.colcon_core.package_identification:_identify(rplidar_sdk/tools) by extension 'ros'
[1.063s] Level 1:colcon.colcon_core.package_identification:_identify(rplidar_sdk/tools) by extensions ['cmake', 'python']
[1.063s] Level 1:colcon.colcon_core.package_identification:_identify(rplidar_sdk/tools) by extension 'cmake'
[1.063s] Level 1:colcon.colcon_core.package_identification:_identify(rplidar_sdk/tools) by extension 'python'
[1.063s] Level 1:colcon.colcon_core.package_identification:_identify(rplidar_sdk/tools) by extensions ['python_setup_py']
[1.063s] Level 1:colcon.colcon_core.package_identification:_identify(rplidar_sdk/tools) by extension 'python_setup_py'
[1.063s] Level 1:colcon.colcon_core.package_identification:_identify(rplidar_sdk/tools/cp2102_driver) by extensions ['ignore', 'ignore_ament_install']
[1.063s] Level 1:colcon.colcon_core.package_identification:_identify(rplidar_sdk/tools/cp2102_driver) by extension 'ignore'
[1.063s] Level 1:colcon.colcon_core.package_identification:_identify(rplidar_sdk/tools/cp2102_driver) by extension 'ignore_ament_install'
[1.063s] Level 1:colcon.colcon_core.package_identification:_identify(rplidar_sdk/tools/cp2102_driver) by extensions ['colcon_pkg']
[1.063s] Level 1:colcon.colcon_core.package_identification:_identify(rplidar_sdk/tools/cp2102_driver) by extension 'colcon_pkg'
[1.063s] Level 1:colcon.colcon_core.package_identification:_identify(rplidar_sdk/tools/cp2102_driver) by extensions ['colcon_meta']
[1.063s] Level 1:colcon.colcon_core.package_identification:_identify(rplidar_sdk/tools/cp2102_driver) by extension 'colcon_meta'
[1.063s] Level 1:colcon.colcon_core.package_identification:_identify(rplidar_sdk/tools/cp2102_driver) by extensions ['ros']
[1.063s] Level 1:colcon.colcon_core.package_identification:_identify(rplidar_sdk/tools/cp2102_driver) by extension 'ros'
[1.064s] Level 1:colcon.colcon_core.package_identification:_identify(rplidar_sdk/tools/cp2102_driver) by extensions ['cmake', 'python']
[1.064s] Level 1:colcon.colcon_core.package_identification:_identify(rplidar_sdk/tools/cp2102_driver) by extension 'cmake'
[1.064s] Level 1:colcon.colcon_core.package_identification:_identify(rplidar_sdk/tools/cp2102_driver) by extension 'python'
[1.064s] Level 1:colcon.colcon_core.package_identification:_identify(rplidar_sdk/tools/cp2102_driver) by extensions ['python_setup_py']
[1.064s] Level 1:colcon.colcon_core.package_identification:_identify(rplidar_sdk/tools/cp2102_driver) by extension 'python_setup_py'
[1.064s] Level 1:colcon.colcon_core.package_identification:_identify(sllidar_ros2) by extensions ['ignore', 'ignore_ament_install']
[1.064s] Level 1:colcon.colcon_core.package_identification:_identify(sllidar_ros2) by extension 'ignore'
[1.064s] Level 1:colcon.colcon_core.package_identification:_identify(sllidar_ros2) by extension 'ignore_ament_install'
[1.064s] Level 1:colcon.colcon_core.package_identification:_identify(sllidar_ros2) by extensions ['colcon_pkg']
[1.064s] Level 1:colcon.colcon_core.package_identification:_identify(sllidar_ros2) by extension 'colcon_pkg'
[1.064s] Level 1:colcon.colcon_core.package_identification:_identify(sllidar_ros2) by extensions ['colcon_meta']
[1.064s] Level 1:colcon.colcon_core.package_identification:_identify(sllidar_ros2) by extension 'colcon_meta'
[1.064s] Level 1:colcon.colcon_core.package_identification:_identify(sllidar_ros2) by extensions ['ros']
[1.064s] Level 1:colcon.colcon_core.package_identification:_identify(sllidar_ros2) by extension 'ros'
[1.064s] Level 1:colcon.colcon_core.package_identification:_identify(sllidar_ros2) by extensions ['cmake', 'python']
[1.064s] Level 1:colcon.colcon_core.package_identification:_identify(sllidar_ros2) by extension 'cmake'
[1.064s] Level 1:colcon.colcon_core.package_identification:_identify(sllidar_ros2) by extension 'python'
[1.064s] Level 1:colcon.colcon_core.package_identification:_identify(sllidar_ros2) by extensions ['python_setup_py']
[1.064s] Level 1:colcon.colcon_core.package_identification:_identify(sllidar_ros2) by extension 'python_setup_py'
[1.064s] Level 1:colcon.colcon_core.package_identification:_identify(v2x_ball_bot_bringup) by extensions ['ignore', 'ignore_ament_install']
[1.065s] Level 1:colcon.colcon_core.package_identification:_identify(v2x_ball_bot_bringup) by extension 'ignore'
[1.065s] Level 1:colcon.colcon_core.package_identification:_identify(v2x_ball_bot_bringup) by extension 'ignore_ament_install'
[1.065s] Level 1:colcon.colcon_core.package_identification:_identify(v2x_ball_bot_bringup) by extensions ['colcon_pkg']
[1.065s] Level 1:colcon.colcon_core.package_identification:_identify(v2x_ball_bot_bringup) by extension 'colcon_pkg'
[1.065s] Level 1:colcon.colcon_core.package_identification:_identify(v2x_ball_bot_bringup) by extensions ['colcon_meta']
[1.065s] Level 1:colcon.colcon_core.package_identification:_identify(v2x_ball_bot_bringup) by extension 'colcon_meta'
[1.065s] Level 1:colcon.colcon_core.package_identification:_identify(v2x_ball_bot_bringup) by extensions ['ros']
[1.065s] Level 1:colcon.colcon_core.package_identification:_identify(v2x_ball_bot_bringup) by extension 'ros'
[1.066s] DEBUG:colcon.colcon_core.package_identification:Package 'v2x_ball_bot_bringup' with type 'ros.ament_cmake' and name 'v2x_ball_bot_bringup'
[1.066s] Level 1:colcon.colcon_core.package_identification:_identify(v2x_ball_bot_control) by extensions ['ignore', 'ignore_ament_install']
[1.067s] Level 1:colcon.colcon_core.package_identification:_identify(v2x_ball_bot_control) by extension 'ignore'
[1.067s] Level 1:colcon.colcon_core.package_identification:_identify(v2x_ball_bot_control) by extension 'ignore_ament_install'
[1.067s] Level 1:colcon.colcon_core.package_identification:_identify(v2x_ball_bot_control) by extensions ['colcon_pkg']
[1.067s] Level 1:colcon.colcon_core.package_identification:_identify(v2x_ball_bot_control) by extension 'colcon_pkg'
[1.067s] Level 1:colcon.colcon_core.package_identification:_identify(v2x_ball_bot_control) by extensions ['colcon_meta']
[1.067s] Level 1:colcon.colcon_core.package_identification:_identify(v2x_ball_bot_control) by extension 'colcon_meta'
[1.067s] Level 1:colcon.colcon_core.package_identification:_identify(v2x_ball_bot_control) by extensions ['ros']
[1.067s] Level 1:colcon.colcon_core.package_identification:_identify(v2x_ball_bot_control) by extension 'ros'
[1.068s] DEBUG:colcon.colcon_core.package_identification:Package 'v2x_ball_bot_control' with type 'ros.ament_cmake' and name 'v2x_ball_bot_control'
[1.068s] Level 1:colcon.colcon_core.package_identification:_identify(v2x_ball_bot_description) by extensions ['ignore', 'ignore_ament_install']
[1.068s] Level 1:colcon.colcon_core.package_identification:_identify(v2x_ball_bot_description) by extension 'ignore'
[1.069s] Level 1:colcon.colcon_core.package_identification:_identify(v2x_ball_bot_description) by extension 'ignore_ament_install'
[1.069s] Level 1:colcon.colcon_core.package_identification:_identify(v2x_ball_bot_description) by extensions ['colcon_pkg']
[1.069s] Level 1:colcon.colcon_core.package_identification:_identify(v2x_ball_bot_description) by extension 'colcon_pkg'
[1.069s] Level 1:colcon.colcon_core.package_identification:_identify(v2x_ball_bot_description) by extensions ['colcon_meta']
[1.069s] Level 1:colcon.colcon_core.package_identification:_identify(v2x_ball_bot_description) by extension 'colcon_meta'
[1.069s] Level 1:colcon.colcon_core.package_identification:_identify(v2x_ball_bot_description) by extensions ['ros']
[1.069s] Level 1:colcon.colcon_core.package_identification:_identify(v2x_ball_bot_description) by extension 'ros'
[1.070s] DEBUG:colcon.colcon_core.package_identification:Package 'v2x_ball_bot_description' with type 'ros.ament_cmake' and name 'v2x_ball_bot_description'
[1.070s] Level 1:colcon.colcon_core.package_identification:_identify(v2x_ball_bot_msgs) by extensions ['ignore', 'ignore_ament_install']
[1.070s] Level 1:colcon.colcon_core.package_identification:_identify(v2x_ball_bot_msgs) by extension 'ignore'
[1.070s] Level 1:colcon.colcon_core.package_identification:_identify(v2x_ball_bot_msgs) by extension 'ignore_ament_install'
[1.070s] Level 1:colcon.colcon_core.package_identification:_identify(v2x_ball_bot_msgs) by extensions ['colcon_pkg']
[1.070s] Level 1:colcon.colcon_core.package_identification:_identify(v2x_ball_bot_msgs) by extension 'colcon_pkg'
[1.070s] Level 1:colcon.colcon_core.package_identification:_identify(v2x_ball_bot_msgs) by extensions ['colcon_meta']
[1.070s] Level 1:colcon.colcon_core.package_identification:_identify(v2x_ball_bot_msgs) by extension 'colcon_meta'
[1.070s] Level 1:colcon.colcon_core.package_identification:_identify(v2x_ball_bot_msgs) by extensions ['ros']
[1.070s] Level 1:colcon.colcon_core.package_identification:_identify(v2x_ball_bot_msgs) by extension 'ros'
[1.072s] DEBUG:colcon.colcon_core.package_identification:Package 'v2x_ball_bot_msgs' with type 'ros.ament_cmake' and name 'v2x_ball_bot_msgs'
[1.072s] Level 1:colcon.colcon_core.package_identification:_identify(v2x_ball_bringup) by extensions ['ignore', 'ignore_ament_install']
[1.072s] Level 1:colcon.colcon_core.package_identification:_identify(v2x_ball_bringup) by extension 'ignore'
[1.072s] Level 1:colcon.colcon_core.package_identification:_identify(v2x_ball_bringup) by extension 'ignore_ament_install'
[1.072s] Level 1:colcon.colcon_core.package_identification:_identify(v2x_ball_bringup) by extensions ['colcon_pkg']
[1.072s] Level 1:colcon.colcon_core.package_identification:_identify(v2x_ball_bringup) by extension 'colcon_pkg'
[1.072s] Level 1:colcon.colcon_core.package_identification:_identify(v2x_ball_bringup) by extensions ['colcon_meta']
[1.072s] Level 1:colcon.colcon_core.package_identification:_identify(v2x_ball_bringup) by extension 'colcon_meta'
[1.072s] Level 1:colcon.colcon_core.package_identification:_identify(v2x_ball_bringup) by extensions ['ros']
[1.072s] Level 1:colcon.colcon_core.package_identification:_identify(v2x_ball_bringup) by extension 'ros'
[1.073s] Level 1:colcon.colcon_core.package_identification:_identify(v2x_ball_bringup) by extensions ['cmake', 'python']
[1.073s] Level 1:colcon.colcon_core.package_identification:_identify(v2x_ball_bringup) by extension 'cmake'
[1.073s] Level 1:colcon.colcon_core.package_identification:_identify(v2x_ball_bringup) by extension 'python'
[1.073s] Level 1:colcon.colcon_core.package_identification:_identify(v2x_ball_bringup) by extensions ['python_setup_py']
[1.073s] Level 1:colcon.colcon_core.package_identification:_identify(v2x_ball_bringup) by extension 'python_setup_py'
[1.073s] Level 1:colcon.colcon_core.package_identification:_identify(v2x_ball_bringup/launch) by extensions ['ignore', 'ignore_ament_install']
[1.073s] Level 1:colcon.colcon_core.package_identification:_identify(v2x_ball_bringup/launch) by extension 'ignore'
[1.073s] Level 1:colcon.colcon_core.package_identification:_identify(v2x_ball_bringup/launch) by extension 'ignore_ament_install'
[1.073s] Level 1:colcon.colcon_core.package_identification:_identify(v2x_ball_bringup/launch) by extensions ['colcon_pkg']
[1.073s] Level 1:colcon.colcon_core.package_identification:_identify(v2x_ball_bringup/launch) by extension 'colcon_pkg'
[1.073s] Level 1:colcon.colcon_core.package_identification:_identify(v2x_ball_bringup/launch) by extensions ['colcon_meta']
[1.073s] Level 1:colcon.colcon_core.package_identification:_identify(v2x_ball_bringup/launch) by extension 'colcon_meta'
[1.073s] Level 1:colcon.colcon_core.package_identification:_identify(v2x_ball_bringup/launch) by extensions ['ros']
[1.073s] Level 1:colcon.colcon_core.package_identification:_identify(v2x_ball_bringup/launch) by extension 'ros'
[1.073s] Level 1:colcon.colcon_core.package_identification:_identify(v2x_ball_bringup/launch) by extensions ['cmake', 'python']
[1.073s] Level 1:colcon.colcon_core.package_identification:_identify(v2x_ball_bringup/launch) by extension 'cmake'
[1.073s] Level 1:colcon.colcon_core.package_identification:_identify(v2x_ball_bringup/launch) by extension 'python'
[1.073s] Level 1:colcon.colcon_core.package_identification:_identify(v2x_ball_bringup/launch) by extensions ['python_setup_py']
[1.073s] Level 1:colcon.colcon_core.package_identification:_identify(v2x_ball_bringup/launch) by extension 'python_setup_py'
[1.074s] Level 1:colcon.colcon_core.package_discovery:discover_packages(recursive) using defaults
[1.074s] Level 1:colcon.colcon_core.package_discovery:discover_packages(ignore) discover
[1.074s] Level 1:colcon.colcon_core.package_discovery:discover_packages(ignore) using defaults
[1.074s] Level 1:colcon.colcon_core.package_discovery:discover_packages(path) discover
[1.074s] Level 1:colcon.colcon_core.package_discovery:discover_packages(path) using defaults
[1.111s] INFO:colcon.colcon_core.package_selection:Skipping package 'orbbec_camera' in 'OrbbecSDK_ROS2/orbbec_camera'
[1.112s] INFO:colcon.colcon_core.package_selection:Skipping package 'v2x_ball_bot_description' in 'v2x_ball_bot_description'
[1.112s] INFO:colcon.colcon_core.package_selection:Skipping package 'v2x_ball_bot_bringup' in 'v2x_ball_bot_bringup'
[1.112s] INFO:colcon.colcon_core.package_selection:Skipping package 'orbbec_description' in 'OrbbecSDK_ROS2/orbbec_description'
[1.112s] INFO:colcon.colcon_core.package_selection:Skipping package 'orbbec_camera_msgs' in 'OrbbecSDK_ROS2/orbbec_camera_msgs'
[1.113s] Level 1:colcon.colcon_core.package_discovery:discover_packages(prefix_path) check parameters
[1.113s] Level 1:colcon.colcon_core.package_discovery:discover_packages(prefix_path) discover
[1.123s] DEBUG:colcon.colcon_installed_package_information.package_discovery:Found 3 installed packages in /home/yuha/V2X-ball-bot/install
[1.125s] DEBUG:colcon.colcon_installed_package_information.package_discovery:Found 318 installed packages in /opt/ros/humble
[1.127s] Level 1:colcon.colcon_core.package_discovery:discover_packages(prefix_path) using defaults
[1.180s] Level 5:colcon.colcon_core.verb:set package 'v2x_ball_bot_msgs' build argument 'cmake_args' from command line to 'None'
[1.180s] Level 5:colcon.colcon_core.verb:set package 'v2x_ball_bot_msgs' build argument 'cmake_target' from command line to 'None'
[1.180s] Level 5:colcon.colcon_core.verb:set package 'v2x_ball_bot_msgs' build argument 'cmake_target_skip_unavailable' from command line to 'False'
[1.180s] Level 5:colcon.colcon_core.verb:set package 'v2x_ball_bot_msgs' build argument 'cmake_clean_cache' from command line to 'False'
[1.180s] Level 5:colcon.colcon_core.verb:set package 'v2x_ball_bot_msgs' build argument 'cmake_clean_first' from command line to 'False'
[1.180s] Level 5:colcon.colcon_core.verb:set package 'v2x_ball_bot_msgs' build argument 'cmake_force_configure' from command line to 'False'
[1.180s] Level 5:colcon.colcon_core.verb:set package 'v2x_ball_bot_msgs' build argument 'ament_cmake_args' from command line to 'None'
[1.180s] Level 5:colcon.colcon_core.verb:set package 'v2x_ball_bot_msgs' build argument 'catkin_cmake_args' from command line to 'None'
[1.180s] Level 5:colcon.colcon_core.verb:set package 'v2x_ball_bot_msgs' build argument 'catkin_skip_building_tests' from command line to 'False'
[1.180s] DEBUG:colcon.colcon_core.verb:Building package 'v2x_ball_bot_msgs' with the following arguments: {'ament_cmake_args': None, 'build_base': '/home/yuha/V2X-ball-bot/build/v2x_ball_bot_msgs', 'catkin_cmake_args': None, 'catkin_skip_building_tests': False, 'cmake_args': None, 'cmake_clean_cache': False, 'cmake_clean_first': False, 'cmake_force_configure': False, 'cmake_target': None, 'cmake_target_skip_unavailable': False, 'install_base': '/home/yuha/V2X-ball-bot/install/v2x_ball_bot_msgs', 'merge_install': False, 'path': '/home/yuha/V2X-ball-bot/v2x_ball_bot_msgs', 'symlink_install': True, 'test_result_base': None}
[1.181s] Level 5:colcon.colcon_core.verb:set package 'v2x_ball_bot_control' build argument 'cmake_args' from command line to 'None'
[1.181s] Level 5:colcon.colcon_core.verb:set package 'v2x_ball_bot_control' build argument 'cmake_target' from command line to 'None'
[1.181s] Level 5:colcon.colcon_core.verb:set package 'v2x_ball_bot_control' build argument 'cmake_target_skip_unavailable' from command line to 'False'
[1.181s] Level 5:colcon.colcon_core.verb:set package 'v2x_ball_bot_control' build argument 'cmake_clean_cache' from command line to 'False'
[1.181s] Level 5:colcon.colcon_core.verb:set package 'v2x_ball_bot_control' build argument 'cmake_clean_first' from command line to 'False'
[1.181s] Level 5:colcon.colcon_core.verb:set package 'v2x_ball_bot_control' build argument 'cmake_force_configure' from command line to 'False'
[1.181s] Level 5:colcon.colcon_core.verb:set package 'v2x_ball_bot_control' build argument 'ament_cmake_args' from command line to 'None'
[1.182s] Level 5:colcon.colcon_core.verb:set package 'v2x_ball_bot_control' build argument 'catkin_cmake_args' from command line to 'None'
[1.182s] Level 5:colcon.colcon_core.verb:set package 'v2x_ball_bot_control' build argument 'catkin_skip_building_tests' from command line to 'False'
[1.182s] DEBUG:colcon.colcon_core.verb:Building package 'v2x_ball_bot_control' with the following arguments: {'ament_cmake_args': None, 'build_base': '/home/yuha/V2X-ball-bot/build/v2x_ball_bot_control', 'catkin_cmake_args': None, 'catkin_skip_building_tests': False, 'cmake_args': None, 'cmake_clean_cache': False, 'cmake_clean_first': False, 'cmake_force_configure': False, 'cmake_target': None, 'cmake_target_skip_unavailable': False, 'install_base': '/home/yuha/V2X-ball-bot/install/v2x_ball_bot_control', 'merge_install': False, 'path': '/home/yuha/V2X-ball-bot/v2x_ball_bot_control', 'symlink_install': True, 'test_result_base': None}
[1.182s] INFO:colcon.colcon_core.executor:Executing jobs using 'parallel' executor
[1.185s] DEBUG:colcon.colcon_parallel_executor.executor.parallel:run_until_complete
[1.186s] INFO:colcon.colcon_ros.task.ament_cmake.build:Building ROS package in '/home/yuha/V2X-ball-bot/v2x_ball_bot_msgs' with build type 'ament_cmake'
[1.186s] INFO:colcon.colcon_cmake.task.cmake.build:Building CMake package in '/home/yuha/V2X-ball-bot/v2x_ball_bot_msgs'
[1.199s] INFO:colcon.colcon_core.plugin_system:Skipping extension 'colcon_core.shell.bat': Not used on non-Windows systems
[1.199s] INFO:colcon.colcon_core.shell:Skip shell extension 'powershell' for command environment: Not usable outside of PowerShell
[1.199s] DEBUG:colcon.colcon_core.shell:Skip shell extension 'dsv' for command environment
[1.222s] DEBUG:colcon.colcon_core.event_handler.log_command:Invoking command in '/home/yuha/V2X-ball-bot/build/v2x_ball_bot_msgs': CMAKE_PREFIX_PATH=${CMAKE_PREFIX_PATH}:/opt/ros/humble /usr/bin/cmake --build /home/yuha/V2X-ball-bot/build/v2x_ball_bot_msgs -- -j22 -l22
[1.792s] DEBUG:colcon.colcon_core.event_handler.log_command:Invoked command in '/home/yuha/V2X-ball-bot/build/v2x_ball_bot_msgs' returned '0': CMAKE_PREFIX_PATH=${CMAKE_PREFIX_PATH}:/opt/ros/humble /usr/bin/cmake --build /home/yuha/V2X-ball-bot/build/v2x_ball_bot_msgs -- -j22 -l22
[1.809s] DEBUG:colcon.colcon_core.event_handler.log_command:Invoking command in '/home/yuha/V2X-ball-bot/build/v2x_ball_bot_msgs': CMAKE_PREFIX_PATH=${CMAKE_PREFIX_PATH}:/opt/ros/humble /usr/bin/cmake --install /home/yuha/V2X-ball-bot/build/v2x_ball_bot_msgs
[1.972s] Level 1:colcon.colcon_core.environment:create_environment_scripts_only(v2x_ball_bot_msgs)
[1.974s] DEBUG:colcon.colcon_core.event_handler.log_command:Invoked command in '/home/yuha/V2X-ball-bot/build/v2x_ball_bot_msgs' returned '0': CMAKE_PREFIX_PATH=${CMAKE_PREFIX_PATH}:/opt/ros/humble /usr/bin/cmake --install /home/yuha/V2X-ball-bot/build/v2x_ball_bot_msgs
[1.992s] Level 1:colcon.colcon_core.environment:checking '/home/yuha/V2X-ball-bot/install/v2x_ball_bot_msgs' for CMake module files
[1.993s] Level 1:colcon.colcon_core.environment:checking '/home/yuha/V2X-ball-bot/install/v2x_ball_bot_msgs' for CMake config files
[1.994s] Level 1:colcon.colcon_core.shell:create_environment_hook('v2x_ball_bot_msgs', 'cmake_prefix_path')
[1.995s] INFO:colcon.colcon_core.shell:Creating environment hook '/home/yuha/V2X-ball-bot/install/v2x_ball_bot_msgs/share/v2x_ball_bot_msgs/hook/cmake_prefix_path.ps1'
[1.998s] INFO:colcon.colcon_core.shell:Creating environment descriptor '/home/yuha/V2X-ball-bot/install/v2x_ball_bot_msgs/share/v2x_ball_bot_msgs/hook/cmake_prefix_path.dsv'
[2.000s] INFO:colcon.colcon_core.shell:Creating environment hook '/home/yuha/V2X-ball-bot/install/v2x_ball_bot_msgs/share/v2x_ball_bot_msgs/hook/cmake_prefix_path.sh'
[2.003s] Level 1:colcon.colcon_core.environment:checking '/home/yuha/V2X-ball-bot/install/v2x_ball_bot_msgs/lib'
[2.003s] Level 1:colcon.colcon_core.shell:create_environment_hook('v2x_ball_bot_msgs', 'ld_library_path_lib')
[2.004s] INFO:colcon.colcon_core.shell:Creating environment hook '/home/yuha/V2X-ball-bot/install/v2x_ball_bot_msgs/share/v2x_ball_bot_msgs/hook/ld_library_path_lib.ps1'
[2.005s] INFO:colcon.colcon_core.shell:Creating environment descriptor '/home/yuha/V2X-ball-bot/install/v2x_ball_bot_msgs/share/v2x_ball_bot_msgs/hook/ld_library_path_lib.dsv'
[2.006s] INFO:colcon.colcon_core.shell:Creating environment hook '/home/yuha/V2X-ball-bot/install/v2x_ball_bot_msgs/share/v2x_ball_bot_msgs/hook/ld_library_path_lib.sh'
[2.007s] Level 1:colcon.colcon_core.environment:checking '/home/yuha/V2X-ball-bot/install/v2x_ball_bot_msgs/bin'
[2.007s] Level 1:colcon.colcon_core.environment:checking '/home/yuha/V2X-ball-bot/install/v2x_ball_bot_msgs/lib/pkgconfig/v2x_ball_bot_msgs.pc'
[2.007s] Level 1:colcon.colcon_core.environment:checking '/home/yuha/V2X-ball-bot/install/v2x_ball_bot_msgs/lib/python3.10/site-packages'
[2.008s] Level 1:colcon.colcon_core.environment:checking '/home/yuha/V2X-ball-bot/install/v2x_ball_bot_msgs/bin'
[2.009s] INFO:colcon.colcon_core.shell:Creating package script '/home/yuha/V2X-ball-bot/install/v2x_ball_bot_msgs/share/v2x_ball_bot_msgs/package.ps1'
[2.012s] INFO:colcon.colcon_core.shell:Creating package descriptor '/home/yuha/V2X-ball-bot/install/v2x_ball_bot_msgs/share/v2x_ball_bot_msgs/package.dsv'
[2.017s] INFO:colcon.colcon_core.shell:Creating package script '/home/yuha/V2X-ball-bot/install/v2x_ball_bot_msgs/share/v2x_ball_bot_msgs/package.sh'
[2.020s] INFO:colcon.colcon_core.shell:Creating package script '/home/yuha/V2X-ball-bot/install/v2x_ball_bot_msgs/share/v2x_ball_bot_msgs/package.bash'
[2.022s] INFO:colcon.colcon_core.shell:Creating package script '/home/yuha/V2X-ball-bot/install/v2x_ball_bot_msgs/share/v2x_ball_bot_msgs/package.zsh'
[2.024s] Level 1:colcon.colcon_core.environment:create_file_with_runtime_dependencies(/home/yuha/V2X-ball-bot/install/v2x_ball_bot_msgs/share/colcon-core/packages/v2x_ball_bot_msgs)
[2.025s] Level 1:colcon.colcon_core.environment:create_environment_scripts_only(v2x_ball_bot_msgs)
[2.025s] Level 1:colcon.colcon_core.environment:checking '/home/yuha/V2X-ball-bot/install/v2x_ball_bot_msgs' for CMake module files
[2.027s] Level 1:colcon.colcon_core.environment:checking '/home/yuha/V2X-ball-bot/install/v2x_ball_bot_msgs' for CMake config files
[2.028s] Level 1:colcon.colcon_core.shell:create_environment_hook('v2x_ball_bot_msgs', 'cmake_prefix_path')
[2.029s] INFO:colcon.colcon_core.shell:Creating environment hook '/home/yuha/V2X-ball-bot/install/v2x_ball_bot_msgs/share/v2x_ball_bot_msgs/hook/cmake_prefix_path.ps1'
[2.030s] INFO:colcon.colcon_core.shell:Creating environment descriptor '/home/yuha/V2X-ball-bot/install/v2x_ball_bot_msgs/share/v2x_ball_bot_msgs/hook/cmake_prefix_path.dsv'
[2.030s] INFO:colcon.colcon_core.shell:Creating environment hook '/home/yuha/V2X-ball-bot/install/v2x_ball_bot_msgs/share/v2x_ball_bot_msgs/hook/cmake_prefix_path.sh'
[2.031s] Level 1:colcon.colcon_core.environment:checking '/home/yuha/V2X-ball-bot/install/v2x_ball_bot_msgs/lib'
[2.031s] Level 1:colcon.colcon_core.shell:create_environment_hook('v2x_ball_bot_msgs', 'ld_library_path_lib')
[2.031s] INFO:colcon.colcon_core.shell:Creating environment hook '/home/yuha/V2X-ball-bot/install/v2x_ball_bot_msgs/share/v2x_ball_bot_msgs/hook/ld_library_path_lib.ps1'
[2.032s] INFO:colcon.colcon_core.shell:Creating environment descriptor '/home/yuha/V2X-ball-bot/install/v2x_ball_bot_msgs/share/v2x_ball_bot_msgs/hook/ld_library_path_lib.dsv'
[2.032s] INFO:colcon.colcon_core.shell:Creating environment hook '/home/yuha/V2X-ball-bot/install/v2x_ball_bot_msgs/share/v2x_ball_bot_msgs/hook/ld_library_path_lib.sh'
[2.033s] Level 1:colcon.colcon_core.environment:checking '/home/yuha/V2X-ball-bot/install/v2x_ball_bot_msgs/bin'
[2.033s] Level 1:colcon.colcon_core.environment:checking '/home/yuha/V2X-ball-bot/install/v2x_ball_bot_msgs/lib/pkgconfig/v2x_ball_bot_msgs.pc'
[2.034s] Level 1:colcon.colcon_core.environment:checking '/home/yuha/V2X-ball-bot/install/v2x_ball_bot_msgs/lib/python3.10/site-packages'
[2.034s] Level 1:colcon.colcon_core.environment:checking '/home/yuha/V2X-ball-bot/install/v2x_ball_bot_msgs/bin'
[2.035s] INFO:colcon.colcon_core.shell:Creating package script '/home/yuha/V2X-ball-bot/install/v2x_ball_bot_msgs/share/v2x_ball_bot_msgs/package.ps1'
[2.036s] INFO:colcon.colcon_core.shell:Creating package descriptor '/home/yuha/V2X-ball-bot/install/v2x_ball_bot_msgs/share/v2x_ball_bot_msgs/package.dsv'
[2.037s] INFO:colcon.colcon_core.shell:Creating package script '/home/yuha/V2X-ball-bot/install/v2x_ball_bot_msgs/share/v2x_ball_bot_msgs/package.sh'
[2.037s] INFO:colcon.colcon_core.shell:Creating package script '/home/yuha/V2X-ball-bot/install/v2x_ball_bot_msgs/share/v2x_ball_bot_msgs/package.bash'
[2.038s] INFO:colcon.colcon_core.shell:Creating package script '/home/yuha/V2X-ball-bot/install/v2x_ball_bot_msgs/share/v2x_ball_bot_msgs/package.zsh'
[2.038s] Level 1:colcon.colcon_core.environment:create_file_with_runtime_dependencies(/home/yuha/V2X-ball-bot/install/v2x_ball_bot_msgs/share/colcon-core/packages/v2x_ball_bot_msgs)
[2.039s] INFO:colcon.colcon_ros.task.ament_cmake.build:Building ROS package in '/home/yuha/V2X-ball-bot/v2x_ball_bot_control' with build type 'ament_cmake'
[2.039s] INFO:colcon.colcon_cmake.task.cmake.build:Building CMake package in '/home/yuha/V2X-ball-bot/v2x_ball_bot_control'
[2.040s] INFO:colcon.colcon_core.shell:Skip shell extension 'powershell' for command environment: Not usable outside of PowerShell
[2.040s] DEBUG:colcon.colcon_core.shell:Skip shell extension 'dsv' for command environment
[2.185s] DEBUG:colcon.colcon_core.event_handler.log_command:Invoking command in '/home/yuha/V2X-ball-bot/build/v2x_ball_bot_control': CMAKE_PREFIX_PATH=/home/yuha/V2X-ball-bot/install/v2x_ball_bot_msgs:/home/yuha/V2X-ball-bot/install/v2x_ball_bot_control:/home/yuha/V2X-ball-bot/install/v2x_ball_bot_bringup:/opt/ros/humble /usr/bin/cmake --build /home/yuha/V2X-ball-bot/build/v2x_ball_bot_control -- -j22 -l22
[2.710s] DEBUG:colcon.colcon_core.event_handler.log_command:Invoked command in '/home/yuha/V2X-ball-bot/build/v2x_ball_bot_control' returned '0': CMAKE_PREFIX_PATH=/home/yuha/V2X-ball-bot/install/v2x_ball_bot_msgs:/home/yuha/V2X-ball-bot/install/v2x_ball_bot_control:/home/yuha/V2X-ball-bot/install/v2x_ball_bot_bringup:/opt/ros/humble /usr/bin/cmake --build /home/yuha/V2X-ball-bot/build/v2x_ball_bot_control -- -j22 -l22
[2.714s] DEBUG:colcon.colcon_core.event_handler.log_command:Invoking command in '/home/yuha/V2X-ball-bot/build/v2x_ball_bot_control': CMAKE_PREFIX_PATH=/home/yuha/V2X-ball-bot/install/v2x_ball_bot_msgs:/home/yuha/V2X-ball-bot/install/v2x_ball_bot_control:/home/yuha/V2X-ball-bot/install/v2x_ball_bot_bringup:/opt/ros/humble /usr/bin/cmake --install /home/yuha/V2X-ball-bot/build/v2x_ball_bot_control
[2.806s] Level 1:colcon.colcon_core.environment:create_environment_scripts_only(v2x_ball_bot_control)
[2.806s] Level 1:colcon.colcon_core.environment:checking '/home/yuha/V2X-ball-bot/install/v2x_ball_bot_control' for CMake module files
[2.807s] DEBUG:colcon.colcon_core.event_handler.log_command:Invoked command in '/home/yuha/V2X-ball-bot/build/v2x_ball_bot_control' returned '0': CMAKE_PREFIX_PATH=/home/yuha/V2X-ball-bot/install/v2x_ball_bot_msgs:/home/yuha/V2X-ball-bot/install/v2x_ball_bot_control:/home/yuha/V2X-ball-bot/install/v2x_ball_bot_bringup:/opt/ros/humble /usr/bin/cmake --install /home/yuha/V2X-ball-bot/build/v2x_ball_bot_control
[2.807s] Level 1:colcon.colcon_core.environment:checking '/home/yuha/V2X-ball-bot/install/v2x_ball_bot_control' for CMake config files
[2.808s] Level 1:colcon.colcon_core.shell:create_environment_hook('v2x_ball_bot_control', 'cmake_prefix_path')
[2.808s] INFO:colcon.colcon_core.shell:Creating environment hook '/home/yuha/V2X-ball-bot/install/v2x_ball_bot_control/share/v2x_ball_bot_control/hook/cmake_prefix_path.ps1'
[2.809s] INFO:colcon.colcon_core.shell:Creating environment descriptor '/home/yuha/V2X-ball-bot/install/v2x_ball_bot_control/share/v2x_ball_bot_control/hook/cmake_prefix_path.dsv'
[2.809s] INFO:colcon.colcon_core.shell:Creating environment hook '/home/yuha/V2X-ball-bot/install/v2x_ball_bot_control/share/v2x_ball_bot_control/hook/cmake_prefix_path.sh'
[2.810s] Level 1:colcon.colcon_core.environment:checking '/home/yuha/V2X-ball-bot/install/v2x_ball_bot_control/lib'
[2.810s] Level 1:colcon.colcon_core.environment:checking '/home/yuha/V2X-ball-bot/install/v2x_ball_bot_control/bin'
[2.810s] Level 1:colcon.colcon_core.environment:checking '/home/yuha/V2X-ball-bot/install/v2x_ball_bot_control/lib/pkgconfig/v2x_ball_bot_control.pc'
[2.811s] Level 1:colcon.colcon_core.environment:checking '/home/yuha/V2X-ball-bot/install/v2x_ball_bot_control/lib/python3.10/site-packages'
[2.811s] Level 1:colcon.colcon_core.environment:checking '/home/yuha/V2X-ball-bot/install/v2x_ball_bot_control/bin'
[2.811s] INFO:colcon.colcon_core.shell:Creating package script '/home/yuha/V2X-ball-bot/install/v2x_ball_bot_control/share/v2x_ball_bot_control/package.ps1'
[2.812s] INFO:colcon.colcon_core.shell:Creating package descriptor '/home/yuha/V2X-ball-bot/install/v2x_ball_bot_control/share/v2x_ball_bot_control/package.dsv'
[2.812s] INFO:colcon.colcon_core.shell:Creating package script '/home/yuha/V2X-ball-bot/install/v2x_ball_bot_control/share/v2x_ball_bot_control/package.sh'
[2.813s] INFO:colcon.colcon_core.shell:Creating package script '/home/yuha/V2X-ball-bot/install/v2x_ball_bot_control/share/v2x_ball_bot_control/package.bash'
[2.814s] INFO:colcon.colcon_core.shell:Creating package script '/home/yuha/V2X-ball-bot/install/v2x_ball_bot_control/share/v2x_ball_bot_control/package.zsh'
[2.818s] Level 1:colcon.colcon_core.environment:create_file_with_runtime_dependencies(/home/yuha/V2X-ball-bot/install/v2x_ball_bot_control/share/colcon-core/packages/v2x_ball_bot_control)
[2.819s] Level 1:colcon.colcon_core.environment:create_environment_scripts_only(v2x_ball_bot_control)
[2.820s] Level 1:colcon.colcon_core.environment:checking '/home/yuha/V2X-ball-bot/install/v2x_ball_bot_control' for CMake module files
[2.820s] Level 1:colcon.colcon_core.environment:checking '/home/yuha/V2X-ball-bot/install/v2x_ball_bot_control' for CMake config files
[2.821s] Level 1:colcon.colcon_core.shell:create_environment_hook('v2x_ball_bot_control', 'cmake_prefix_path')
[2.821s] INFO:colcon.colcon_core.shell:Creating environment hook '/home/yuha/V2X-ball-bot/install/v2x_ball_bot_control/share/v2x_ball_bot_control/hook/cmake_prefix_path.ps1'
[2.822s] INFO:colcon.colcon_core.shell:Creating environment descriptor '/home/yuha/V2X-ball-bot/install/v2x_ball_bot_control/share/v2x_ball_bot_control/hook/cmake_prefix_path.dsv'
[2.823s] INFO:colcon.colcon_core.shell:Creating environment hook '/home/yuha/V2X-ball-bot/install/v2x_ball_bot_control/share/v2x_ball_bot_control/hook/cmake_prefix_path.sh'
[2.823s] Level 1:colcon.colcon_core.environment:checking '/home/yuha/V2X-ball-bot/install/v2x_ball_bot_control/lib'
[2.823s] Level 1:colcon.colcon_core.environment:checking '/home/yuha/V2X-ball-bot/install/v2x_ball_bot_control/bin'
[2.824s] Level 1:colcon.colcon_core.environment:checking '/home/yuha/V2X-ball-bot/install/v2x_ball_bot_control/lib/pkgconfig/v2x_ball_bot_control.pc'
[2.824s] Level 1:colcon.colcon_core.environment:checking '/home/yuha/V2X-ball-bot/install/v2x_ball_bot_control/lib/python3.10/site-packages'
[2.824s] Level 1:colcon.colcon_core.environment:checking '/home/yuha/V2X-ball-bot/install/v2x_ball_bot_control/bin'
[2.824s] INFO:colcon.colcon_core.shell:Creating package script '/home/yuha/V2X-ball-bot/install/v2x_ball_bot_control/share/v2x_ball_bot_control/package.ps1'
[2.825s] INFO:colcon.colcon_core.shell:Creating package descriptor '/home/yuha/V2X-ball-bot/install/v2x_ball_bot_control/share/v2x_ball_bot_control/package.dsv'
[2.826s] INFO:colcon.colcon_core.shell:Creating package script '/home/yuha/V2X-ball-bot/install/v2x_ball_bot_control/share/v2x_ball_bot_control/package.sh'
[2.826s] INFO:colcon.colcon_core.shell:Creating package script '/home/yuha/V2X-ball-bot/install/v2x_ball_bot_control/share/v2x_ball_bot_control/package.bash'
[2.826s] INFO:colcon.colcon_core.shell:Creating package script '/home/yuha/V2X-ball-bot/install/v2x_ball_bot_control/share/v2x_ball_bot_control/package.zsh'
[2.827s] Level 1:colcon.colcon_core.environment:create_file_with_runtime_dependencies(/home/yuha/V2X-ball-bot/install/v2x_ball_bot_control/share/colcon-core/packages/v2x_ball_bot_control)
[2.827s] DEBUG:colcon.colcon_parallel_executor.executor.parallel:closing loop
[2.828s] DEBUG:colcon.colcon_parallel_executor.executor.parallel:loop closed
[2.828s] DEBUG:colcon.colcon_parallel_executor.executor.parallel:run_until_complete finished with '0'
[2.828s] DEBUG:colcon.colcon_core.event_reactor:joining thread
[2.898s] INFO:colcon.colcon_core.plugin_system:Skipping extension 'colcon_notification.desktop_notification.notify_send': Could not find 'notify-send'
[2.899s] INFO:colcon.colcon_core.plugin_system:Skipping extension 'colcon_notification.desktop_notification.terminal_notifier': Not used on non-Darwin systems
[2.899s] INFO:colcon.colcon_core.plugin_system:Skipping extension 'colcon_notification.desktop_notification.win32': Not used on non-Windows systems
[2.899s] INFO:colcon.colcon_notification.desktop_notification:Sending desktop notification using 'notify2'
[2.901s] DEBUG:colcon.colcon_notification.desktop_notification.notify2:Failed to initialize notify2: org.freedesktop.DBus.Error.ServiceUnknown: The name org.freedesktop.Notifications was not provided by any .service files
[2.901s] DEBUG:colcon.colcon_core.event_reactor:joined thread
[2.902s] INFO:colcon.colcon_core.shell:Creating prefix script '/home/yuha/V2X-ball-bot/install/local_setup.ps1'
[2.904s] INFO:colcon.colcon_core.shell:Creating prefix util module '/home/yuha/V2X-ball-bot/install/_local_setup_util_ps1.py'
[2.906s] INFO:colcon.colcon_core.shell:Creating prefix chain script '/home/yuha/V2X-ball-bot/install/setup.ps1'
[2.908s] INFO:colcon.colcon_core.shell:Creating prefix script '/home/yuha/V2X-ball-bot/install/local_setup.sh'
[2.909s] INFO:colcon.colcon_core.shell:Creating prefix util module '/home/yuha/V2X-ball-bot/install/_local_setup_util_sh.py'
[2.909s] INFO:colcon.colcon_core.shell:Creating prefix chain script '/home/yuha/V2X-ball-bot/install/setup.sh'
[2.912s] INFO:colcon.colcon_core.shell:Creating prefix script '/home/yuha/V2X-ball-bot/install/local_setup.bash'
[2.916s] INFO:colcon.colcon_core.shell:Creating prefix chain script '/home/yuha/V2X-ball-bot/install/setup.bash'
[2.918s] INFO:colcon.colcon_core.shell:Creating prefix script '/home/yuha/V2X-ball-bot/install/local_setup.zsh'
[2.919s] INFO:colcon.colcon_core.shell:Creating prefix chain script '/home/yuha/V2X-ball-bot/install/setup.zsh'
